%%%%%%%%%%%%%%%%%%%%%%%%%%%%%%%%%%%%%%%%%%%%%%%%%%%%%%%%%%%%%%%%%%%%%%%%%%%%%%%%%%%%%%%%%%%%%%%%%%%%%%%%%%%%%%%%%%%%%%%%%%

                                  John R. Barker
        Thermo-2014.1b            University of Michigan
                                  Ann Arbor, MI 48109-2143
        Jun 2014                  jrbarker@umich.edu
                                  (734) 763 6239

            http://aoss.engin.umich.edu/multiwell/

%%%%%%%%%%%%%%%%%%%%%%%%%%%%%%%%%%%%%%%%%%%%%%%%%%%%%%%%%%%%%%%%%%%%%%%%%%%%%%%%%%%%%%%%%%%%%%%%%%%%%%%%%%%%%%%%%%%%%%%%%%

  Suggested Literature Citations:

  a) MultiWell-2014.1 Software, Jun 2014, designed and
     maintained by J.R. Barker with contributors N.F. Ortiz,
     J.M. Preses, L.L. Lohr, A. Maranzana, P.J. Stimac, T. L.
     Nguyen, and T. J. Dhilip Kumar, University of Michigan,
     Ann Arbor, MI; http://aoss.engin.umich.edu/multiwell/

  b) J.R. Barker, Int. J. Chem. Kinetics, 33, 232-45 (2001).

%%%%%%%%%%%%%%%%%%%%%%%%%%%%%%%%%%%%%%%%%%%%%%%%%%%%%%%%%%%%%%%%%%%%%%%%%%%%%%%%%%%%%%%%%%%%%%%%%%%%%%%%%%%%%%%%%%%%%%%%%%


....................................................
          2015/04/25   01:47:17.486   (Local Time)
          year/mm/dd   hr:mi:second
                 CPU :        0.094 s (  0.000 hr)
....................................................


   QOOH_1h     Molecular Wt. = 159.249  ;  Empirical Formula:      H 19       C  9       O  2
          1. (blank comment line)                                                                                                                               
          2. (blank comment line)                                                                                                                               
          3. (blank comment line)                                                                                                                               
    Electronic Levels (degeneracies) 
                0.00 cm-1 ( 2)

    1  Vibrator  Freq(obs)=   32.53  Freq(har)=   32.53  Anh(cm-1)=    0.00  zpe(cm-1) =    16.3     g = 1
    2  Vibrator  Freq(obs)=   36.51  Freq(har)=   36.51  Anh(cm-1)=    0.00  zpe(cm-1) =    18.3     g = 1
    3  Vibrator  Freq(obs)=   68.72  Freq(har)=   68.72  Anh(cm-1)=    0.00  zpe(cm-1) =    34.4     g = 1
    4  Vibrator  Freq(obs)=   92.29  Freq(har)=   92.29  Anh(cm-1)=    0.00  zpe(cm-1) =    46.1     g = 1
    5  Vibrator  Freq(obs)=  104.61  Freq(har)=  104.61  Anh(cm-1)=    0.00  zpe(cm-1) =    52.3     g = 1
    6  Vibrator  Freq(obs)=  123.91  Freq(har)=  123.91  Anh(cm-1)=    0.00  zpe(cm-1) =    62.0     g = 1
    7  Vibrator  Freq(obs)=  142.77  Freq(har)=  142.77  Anh(cm-1)=    0.00  zpe(cm-1) =    71.4     g = 1
    8  Vibrator  Freq(obs)=  189.84  Freq(har)=  189.84  Anh(cm-1)=    0.00  zpe(cm-1) =    94.9     g = 1
    9  Vibrator  Freq(obs)=  198.44  Freq(har)=  198.44  Anh(cm-1)=    0.00  zpe(cm-1) =    99.2     g = 1
   10  Vibrator  Freq(obs)=  211.65  Freq(har)=  211.65  Anh(cm-1)=    0.00  zpe(cm-1) =   105.8     g = 1
   11  Vibrator  Freq(obs)=  221.38  Freq(har)=  221.38  Anh(cm-1)=    0.00  zpe(cm-1) =   110.7     g = 1
   12  Vibrator  Freq(obs)=  242.04  Freq(har)=  242.04  Anh(cm-1)=    0.00  zpe(cm-1) =   121.0     g = 1
   13  Vibrator  Freq(obs)=  245.76  Freq(har)=  245.76  Anh(cm-1)=    0.00  zpe(cm-1) =   122.9     g = 1
   14  Vibrator  Freq(obs)=  257.30  Freq(har)=  257.30  Anh(cm-1)=    0.00  zpe(cm-1) =   128.7     g = 1
   15  Vibrator  Freq(obs)=  340.67  Freq(har)=  340.67  Anh(cm-1)=    0.00  zpe(cm-1) =   170.3     g = 1
   16  Vibrator  Freq(obs)=  367.15  Freq(har)=  367.15  Anh(cm-1)=    0.00  zpe(cm-1) =   183.6     g = 1
   17  Vibrator  Freq(obs)=  399.31  Freq(har)=  399.31  Anh(cm-1)=    0.00  zpe(cm-1) =   199.7     g = 1
   18  Vibrator  Freq(obs)=  447.49  Freq(har)=  447.49  Anh(cm-1)=    0.00  zpe(cm-1) =   223.7     g = 1
   19  Vibrator  Freq(obs)=  454.95  Freq(har)=  454.95  Anh(cm-1)=    0.00  zpe(cm-1) =   227.5     g = 1
   20  Vibrator  Freq(obs)=  492.88  Freq(har)=  492.88  Anh(cm-1)=    0.00  zpe(cm-1) =   246.4     g = 1
   21  Vibrator  Freq(obs)=  554.81  Freq(har)=  554.81  Anh(cm-1)=    0.00  zpe(cm-1) =   277.4     g = 1
   22  Vibrator  Freq(obs)=  621.73  Freq(har)=  621.73  Anh(cm-1)=    0.00  zpe(cm-1) =   310.9     g = 1
   23  Vibrator  Freq(obs)=  747.14  Freq(har)=  747.14  Anh(cm-1)=    0.00  zpe(cm-1) =   373.6     g = 1
   24  Vibrator  Freq(obs)=  784.76  Freq(har)=  784.76  Anh(cm-1)=    0.00  zpe(cm-1) =   392.4     g = 1
   25  Vibrator  Freq(obs)=  831.99  Freq(har)=  831.99  Anh(cm-1)=    0.00  zpe(cm-1) =   416.0     g = 1
   26  Vibrator  Freq(obs)=  848.70  Freq(har)=  848.70  Anh(cm-1)=    0.00  zpe(cm-1) =   424.3     g = 1
   27  Vibrator  Freq(obs)=  865.75  Freq(har)=  865.75  Anh(cm-1)=    0.00  zpe(cm-1) =   432.9     g = 1
   28  Vibrator  Freq(obs)=  922.87  Freq(har)=  922.87  Anh(cm-1)=    0.00  zpe(cm-1) =   461.4     g = 1
   29  Vibrator  Freq(obs)=  937.58  Freq(har)=  937.58  Anh(cm-1)=    0.00  zpe(cm-1) =   468.8     g = 1
   30  Vibrator  Freq(obs)=  943.54  Freq(har)=  943.54  Anh(cm-1)=    0.00  zpe(cm-1) =   471.8     g = 1
   31  Vibrator  Freq(obs)=  960.56  Freq(har)=  960.56  Anh(cm-1)=    0.00  zpe(cm-1) =   480.3     g = 1
   32  Vibrator  Freq(obs)=  983.59  Freq(har)=  983.59  Anh(cm-1)=    0.00  zpe(cm-1) =   491.8     g = 1
   33  Vibrator  Freq(obs)= 1003.78  Freq(har)= 1003.78  Anh(cm-1)=    0.00  zpe(cm-1) =   501.9     g = 1
   34  Vibrator  Freq(obs)= 1011.57  Freq(har)= 1011.57  Anh(cm-1)=    0.00  zpe(cm-1) =   505.8     g = 1
   35  Vibrator  Freq(obs)= 1041.38  Freq(har)= 1041.38  Anh(cm-1)=    0.00  zpe(cm-1) =   520.7     g = 1
   36  Vibrator  Freq(obs)= 1058.91  Freq(har)= 1058.91  Anh(cm-1)=    0.00  zpe(cm-1) =   529.5     g = 1
   37  Vibrator  Freq(obs)= 1066.38  Freq(har)= 1066.38  Anh(cm-1)=    0.00  zpe(cm-1) =   533.2     g = 1
   38  Vibrator  Freq(obs)= 1125.43  Freq(har)= 1125.43  Anh(cm-1)=    0.00  zpe(cm-1) =   562.7     g = 1
   39  Vibrator  Freq(obs)= 1138.51  Freq(har)= 1138.51  Anh(cm-1)=    0.00  zpe(cm-1) =   569.3     g = 1
   40  Vibrator  Freq(obs)= 1160.50  Freq(har)= 1160.50  Anh(cm-1)=    0.00  zpe(cm-1) =   580.2     g = 1
   41  Vibrator  Freq(obs)= 1191.96  Freq(har)= 1191.96  Anh(cm-1)=    0.00  zpe(cm-1) =   596.0     g = 1
   42  Vibrator  Freq(obs)= 1219.48  Freq(har)= 1219.48  Anh(cm-1)=    0.00  zpe(cm-1) =   609.7     g = 1
   43  Vibrator  Freq(obs)= 1269.24  Freq(har)= 1269.24  Anh(cm-1)=    0.00  zpe(cm-1) =   634.6     g = 1
   44  Vibrator  Freq(obs)= 1289.24  Freq(har)= 1289.24  Anh(cm-1)=    0.00  zpe(cm-1) =   644.6     g = 1
   45  Vibrator  Freq(obs)= 1304.28  Freq(har)= 1304.28  Anh(cm-1)=    0.00  zpe(cm-1) =   652.1     g = 1
   46  Vibrator  Freq(obs)= 1313.49  Freq(har)= 1313.49  Anh(cm-1)=    0.00  zpe(cm-1) =   656.7     g = 1
   47  Vibrator  Freq(obs)= 1328.12  Freq(har)= 1328.12  Anh(cm-1)=    0.00  zpe(cm-1) =   664.1     g = 1
   48  Vibrator  Freq(obs)= 1343.52  Freq(har)= 1343.52  Anh(cm-1)=    0.00  zpe(cm-1) =   671.8     g = 1
   49  Vibrator  Freq(obs)= 1358.55  Freq(har)= 1358.55  Anh(cm-1)=    0.00  zpe(cm-1) =   679.3     g = 1
   50  Vibrator  Freq(obs)= 1367.40  Freq(har)= 1367.40  Anh(cm-1)=    0.00  zpe(cm-1) =   683.7     g = 1
   51  Vibrator  Freq(obs)= 1372.46  Freq(har)= 1372.46  Anh(cm-1)=    0.00  zpe(cm-1) =   686.2     g = 1
   52  Vibrator  Freq(obs)= 1381.83  Freq(har)= 1381.83  Anh(cm-1)=    0.00  zpe(cm-1) =   690.9     g = 1
   53  Vibrator  Freq(obs)= 1394.88  Freq(har)= 1394.88  Anh(cm-1)=    0.00  zpe(cm-1) =   697.4     g = 1
   54  Vibrator  Freq(obs)= 1397.14  Freq(har)= 1397.14  Anh(cm-1)=    0.00  zpe(cm-1) =   698.6     g = 1
   55  Vibrator  Freq(obs)= 1404.25  Freq(har)= 1404.25  Anh(cm-1)=    0.00  zpe(cm-1) =   702.1     g = 1
   56  Vibrator  Freq(obs)= 1418.75  Freq(har)= 1418.75  Anh(cm-1)=    0.00  zpe(cm-1) =   709.4     g = 1
   57  Vibrator  Freq(obs)= 1458.94  Freq(har)= 1458.94  Anh(cm-1)=    0.00  zpe(cm-1) =   729.5     g = 1
   58  Vibrator  Freq(obs)= 1465.30  Freq(har)= 1465.30  Anh(cm-1)=    0.00  zpe(cm-1) =   732.7     g = 1
   59  Vibrator  Freq(obs)= 1487.12  Freq(har)= 1487.12  Anh(cm-1)=    0.00  zpe(cm-1) =   743.6     g = 1
   60  Vibrator  Freq(obs)= 1487.94  Freq(har)= 1487.94  Anh(cm-1)=    0.00  zpe(cm-1) =   744.0     g = 1
   61  Vibrator  Freq(obs)= 1494.73  Freq(har)= 1494.73  Anh(cm-1)=    0.00  zpe(cm-1) =   747.4     g = 1
   62  Vibrator  Freq(obs)= 1499.22  Freq(har)= 1499.22  Anh(cm-1)=    0.00  zpe(cm-1) =   749.6     g = 1
   63  Vibrator  Freq(obs)= 1499.91  Freq(har)= 1499.91  Anh(cm-1)=    0.00  zpe(cm-1) =   750.0     g = 1
   64  Vibrator  Freq(obs)= 1505.54  Freq(har)= 1505.54  Anh(cm-1)=    0.00  zpe(cm-1) =   752.8     g = 1
   65  Vibrator  Freq(obs)= 1509.18  Freq(har)= 1509.18  Anh(cm-1)=    0.00  zpe(cm-1) =   754.6     g = 1
   66  Vibrator  Freq(obs)= 2975.24  Freq(har)= 2975.24  Anh(cm-1)=    0.00  zpe(cm-1) =  1487.6     g = 1
   67  Vibrator  Freq(obs)= 2975.71  Freq(har)= 2975.71  Anh(cm-1)=    0.00  zpe(cm-1) =  1487.9     g = 1
   68  Vibrator  Freq(obs)= 2990.90  Freq(har)= 2990.90  Anh(cm-1)=    0.00  zpe(cm-1) =  1495.5     g = 1
   69  Vibrator  Freq(obs)= 2999.32  Freq(har)= 2999.32  Anh(cm-1)=    0.00  zpe(cm-1) =  1499.7     g = 1
   70  Vibrator  Freq(obs)= 3006.92  Freq(har)= 3006.92  Anh(cm-1)=    0.00  zpe(cm-1) =  1503.5     g = 1
   71  Vibrator  Freq(obs)= 3016.09  Freq(har)= 3016.09  Anh(cm-1)=    0.00  zpe(cm-1) =  1508.0     g = 1
   72  Vibrator  Freq(obs)= 3022.87  Freq(har)= 3022.87  Anh(cm-1)=    0.00  zpe(cm-1) =  1511.4     g = 1
   73  Vibrator  Freq(obs)= 3027.76  Freq(har)= 3027.76  Anh(cm-1)=    0.00  zpe(cm-1) =  1513.9     g = 1
   74  Vibrator  Freq(obs)= 3030.35  Freq(har)= 3030.35  Anh(cm-1)=    0.00  zpe(cm-1) =  1515.2     g = 1
   75  Vibrator  Freq(obs)= 3057.71  Freq(har)= 3057.71  Anh(cm-1)=    0.00  zpe(cm-1) =  1528.9     g = 1
   76  Vibrator  Freq(obs)= 3068.90  Freq(har)= 3068.90  Anh(cm-1)=    0.00  zpe(cm-1) =  1534.5     g = 1
   77  Vibrator  Freq(obs)= 3074.92  Freq(har)= 3074.92  Anh(cm-1)=    0.00  zpe(cm-1) =  1537.5     g = 1
   78  Vibrator  Freq(obs)= 3080.71  Freq(har)= 3080.71  Anh(cm-1)=    0.00  zpe(cm-1) =  1540.4     g = 1
   79  Vibrator  Freq(obs)= 3083.94  Freq(har)= 3083.94  Anh(cm-1)=    0.00  zpe(cm-1) =  1542.0     g = 1
   80  Vibrator  Freq(obs)= 3091.45  Freq(har)= 3091.45  Anh(cm-1)=    0.00  zpe(cm-1) =  1545.7     g = 1
   81  Vibrator  Freq(obs)= 3100.98  Freq(har)= 3100.98  Anh(cm-1)=    0.00  zpe(cm-1) =  1550.5     g = 1
   82  Vibrator  Freq(obs)= 3122.96  Freq(har)= 3122.96  Anh(cm-1)=    0.00  zpe(cm-1) =  1561.5     g = 1
   83  Vibrator  Freq(obs)= 3224.42  Freq(har)= 3224.42  Anh(cm-1)=    0.00  zpe(cm-1) =  1612.2     g = 1
   84  Vibrator  Freq(obs)= 3772.02  Freq(har)= 3772.02  Anh(cm-1)=    0.00  zpe(cm-1) =  1886.0     g = 1
   85  Quan.Rot  AmuAng^2 =  272.84  Symm =  1.   dim = 1  B =  0.0618 cm-1
   86  Quan.Rot  AmuAng^2 = 1215.93  Symm =  1.   dim = 2  B =  0.0139 cm-1


   TS_1_1h     Molecular Wt. = 159.249  ;  Empirical Formula:      H 19       C  9       O  2
          1. (blank comment line)                                                                                                                               
          2. (blank comment line)                                                                                                                               
          3. (blank comment line)                                                                                                                               
    Electronic Levels (degeneracies) 
                0.00 cm-1 ( 2)

    TUNNELING PARAMETERS: Unsymmetrical Eckart Barrier
     Imaginary Freq.:   1699.38i cm-1
         V(forward) :   4109.94 cm-1
         V(reverse) :   9807.37 cm-1
    1  Vibrator  Freq(obs)=   58.44  Freq(har)=   58.44  Anh(cm-1)=    0.00  zpe(cm-1) =    29.2     g = 1
    2  Vibrator  Freq(obs)=   79.51  Freq(har)=   79.51  Anh(cm-1)=    0.00  zpe(cm-1) =    39.8     g = 1
    3  Vibrator  Freq(obs)=  113.25  Freq(har)=  113.25  Anh(cm-1)=    0.00  zpe(cm-1) =    56.6     g = 1
    4  Vibrator  Freq(obs)=  161.29  Freq(har)=  161.29  Anh(cm-1)=    0.00  zpe(cm-1) =    80.6     g = 1
    5  Vibrator  Freq(obs)=  173.59  Freq(har)=  173.59  Anh(cm-1)=    0.00  zpe(cm-1) =    86.8     g = 1
    6  Vibrator  Freq(obs)=  203.70  Freq(har)=  203.70  Anh(cm-1)=    0.00  zpe(cm-1) =   101.8     g = 1
    7  Vibrator  Freq(obs)=  228.70  Freq(har)=  228.70  Anh(cm-1)=    0.00  zpe(cm-1) =   114.4     g = 1
    8  Vibrator  Freq(obs)=  240.63  Freq(har)=  240.63  Anh(cm-1)=    0.00  zpe(cm-1) =   120.3     g = 1
    9  Vibrator  Freq(obs)=  244.29  Freq(har)=  244.29  Anh(cm-1)=    0.00  zpe(cm-1) =   122.1     g = 1
   10  Vibrator  Freq(obs)=  294.85  Freq(har)=  294.85  Anh(cm-1)=    0.00  zpe(cm-1) =   147.4     g = 1
   11  Vibrator  Freq(obs)=  312.94  Freq(har)=  312.94  Anh(cm-1)=    0.00  zpe(cm-1) =   156.5     g = 1
   12  Vibrator  Freq(obs)=  357.11  Freq(har)=  357.11  Anh(cm-1)=    0.00  zpe(cm-1) =   178.6     g = 1
   13  Vibrator  Freq(obs)=  387.77  Freq(har)=  387.77  Anh(cm-1)=    0.00  zpe(cm-1) =   193.9     g = 1
   14  Vibrator  Freq(obs)=  404.57  Freq(har)=  404.57  Anh(cm-1)=    0.00  zpe(cm-1) =   202.3     g = 1
   15  Vibrator  Freq(obs)=  415.58  Freq(har)=  415.58  Anh(cm-1)=    0.00  zpe(cm-1) =   207.8     g = 1
   16  Vibrator  Freq(obs)=  469.01  Freq(har)=  469.01  Anh(cm-1)=    0.00  zpe(cm-1) =   234.5     g = 1
   17  Vibrator  Freq(obs)=  488.52  Freq(har)=  488.52  Anh(cm-1)=    0.00  zpe(cm-1) =   244.3     g = 1
   18  Vibrator  Freq(obs)=  507.43  Freq(har)=  507.43  Anh(cm-1)=    0.00  zpe(cm-1) =   253.7     g = 1
   19  Vibrator  Freq(obs)=  545.37  Freq(har)=  545.37  Anh(cm-1)=    0.00  zpe(cm-1) =   272.7     g = 1
   20  Vibrator  Freq(obs)=  582.25  Freq(har)=  582.25  Anh(cm-1)=    0.00  zpe(cm-1) =   291.1     g = 1
   21  Vibrator  Freq(obs)=  729.03  Freq(har)=  729.03  Anh(cm-1)=    0.00  zpe(cm-1) =   364.5     g = 1
   22  Vibrator  Freq(obs)=  796.91  Freq(har)=  796.91  Anh(cm-1)=    0.00  zpe(cm-1) =   398.5     g = 1
   23  Vibrator  Freq(obs)=  847.49  Freq(har)=  847.49  Anh(cm-1)=    0.00  zpe(cm-1) =   423.7     g = 1
   24  Vibrator  Freq(obs)=  867.00  Freq(har)=  867.00  Anh(cm-1)=    0.00  zpe(cm-1) =   433.5     g = 1
   25  Vibrator  Freq(obs)=  918.49  Freq(har)=  918.49  Anh(cm-1)=    0.00  zpe(cm-1) =   459.2     g = 1
   26  Vibrator  Freq(obs)=  929.47  Freq(har)=  929.47  Anh(cm-1)=    0.00  zpe(cm-1) =   464.7     g = 1
   27  Vibrator  Freq(obs)=  946.53  Freq(har)=  946.53  Anh(cm-1)=    0.00  zpe(cm-1) =   473.3     g = 1
   28  Vibrator  Freq(obs)=  959.31  Freq(har)=  959.31  Anh(cm-1)=    0.00  zpe(cm-1) =   479.7     g = 1
   29  Vibrator  Freq(obs)=  962.33  Freq(har)=  962.33  Anh(cm-1)=    0.00  zpe(cm-1) =   481.2     g = 1
   30  Vibrator  Freq(obs)=  976.00  Freq(har)=  976.00  Anh(cm-1)=    0.00  zpe(cm-1) =   488.0     g = 1
   31  Vibrator  Freq(obs)=  990.15  Freq(har)=  990.15  Anh(cm-1)=    0.00  zpe(cm-1) =   495.1     g = 1
   32  Vibrator  Freq(obs)= 1007.76  Freq(har)= 1007.76  Anh(cm-1)=    0.00  zpe(cm-1) =   503.9     g = 1
   33  Vibrator  Freq(obs)= 1010.32  Freq(har)= 1010.32  Anh(cm-1)=    0.00  zpe(cm-1) =   505.2     g = 1
   34  Vibrator  Freq(obs)= 1055.51  Freq(har)= 1055.51  Anh(cm-1)=    0.00  zpe(cm-1) =   527.8     g = 1
   35  Vibrator  Freq(obs)= 1080.69  Freq(har)= 1080.69  Anh(cm-1)=    0.00  zpe(cm-1) =   540.3     g = 1
   36  Vibrator  Freq(obs)= 1096.27  Freq(har)= 1096.27  Anh(cm-1)=    0.00  zpe(cm-1) =   548.1     g = 1
   37  Vibrator  Freq(obs)= 1124.40  Freq(har)= 1124.40  Anh(cm-1)=    0.00  zpe(cm-1) =   562.2     g = 1
   38  Vibrator  Freq(obs)= 1141.22  Freq(har)= 1141.22  Anh(cm-1)=    0.00  zpe(cm-1) =   570.6     g = 1
   39  Vibrator  Freq(obs)= 1159.36  Freq(har)= 1159.36  Anh(cm-1)=    0.00  zpe(cm-1) =   579.7     g = 1
   40  Vibrator  Freq(obs)= 1172.47  Freq(har)= 1172.47  Anh(cm-1)=    0.00  zpe(cm-1) =   586.2     g = 1
   41  Vibrator  Freq(obs)= 1192.50  Freq(har)= 1192.50  Anh(cm-1)=    0.00  zpe(cm-1) =   596.3     g = 1
   42  Vibrator  Freq(obs)= 1220.90  Freq(har)= 1220.90  Anh(cm-1)=    0.00  zpe(cm-1) =   610.4     g = 1
   43  Vibrator  Freq(obs)= 1240.63  Freq(har)= 1240.63  Anh(cm-1)=    0.00  zpe(cm-1) =   620.3     g = 1
   44  Vibrator  Freq(obs)= 1265.51  Freq(har)= 1265.51  Anh(cm-1)=    0.00  zpe(cm-1) =   632.8     g = 1
   45  Vibrator  Freq(obs)= 1293.32  Freq(har)= 1293.32  Anh(cm-1)=    0.00  zpe(cm-1) =   646.7     g = 1
   46  Vibrator  Freq(obs)= 1309.82  Freq(har)= 1309.82  Anh(cm-1)=    0.00  zpe(cm-1) =   654.9     g = 1
   47  Vibrator  Freq(obs)= 1328.34  Freq(har)= 1328.34  Anh(cm-1)=    0.00  zpe(cm-1) =   664.2     g = 1
   48  Vibrator  Freq(obs)= 1344.04  Freq(har)= 1344.04  Anh(cm-1)=    0.00  zpe(cm-1) =   672.0     g = 1
   49  Vibrator  Freq(obs)= 1353.28  Freq(har)= 1353.28  Anh(cm-1)=    0.00  zpe(cm-1) =   676.6     g = 1
   50  Vibrator  Freq(obs)= 1370.66  Freq(har)= 1370.66  Anh(cm-1)=    0.00  zpe(cm-1) =   685.3     g = 1
   51  Vibrator  Freq(obs)= 1385.62  Freq(har)= 1385.62  Anh(cm-1)=    0.00  zpe(cm-1) =   692.8     g = 1
   52  Vibrator  Freq(obs)= 1392.88  Freq(har)= 1392.88  Anh(cm-1)=    0.00  zpe(cm-1) =   696.4     g = 1
   53  Vibrator  Freq(obs)= 1395.17  Freq(har)= 1395.17  Anh(cm-1)=    0.00  zpe(cm-1) =   697.6     g = 1
   54  Vibrator  Freq(obs)= 1413.41  Freq(har)= 1413.41  Anh(cm-1)=    0.00  zpe(cm-1) =   706.7     g = 1
   55  Vibrator  Freq(obs)= 1417.83  Freq(har)= 1417.83  Anh(cm-1)=    0.00  zpe(cm-1) =   708.9     g = 1
   56  Vibrator  Freq(obs)= 1456.65  Freq(har)= 1456.65  Anh(cm-1)=    0.00  zpe(cm-1) =   728.3     g = 1
   57  Vibrator  Freq(obs)= 1480.95  Freq(har)= 1480.95  Anh(cm-1)=    0.00  zpe(cm-1) =   740.5     g = 1
   58  Vibrator  Freq(obs)= 1494.53  Freq(har)= 1494.53  Anh(cm-1)=    0.00  zpe(cm-1) =   747.3     g = 1
   59  Vibrator  Freq(obs)= 1498.58  Freq(har)= 1498.58  Anh(cm-1)=    0.00  zpe(cm-1) =   749.3     g = 1
   60  Vibrator  Freq(obs)= 1501.55  Freq(har)= 1501.55  Anh(cm-1)=    0.00  zpe(cm-1) =   750.8     g = 1
   61  Vibrator  Freq(obs)= 1503.36  Freq(har)= 1503.36  Anh(cm-1)=    0.00  zpe(cm-1) =   751.7     g = 1
   62  Vibrator  Freq(obs)= 1505.61  Freq(har)= 1505.61  Anh(cm-1)=    0.00  zpe(cm-1) =   752.8     g = 1
   63  Vibrator  Freq(obs)= 1507.67  Freq(har)= 1507.67  Anh(cm-1)=    0.00  zpe(cm-1) =   753.8     g = 1
   64  Vibrator  Freq(obs)= 1510.73  Freq(har)= 1510.73  Anh(cm-1)=    0.00  zpe(cm-1) =   755.4     g = 1
   65  Vibrator  Freq(obs)= 1529.91  Freq(har)= 1529.91  Anh(cm-1)=    0.00  zpe(cm-1) =   765.0     g = 1
   66  Vibrator  Freq(obs)= 2931.21  Freq(har)= 2931.21  Anh(cm-1)=    0.00  zpe(cm-1) =  1465.6     g = 1
   67  Vibrator  Freq(obs)= 2990.95  Freq(har)= 2990.95  Anh(cm-1)=    0.00  zpe(cm-1) =  1495.5     g = 1
   68  Vibrator  Freq(obs)= 3017.62  Freq(har)= 3017.62  Anh(cm-1)=    0.00  zpe(cm-1) =  1508.8     g = 1
   69  Vibrator  Freq(obs)= 3019.92  Freq(har)= 3019.92  Anh(cm-1)=    0.00  zpe(cm-1) =  1510.0     g = 1
   70  Vibrator  Freq(obs)= 3021.89  Freq(har)= 3021.89  Anh(cm-1)=    0.00  zpe(cm-1) =  1510.9     g = 1
   71  Vibrator  Freq(obs)= 3024.40  Freq(har)= 3024.40  Anh(cm-1)=    0.00  zpe(cm-1) =  1512.2     g = 1
   72  Vibrator  Freq(obs)= 3026.77  Freq(har)= 3026.77  Anh(cm-1)=    0.00  zpe(cm-1) =  1513.4     g = 1
   73  Vibrator  Freq(obs)= 3034.56  Freq(har)= 3034.56  Anh(cm-1)=    0.00  zpe(cm-1) =  1517.3     g = 1
   74  Vibrator  Freq(obs)= 3057.64  Freq(har)= 3057.64  Anh(cm-1)=    0.00  zpe(cm-1) =  1528.8     g = 1
   75  Vibrator  Freq(obs)= 3059.53  Freq(har)= 3059.53  Anh(cm-1)=    0.00  zpe(cm-1) =  1529.8     g = 1
   76  Vibrator  Freq(obs)= 3073.50  Freq(har)= 3073.50  Anh(cm-1)=    0.00  zpe(cm-1) =  1536.8     g = 1
   77  Vibrator  Freq(obs)= 3078.60  Freq(har)= 3078.60  Anh(cm-1)=    0.00  zpe(cm-1) =  1539.3     g = 1
   78  Vibrator  Freq(obs)= 3086.02  Freq(har)= 3086.02  Anh(cm-1)=    0.00  zpe(cm-1) =  1543.0     g = 1
   79  Vibrator  Freq(obs)= 3087.45  Freq(har)= 3087.45  Anh(cm-1)=    0.00  zpe(cm-1) =  1543.7     g = 1
   80  Vibrator  Freq(obs)= 3090.00  Freq(har)= 3090.00  Anh(cm-1)=    0.00  zpe(cm-1) =  1545.0     g = 1
   81  Vibrator  Freq(obs)= 3092.77  Freq(har)= 3092.77  Anh(cm-1)=    0.00  zpe(cm-1) =  1546.4     g = 1
   82  Vibrator  Freq(obs)= 3095.35  Freq(har)= 3095.35  Anh(cm-1)=    0.00  zpe(cm-1) =  1547.7     g = 1
   83  Vibrator  Freq(obs)= 3153.90  Freq(har)= 3153.90  Anh(cm-1)=    0.00  zpe(cm-1) =  1577.0     g = 1
   84  Quan.Rot  AmuAng^2 =  304.83  Symm =  1.   dim = 1  B =  0.0553 cm-1
   85  Quan.Rot  AmuAng^2 =  820.62  Symm =  1.   dim = 2  B =  0.0205 cm-1


*  *  *  *  *  *  *  *  *  *  *  *  *  *  *  *  *  *  *  *  *  *  *  *  *  *  *  *  *  *  *  *  *  *  *

THERMODYNAMIC QUANTITIES          Std. State = atmosphere  
   Entropy & Cp units: cal/K/mole
   DelS         units: cal/K/mole
   [H(T)-H(0)]  units: kcal/mole
   DelH & DelG  units: kcal/mole

Species Properties
                              ----Enthalpy----
 TYPE  NAME         Mol.Wt.    (O K)  (298.15 K) DelG(298)  ZPE(cm-1) Symmetry  opt.isomers
 reac  QOOH_1h     159.249      0.00    -13.55     56.08      58382.7      1         1
 ctst  TS_1_1h     159.249     11.75     -3.28     70.75      57947.5      1         1
                             ------- ---------  --------      -------
     NET (prod - react):       11.75     10.27     14.67       -435.1


               RATE k(T) = A*exp(B/T) (atmosphere  )**( 0) * sec-1                             QOOH_1h (reac)                       TS_1_1h (ctst)
        T(K)      k(T)      A(T)       B(T)    DelS(rxn) DelH(rxn) DelCp(rxn) DelG(rxn)     Qelectr  Entropy  Cp  [H(T)-H(0)]    Qelectr  Entropy  Cp  [H(T)-H(0)]
      298.15   5.488E+03   1.932E+07   -2435.    -14.74    10.27      -4.47      14.67        2.00   124.54    55.57    10.01      2.00   109.80    51.10     8.53
      300.00   5.773E+03   2.129E+07   -2464.    -14.77    10.26      -4.45      14.69        2.00   124.89    55.85    10.11      2.00   110.12    51.39     8.63
      400.00   7.278E+04   5.646E+08   -3583.    -15.92     9.87      -3.53      16.23        2.00   142.99    70.63    16.44      2.00   127.07    67.10    14.56
      450.00   2.052E+05   1.128E+09   -3876.    -16.31     9.70      -3.13      17.04        2.00   151.71    77.59    20.15      2.00   135.40    74.45    18.10
      500.00   4.961E+05   1.720E+09   -4076.    -16.63     9.55      -2.79      17.86        2.00   160.23    84.06    24.19      2.00   143.60    81.27    22.00
      550.00   1.054E+06   2.267E+09   -4221.    -16.88     9.42      -2.49      18.70        2.00   168.52    90.02    28.55      2.00   151.65    87.54    26.22
      600.00   2.013E+06   2.754E+09   -4333.    -17.08     9.30      -2.23      19.55        2.00   176.59    95.49    33.19      2.00   159.51    93.26    30.74
      650.00   3.526E+06   3.186E+09   -4424.    -17.25     9.20      -2.01      20.41        2.00   184.44   100.51    38.09      2.00   167.19    98.50    35.54
      700.00   5.753E+06   3.572E+09   -4502.    -17.39     9.10      -1.83      21.28        2.00   192.06   105.12    43.23      2.00   174.67   103.29    40.58
      750.00   8.854E+06   3.922E+09   -4570.    -17.51     9.01      -1.68      22.15        2.00   199.46   109.37    48.60      2.00   181.94   107.70    45.86
      800.00   1.298E+07   4.245E+09   -4632.    -17.62     8.93      -1.55      23.03        2.00   206.64   113.30    54.17      2.00   189.03   111.75    51.35
      850.00   1.827E+07   4.544E+09   -4689.    -17.71     8.86      -1.45      23.91        2.00   213.62   116.94    59.92      2.00   195.91   115.49    57.03
      900.00   2.485E+07   4.826E+09   -4742.    -17.79     8.79      -1.37      24.80        2.00   220.40   120.32    65.86      2.00   202.61   118.95    62.89
     1000.00   4.226E+07   5.340E+09   -4839.    -17.93     8.66      -1.26      26.58        2.00   233.40   126.38    78.20      2.00   215.47   125.11    75.11
     1100.00   6.581E+07   5.802E+09   -4927.    -18.04     8.53      -1.20      28.38        2.00   245.70   131.62    91.11      2.00   227.65   130.42    87.89
     1200.00   9.580E+07   6.220E+09   -5008.    -18.15     8.41      -1.18      30.19        2.00   257.35   136.17   104.50      2.00   239.20   134.99   101.17
     1300.00   1.323E+08   6.598E+09   -5083.    -18.24     8.30      -1.18      32.01        2.00   268.41   140.13   118.33      2.00   250.17   138.95   114.87
     1400.00   1.751E+08   6.939E+09   -5151.    -18.33     8.18      -1.19      33.84        2.00   278.92   143.57   132.52      2.00   260.59   142.38   128.94
     1500.00   2.240E+08   7.246E+09   -5215.    -18.41     8.06      -1.22      35.68        2.00   288.93   146.58   147.03      2.00   270.52   145.36   143.34
     1600.00   2.785E+08   7.523E+09   -5274.    -18.49     7.93      -1.25      37.52        2.00   298.48   149.22   161.82      2.00   279.99   147.96   158.01
     1700.00   3.383E+08   7.773E+09   -5329.    -18.57     7.81      -1.29      39.38        2.00   307.60   151.53   176.86      2.00   289.03   150.24   172.92
     1800.00   4.028E+08   7.999E+09   -5380.    -18.64     7.68      -1.32      41.24        2.00   316.32   153.56   192.12      2.00   297.67   152.24   188.05
     1900.00   4.715E+08   8.203E+09   -5427.    -18.72     7.54      -1.36      43.11        2.00   324.67   155.36   207.57      2.00   305.95   154.00   203.36
     2000.00   5.441E+08   8.387E+09   -5471.    -18.79     7.41      -1.39      44.98        2.00   332.68   156.95   223.19      2.00   313.89   155.56   218.85
     2100.00   6.198E+08   8.553E+09   -5512.    -18.86     7.26      -1.43      46.86        2.00   340.37   158.37   238.96      2.00   321.52   156.94   234.47
     2200.00   6.985E+08   8.704E+09   -5550.    -18.92     7.12      -1.46      48.75        2.00   347.77   159.63   254.86      2.00   328.85   158.18   250.23
     2300.00   7.795E+08   8.841E+09   -5586.    -18.99     6.97      -1.49      50.65        2.00   354.89   160.76   270.89      2.00   335.90   159.28   266.11
     2400.00   8.626E+08   8.965E+09   -5619.    -19.05     6.82      -1.52      52.55        2.00   361.75   161.78   287.01      2.00   342.70   160.26   282.09
     2500.00   9.473E+08   9.078E+09   -5650.    -19.11     6.67      -1.54      54.46        2.00   368.38   162.69   303.24      2.00   349.26   161.15   298.16
