%%%%%%%%%%%%%%%%%%%%%%%%%%%%%%%%%%%%%%%%%%%%%%%%%%%%%%%%%%%%%%%%%%%%%%%%%%%%%%%%%%%%%%%%%%%%%%%%%%%%%%%%%%%%%%%%%%%%%%%%%%

                                  John R. Barker
        Thermo-2014.1b            University of Michigan
                                  Ann Arbor, MI 48109-2143
        Jun 2014                  jrbarker@umich.edu
                                  (734) 763 6239

            http://aoss.engin.umich.edu/multiwell/

%%%%%%%%%%%%%%%%%%%%%%%%%%%%%%%%%%%%%%%%%%%%%%%%%%%%%%%%%%%%%%%%%%%%%%%%%%%%%%%%%%%%%%%%%%%%%%%%%%%%%%%%%%%%%%%%%%%%%%%%%%

  Suggested Literature Citations:

  a) MultiWell-2014.1 Software, Jun 2014, designed and
     maintained by J.R. Barker with contributors N.F. Ortiz,
     J.M. Preses, L.L. Lohr, A. Maranzana, P.J. Stimac, T. L.
     Nguyen, and T. J. Dhilip Kumar, University of Michigan,
     Ann Arbor, MI; http://aoss.engin.umich.edu/multiwell/

  b) J.R. Barker, Int. J. Chem. Kinetics, 33, 232-45 (2001).

%%%%%%%%%%%%%%%%%%%%%%%%%%%%%%%%%%%%%%%%%%%%%%%%%%%%%%%%%%%%%%%%%%%%%%%%%%%%%%%%%%%%%%%%%%%%%%%%%%%%%%%%%%%%%%%%%%%%%%%%%%


....................................................
          2015/04/26   02:09:34.718   (Local Time)
          year/mm/dd   hr:mi:second
                 CPU :        0.125 s (  0.000 hr)
....................................................


   QOOH_1c     Molecular Wt. = 159.249  ;  Empirical Formula:      H 19       C  9       O  2
          1. (blank comment line)                                                                                                                               
          2. (blank comment line)                                                                                                                               
          3. (blank comment line)                                                                                                                               
    Electronic Levels (degeneracies) 
                0.00 cm-1 ( 2)

    1  Vibrator  Freq(obs)=   32.07  Freq(har)=   32.07  Anh(cm-1)=    0.00  zpe(cm-1) =    16.0     g = 1
    2  Vibrator  Freq(obs)=   35.88  Freq(har)=   35.88  Anh(cm-1)=    0.00  zpe(cm-1) =    17.9     g = 1
    3  Vibrator  Freq(obs)=   62.08  Freq(har)=   62.08  Anh(cm-1)=    0.00  zpe(cm-1) =    31.0     g = 1
    4  Vibrator  Freq(obs)=   85.65  Freq(har)=   85.65  Anh(cm-1)=    0.00  zpe(cm-1) =    42.8     g = 1
    5  Vibrator  Freq(obs)=   98.39  Freq(har)=   98.39  Anh(cm-1)=    0.00  zpe(cm-1) =    49.2     g = 1
    6  Vibrator  Freq(obs)=  102.32  Freq(har)=  102.32  Anh(cm-1)=    0.00  zpe(cm-1) =    51.2     g = 1
    7  Vibrator  Freq(obs)=  108.16  Freq(har)=  108.16  Anh(cm-1)=    0.00  zpe(cm-1) =    54.1     g = 1
    8  Vibrator  Freq(obs)=  142.02  Freq(har)=  142.02  Anh(cm-1)=    0.00  zpe(cm-1) =    71.0     g = 1
    9  Vibrator  Freq(obs)=  193.37  Freq(har)=  193.37  Anh(cm-1)=    0.00  zpe(cm-1) =    96.7     g = 1
   10  Vibrator  Freq(obs)=  216.24  Freq(har)=  216.24  Anh(cm-1)=    0.00  zpe(cm-1) =   108.1     g = 1
   11  Vibrator  Freq(obs)=  227.77  Freq(har)=  227.77  Anh(cm-1)=    0.00  zpe(cm-1) =   113.9     g = 1
   12  Vibrator  Freq(obs)=  239.20  Freq(har)=  239.20  Anh(cm-1)=    0.00  zpe(cm-1) =   119.6     g = 1
   13  Vibrator  Freq(obs)=  249.27  Freq(har)=  249.27  Anh(cm-1)=    0.00  zpe(cm-1) =   124.6     g = 1
   14  Vibrator  Freq(obs)=  259.88  Freq(har)=  259.88  Anh(cm-1)=    0.00  zpe(cm-1) =   129.9     g = 1
   15  Vibrator  Freq(obs)=  344.75  Freq(har)=  344.75  Anh(cm-1)=    0.00  zpe(cm-1) =   172.4     g = 1
   16  Vibrator  Freq(obs)=  372.92  Freq(har)=  372.92  Anh(cm-1)=    0.00  zpe(cm-1) =   186.5     g = 1
   17  Vibrator  Freq(obs)=  398.73  Freq(har)=  398.73  Anh(cm-1)=    0.00  zpe(cm-1) =   199.4     g = 1
   18  Vibrator  Freq(obs)=  440.16  Freq(har)=  440.16  Anh(cm-1)=    0.00  zpe(cm-1) =   220.1     g = 1
   19  Vibrator  Freq(obs)=  457.65  Freq(har)=  457.65  Anh(cm-1)=    0.00  zpe(cm-1) =   228.8     g = 1
   20  Vibrator  Freq(obs)=  506.66  Freq(har)=  506.66  Anh(cm-1)=    0.00  zpe(cm-1) =   253.3     g = 1
   21  Vibrator  Freq(obs)=  568.07  Freq(har)=  568.07  Anh(cm-1)=    0.00  zpe(cm-1) =   284.0     g = 1
   22  Vibrator  Freq(obs)=  739.96  Freq(har)=  739.96  Anh(cm-1)=    0.00  zpe(cm-1) =   370.0     g = 1
   23  Vibrator  Freq(obs)=  777.43  Freq(har)=  777.43  Anh(cm-1)=    0.00  zpe(cm-1) =   388.7     g = 1
   24  Vibrator  Freq(obs)=  811.12  Freq(har)=  811.12  Anh(cm-1)=    0.00  zpe(cm-1) =   405.6     g = 1
   25  Vibrator  Freq(obs)=  830.35  Freq(har)=  830.35  Anh(cm-1)=    0.00  zpe(cm-1) =   415.2     g = 1
   26  Vibrator  Freq(obs)=  842.65  Freq(har)=  842.65  Anh(cm-1)=    0.00  zpe(cm-1) =   421.3     g = 1
   27  Vibrator  Freq(obs)=  920.11  Freq(har)=  920.11  Anh(cm-1)=    0.00  zpe(cm-1) =   460.1     g = 1
   28  Vibrator  Freq(obs)=  930.75  Freq(har)=  930.75  Anh(cm-1)=    0.00  zpe(cm-1) =   465.4     g = 1
   29  Vibrator  Freq(obs)=  945.17  Freq(har)=  945.17  Anh(cm-1)=    0.00  zpe(cm-1) =   472.6     g = 1
   30  Vibrator  Freq(obs)=  961.14  Freq(har)=  961.14  Anh(cm-1)=    0.00  zpe(cm-1) =   480.6     g = 1
   31  Vibrator  Freq(obs)=  964.19  Freq(har)=  964.19  Anh(cm-1)=    0.00  zpe(cm-1) =   482.1     g = 1
   32  Vibrator  Freq(obs)=  986.68  Freq(har)=  986.68  Anh(cm-1)=    0.00  zpe(cm-1) =   493.3     g = 1
   33  Vibrator  Freq(obs)= 1000.83  Freq(har)= 1000.83  Anh(cm-1)=    0.00  zpe(cm-1) =   500.4     g = 1
   34  Vibrator  Freq(obs)= 1021.63  Freq(har)= 1021.63  Anh(cm-1)=    0.00  zpe(cm-1) =   510.8     g = 1
   35  Vibrator  Freq(obs)= 1041.74  Freq(har)= 1041.74  Anh(cm-1)=    0.00  zpe(cm-1) =   520.9     g = 1
   36  Vibrator  Freq(obs)= 1058.67  Freq(har)= 1058.67  Anh(cm-1)=    0.00  zpe(cm-1) =   529.3     g = 1
   37  Vibrator  Freq(obs)= 1120.98  Freq(har)= 1120.98  Anh(cm-1)=    0.00  zpe(cm-1) =   560.5     g = 1
   38  Vibrator  Freq(obs)= 1138.23  Freq(har)= 1138.23  Anh(cm-1)=    0.00  zpe(cm-1) =   569.1     g = 1
   39  Vibrator  Freq(obs)= 1190.49  Freq(har)= 1190.49  Anh(cm-1)=    0.00  zpe(cm-1) =   595.2     g = 1
   40  Vibrator  Freq(obs)= 1205.13  Freq(har)= 1205.13  Anh(cm-1)=    0.00  zpe(cm-1) =   602.6     g = 1
   41  Vibrator  Freq(obs)= 1223.96  Freq(har)= 1223.96  Anh(cm-1)=    0.00  zpe(cm-1) =   612.0     g = 1
   42  Vibrator  Freq(obs)= 1254.46  Freq(har)= 1254.46  Anh(cm-1)=    0.00  zpe(cm-1) =   627.2     g = 1
   43  Vibrator  Freq(obs)= 1297.84  Freq(har)= 1297.84  Anh(cm-1)=    0.00  zpe(cm-1) =   648.9     g = 1
   44  Vibrator  Freq(obs)= 1300.35  Freq(har)= 1300.35  Anh(cm-1)=    0.00  zpe(cm-1) =   650.2     g = 1
   45  Vibrator  Freq(obs)= 1311.44  Freq(har)= 1311.44  Anh(cm-1)=    0.00  zpe(cm-1) =   655.7     g = 1
   46  Vibrator  Freq(obs)= 1331.68  Freq(har)= 1331.68  Anh(cm-1)=    0.00  zpe(cm-1) =   665.8     g = 1
   47  Vibrator  Freq(obs)= 1345.36  Freq(har)= 1345.36  Anh(cm-1)=    0.00  zpe(cm-1) =   672.7     g = 1
   48  Vibrator  Freq(obs)= 1348.97  Freq(har)= 1348.97  Anh(cm-1)=    0.00  zpe(cm-1) =   674.5     g = 1
   49  Vibrator  Freq(obs)= 1366.57  Freq(har)= 1366.57  Anh(cm-1)=    0.00  zpe(cm-1) =   683.3     g = 1
   50  Vibrator  Freq(obs)= 1371.87  Freq(har)= 1371.87  Anh(cm-1)=    0.00  zpe(cm-1) =   685.9     g = 1
   51  Vibrator  Freq(obs)= 1387.88  Freq(har)= 1387.88  Anh(cm-1)=    0.00  zpe(cm-1) =   693.9     g = 1
   52  Vibrator  Freq(obs)= 1400.57  Freq(har)= 1400.57  Anh(cm-1)=    0.00  zpe(cm-1) =   700.3     g = 1
   53  Vibrator  Freq(obs)= 1403.98  Freq(har)= 1403.98  Anh(cm-1)=    0.00  zpe(cm-1) =   702.0     g = 1
   54  Vibrator  Freq(obs)= 1408.85  Freq(har)= 1408.85  Anh(cm-1)=    0.00  zpe(cm-1) =   704.4     g = 1
   55  Vibrator  Freq(obs)= 1423.32  Freq(har)= 1423.32  Anh(cm-1)=    0.00  zpe(cm-1) =   711.7     g = 1
   56  Vibrator  Freq(obs)= 1459.91  Freq(har)= 1459.91  Anh(cm-1)=    0.00  zpe(cm-1) =   730.0     g = 1
   57  Vibrator  Freq(obs)= 1469.51  Freq(har)= 1469.51  Anh(cm-1)=    0.00  zpe(cm-1) =   734.8     g = 1
   58  Vibrator  Freq(obs)= 1478.82  Freq(har)= 1478.82  Anh(cm-1)=    0.00  zpe(cm-1) =   739.4     g = 1
   59  Vibrator  Freq(obs)= 1482.78  Freq(har)= 1482.78  Anh(cm-1)=    0.00  zpe(cm-1) =   741.4     g = 1
   60  Vibrator  Freq(obs)= 1488.73  Freq(har)= 1488.73  Anh(cm-1)=    0.00  zpe(cm-1) =   744.4     g = 1
   61  Vibrator  Freq(obs)= 1492.37  Freq(har)= 1492.37  Anh(cm-1)=    0.00  zpe(cm-1) =   746.2     g = 1
   62  Vibrator  Freq(obs)= 1498.02  Freq(har)= 1498.02  Anh(cm-1)=    0.00  zpe(cm-1) =   749.0     g = 1
   63  Vibrator  Freq(obs)= 1506.39  Freq(har)= 1506.39  Anh(cm-1)=    0.00  zpe(cm-1) =   753.2     g = 1
   64  Vibrator  Freq(obs)= 1507.59  Freq(har)= 1507.59  Anh(cm-1)=    0.00  zpe(cm-1) =   753.8     g = 1
   65  Vibrator  Freq(obs)= 1514.40  Freq(har)= 1514.40  Anh(cm-1)=    0.00  zpe(cm-1) =   757.2     g = 1
   66  Vibrator  Freq(obs)= 2929.66  Freq(har)= 2929.66  Anh(cm-1)=    0.00  zpe(cm-1) =  1464.8     g = 1
   67  Vibrator  Freq(obs)= 2964.78  Freq(har)= 2964.78  Anh(cm-1)=    0.00  zpe(cm-1) =  1482.4     g = 1
   68  Vibrator  Freq(obs)= 2984.10  Freq(har)= 2984.10  Anh(cm-1)=    0.00  zpe(cm-1) =  1492.0     g = 1
   69  Vibrator  Freq(obs)= 2990.61  Freq(har)= 2990.61  Anh(cm-1)=    0.00  zpe(cm-1) =  1495.3     g = 1
   70  Vibrator  Freq(obs)= 2995.16  Freq(har)= 2995.16  Anh(cm-1)=    0.00  zpe(cm-1) =  1497.6     g = 1
   71  Vibrator  Freq(obs)= 3006.41  Freq(har)= 3006.41  Anh(cm-1)=    0.00  zpe(cm-1) =  1503.2     g = 1
   72  Vibrator  Freq(obs)= 3013.57  Freq(har)= 3013.57  Anh(cm-1)=    0.00  zpe(cm-1) =  1506.8     g = 1
   73  Vibrator  Freq(obs)= 3018.79  Freq(har)= 3018.79  Anh(cm-1)=    0.00  zpe(cm-1) =  1509.4     g = 1
   74  Vibrator  Freq(obs)= 3023.06  Freq(har)= 3023.06  Anh(cm-1)=    0.00  zpe(cm-1) =  1511.5     g = 1
   75  Vibrator  Freq(obs)= 3026.53  Freq(har)= 3026.53  Anh(cm-1)=    0.00  zpe(cm-1) =  1513.3     g = 1
   76  Vibrator  Freq(obs)= 3035.52  Freq(har)= 3035.52  Anh(cm-1)=    0.00  zpe(cm-1) =  1517.8     g = 1
   77  Vibrator  Freq(obs)= 3070.10  Freq(har)= 3070.10  Anh(cm-1)=    0.00  zpe(cm-1) =  1535.0     g = 1
   78  Vibrator  Freq(obs)= 3072.39  Freq(har)= 3072.39  Anh(cm-1)=    0.00  zpe(cm-1) =  1536.2     g = 1
   79  Vibrator  Freq(obs)= 3076.69  Freq(har)= 3076.69  Anh(cm-1)=    0.00  zpe(cm-1) =  1538.3     g = 1
   80  Vibrator  Freq(obs)= 3078.82  Freq(har)= 3078.82  Anh(cm-1)=    0.00  zpe(cm-1) =  1539.4     g = 1
   81  Vibrator  Freq(obs)= 3079.14  Freq(har)= 3079.14  Anh(cm-1)=    0.00  zpe(cm-1) =  1539.6     g = 1
   82  Vibrator  Freq(obs)= 3083.41  Freq(har)= 3083.41  Anh(cm-1)=    0.00  zpe(cm-1) =  1541.7     g = 1
   83  Vibrator  Freq(obs)= 3091.87  Freq(har)= 3091.87  Anh(cm-1)=    0.00  zpe(cm-1) =  1545.9     g = 1
   84  Vibrator  Freq(obs)= 3769.95  Freq(har)= 3769.95  Anh(cm-1)=    0.00  zpe(cm-1) =  1885.0     g = 1
   85  Quan.Rot  AmuAng^2 =  276.28  Symm =  1.   dim = 1  B =  0.0610 cm-1
   86  Quan.Rot  AmuAng^2 = 1272.54  Symm =  1.   dim = 2  B =  0.0132 cm-1


   TS_1_1c     Molecular Wt. = 159.249  ;  Empirical Formula:      H 19       C  9       O  2
          1. (blank comment line)                                                                                                                               
          2. (blank comment line)                                                                                                                               
          3. (blank comment line)                                                                                                                               
    Electronic Levels (degeneracies) 
                0.00 cm-1 ( 2)

    TUNNELING PARAMETERS: Unsymmetrical Eckart Barrier
     Imaginary Freq.:   2078.01i cm-1
         V(forward) :   6222.42 cm-1
         V(reverse) :  10027.73 cm-1
    1  Vibrator  Freq(obs)=   18.63  Freq(har)=   18.63  Anh(cm-1)=    0.00  zpe(cm-1) =     9.3     g = 1
    2  Vibrator  Freq(obs)=   50.89  Freq(har)=   50.89  Anh(cm-1)=    0.00  zpe(cm-1) =    25.4     g = 1
    3  Vibrator  Freq(obs)=   60.06  Freq(har)=   60.06  Anh(cm-1)=    0.00  zpe(cm-1) =    30.0     g = 1
    4  Vibrator  Freq(obs)=  100.76  Freq(har)=  100.76  Anh(cm-1)=    0.00  zpe(cm-1) =    50.4     g = 1
    5  Vibrator  Freq(obs)=  121.21  Freq(har)=  121.21  Anh(cm-1)=    0.00  zpe(cm-1) =    60.6     g = 1
    6  Vibrator  Freq(obs)=  130.54  Freq(har)=  130.54  Anh(cm-1)=    0.00  zpe(cm-1) =    65.3     g = 1
    7  Vibrator  Freq(obs)=  213.65  Freq(har)=  213.65  Anh(cm-1)=    0.00  zpe(cm-1) =   106.8     g = 1
    8  Vibrator  Freq(obs)=  221.47  Freq(har)=  221.47  Anh(cm-1)=    0.00  zpe(cm-1) =   110.7     g = 1
    9  Vibrator  Freq(obs)=  225.01  Freq(har)=  225.01  Anh(cm-1)=    0.00  zpe(cm-1) =   112.5     g = 1
   10  Vibrator  Freq(obs)=  239.45  Freq(har)=  239.45  Anh(cm-1)=    0.00  zpe(cm-1) =   119.7     g = 1
   11  Vibrator  Freq(obs)=  253.07  Freq(har)=  253.07  Anh(cm-1)=    0.00  zpe(cm-1) =   126.5     g = 1
   12  Vibrator  Freq(obs)=  272.62  Freq(har)=  272.62  Anh(cm-1)=    0.00  zpe(cm-1) =   136.3     g = 1
   13  Vibrator  Freq(obs)=  314.23  Freq(har)=  314.23  Anh(cm-1)=    0.00  zpe(cm-1) =   157.1     g = 1
   14  Vibrator  Freq(obs)=  358.74  Freq(har)=  358.74  Anh(cm-1)=    0.00  zpe(cm-1) =   179.4     g = 1
   15  Vibrator  Freq(obs)=  386.89  Freq(har)=  386.89  Anh(cm-1)=    0.00  zpe(cm-1) =   193.4     g = 1
   16  Vibrator  Freq(obs)=  429.06  Freq(har)=  429.06  Anh(cm-1)=    0.00  zpe(cm-1) =   214.5     g = 1
   17  Vibrator  Freq(obs)=  431.27  Freq(har)=  431.27  Anh(cm-1)=    0.00  zpe(cm-1) =   215.6     g = 1
   18  Vibrator  Freq(obs)=  498.38  Freq(har)=  498.38  Anh(cm-1)=    0.00  zpe(cm-1) =   249.2     g = 1
   19  Vibrator  Freq(obs)=  571.94  Freq(har)=  571.94  Anh(cm-1)=    0.00  zpe(cm-1) =   286.0     g = 1
   20  Vibrator  Freq(obs)=  679.26  Freq(har)=  679.26  Anh(cm-1)=    0.00  zpe(cm-1) =   339.6     g = 1
   21  Vibrator  Freq(obs)=  733.31  Freq(har)=  733.31  Anh(cm-1)=    0.00  zpe(cm-1) =   366.7     g = 1
   22  Vibrator  Freq(obs)=  800.44  Freq(har)=  800.44  Anh(cm-1)=    0.00  zpe(cm-1) =   400.2     g = 1
   23  Vibrator  Freq(obs)=  833.93  Freq(har)=  833.93  Anh(cm-1)=    0.00  zpe(cm-1) =   417.0     g = 1
   24  Vibrator  Freq(obs)=  851.42  Freq(har)=  851.42  Anh(cm-1)=    0.00  zpe(cm-1) =   425.7     g = 1
   25  Vibrator  Freq(obs)=  890.92  Freq(har)=  890.92  Anh(cm-1)=    0.00  zpe(cm-1) =   445.5     g = 1
   26  Vibrator  Freq(obs)=  930.65  Freq(har)=  930.65  Anh(cm-1)=    0.00  zpe(cm-1) =   465.3     g = 1
   27  Vibrator  Freq(obs)=  945.26  Freq(har)=  945.26  Anh(cm-1)=    0.00  zpe(cm-1) =   472.6     g = 1
   28  Vibrator  Freq(obs)=  946.33  Freq(har)=  946.33  Anh(cm-1)=    0.00  zpe(cm-1) =   473.2     g = 1
   29  Vibrator  Freq(obs)=  954.78  Freq(har)=  954.78  Anh(cm-1)=    0.00  zpe(cm-1) =   477.4     g = 1
   30  Vibrator  Freq(obs)=  964.39  Freq(har)=  964.39  Anh(cm-1)=    0.00  zpe(cm-1) =   482.2     g = 1
   31  Vibrator  Freq(obs)=  970.04  Freq(har)=  970.04  Anh(cm-1)=    0.00  zpe(cm-1) =   485.0     g = 1
   32  Vibrator  Freq(obs)=  998.62  Freq(har)=  998.62  Anh(cm-1)=    0.00  zpe(cm-1) =   499.3     g = 1
   33  Vibrator  Freq(obs)= 1032.26  Freq(har)= 1032.26  Anh(cm-1)=    0.00  zpe(cm-1) =   516.1     g = 1
   34  Vibrator  Freq(obs)= 1049.24  Freq(har)= 1049.24  Anh(cm-1)=    0.00  zpe(cm-1) =   524.6     g = 1
   35  Vibrator  Freq(obs)= 1062.77  Freq(har)= 1062.77  Anh(cm-1)=    0.00  zpe(cm-1) =   531.4     g = 1
   36  Vibrator  Freq(obs)= 1122.63  Freq(har)= 1122.63  Anh(cm-1)=    0.00  zpe(cm-1) =   561.3     g = 1
   37  Vibrator  Freq(obs)= 1142.44  Freq(har)= 1142.44  Anh(cm-1)=    0.00  zpe(cm-1) =   571.2     g = 1
   38  Vibrator  Freq(obs)= 1153.94  Freq(har)= 1153.94  Anh(cm-1)=    0.00  zpe(cm-1) =   577.0     g = 1
   39  Vibrator  Freq(obs)= 1189.75  Freq(har)= 1189.75  Anh(cm-1)=    0.00  zpe(cm-1) =   594.9     g = 1
   40  Vibrator  Freq(obs)= 1199.88  Freq(har)= 1199.88  Anh(cm-1)=    0.00  zpe(cm-1) =   599.9     g = 1
   41  Vibrator  Freq(obs)= 1226.09  Freq(har)= 1226.09  Anh(cm-1)=    0.00  zpe(cm-1) =   613.0     g = 1
   42  Vibrator  Freq(obs)= 1239.47  Freq(har)= 1239.47  Anh(cm-1)=    0.00  zpe(cm-1) =   619.7     g = 1
   43  Vibrator  Freq(obs)= 1260.64  Freq(har)= 1260.64  Anh(cm-1)=    0.00  zpe(cm-1) =   630.3     g = 1
   44  Vibrator  Freq(obs)= 1287.25  Freq(har)= 1287.25  Anh(cm-1)=    0.00  zpe(cm-1) =   643.6     g = 1
   45  Vibrator  Freq(obs)= 1301.23  Freq(har)= 1301.23  Anh(cm-1)=    0.00  zpe(cm-1) =   650.6     g = 1
   46  Vibrator  Freq(obs)= 1331.84  Freq(har)= 1331.84  Anh(cm-1)=    0.00  zpe(cm-1) =   665.9     g = 1
   47  Vibrator  Freq(obs)= 1341.41  Freq(har)= 1341.41  Anh(cm-1)=    0.00  zpe(cm-1) =   670.7     g = 1
   48  Vibrator  Freq(obs)= 1353.79  Freq(har)= 1353.79  Anh(cm-1)=    0.00  zpe(cm-1) =   676.9     g = 1
   49  Vibrator  Freq(obs)= 1371.13  Freq(har)= 1371.13  Anh(cm-1)=    0.00  zpe(cm-1) =   685.6     g = 1
   50  Vibrator  Freq(obs)= 1382.18  Freq(har)= 1382.18  Anh(cm-1)=    0.00  zpe(cm-1) =   691.1     g = 1
   51  Vibrator  Freq(obs)= 1398.66  Freq(har)= 1398.66  Anh(cm-1)=    0.00  zpe(cm-1) =   699.3     g = 1
   52  Vibrator  Freq(obs)= 1402.84  Freq(har)= 1402.84  Anh(cm-1)=    0.00  zpe(cm-1) =   701.4     g = 1
   53  Vibrator  Freq(obs)= 1405.73  Freq(har)= 1405.73  Anh(cm-1)=    0.00  zpe(cm-1) =   702.9     g = 1
   54  Vibrator  Freq(obs)= 1424.54  Freq(har)= 1424.54  Anh(cm-1)=    0.00  zpe(cm-1) =   712.3     g = 1
   55  Vibrator  Freq(obs)= 1469.40  Freq(har)= 1469.40  Anh(cm-1)=    0.00  zpe(cm-1) =   734.7     g = 1
   56  Vibrator  Freq(obs)= 1480.89  Freq(har)= 1480.89  Anh(cm-1)=    0.00  zpe(cm-1) =   740.4     g = 1
   57  Vibrator  Freq(obs)= 1481.66  Freq(har)= 1481.66  Anh(cm-1)=    0.00  zpe(cm-1) =   740.8     g = 1
   58  Vibrator  Freq(obs)= 1489.04  Freq(har)= 1489.04  Anh(cm-1)=    0.00  zpe(cm-1) =   744.5     g = 1
   59  Vibrator  Freq(obs)= 1491.27  Freq(har)= 1491.27  Anh(cm-1)=    0.00  zpe(cm-1) =   745.6     g = 1
   60  Vibrator  Freq(obs)= 1496.47  Freq(har)= 1496.47  Anh(cm-1)=    0.00  zpe(cm-1) =   748.2     g = 1
   61  Vibrator  Freq(obs)= 1497.90  Freq(har)= 1497.90  Anh(cm-1)=    0.00  zpe(cm-1) =   748.9     g = 1
   62  Vibrator  Freq(obs)= 1504.61  Freq(har)= 1504.61  Anh(cm-1)=    0.00  zpe(cm-1) =   752.3     g = 1
   63  Vibrator  Freq(obs)= 1508.26  Freq(har)= 1508.26  Anh(cm-1)=    0.00  zpe(cm-1) =   754.1     g = 1
   64  Vibrator  Freq(obs)= 1514.15  Freq(har)= 1514.15  Anh(cm-1)=    0.00  zpe(cm-1) =   757.1     g = 1
   65  Vibrator  Freq(obs)= 1715.92  Freq(har)= 1715.92  Anh(cm-1)=    0.00  zpe(cm-1) =   858.0     g = 1
   66  Vibrator  Freq(obs)= 2952.68  Freq(har)= 2952.68  Anh(cm-1)=    0.00  zpe(cm-1) =  1476.3     g = 1
   67  Vibrator  Freq(obs)= 2983.87  Freq(har)= 2983.87  Anh(cm-1)=    0.00  zpe(cm-1) =  1491.9     g = 1
   68  Vibrator  Freq(obs)= 2985.09  Freq(har)= 2985.09  Anh(cm-1)=    0.00  zpe(cm-1) =  1492.5     g = 1
   69  Vibrator  Freq(obs)= 2992.51  Freq(har)= 2992.51  Anh(cm-1)=    0.00  zpe(cm-1) =  1496.3     g = 1
   70  Vibrator  Freq(obs)= 3013.16  Freq(har)= 3013.16  Anh(cm-1)=    0.00  zpe(cm-1) =  1506.6     g = 1
   71  Vibrator  Freq(obs)= 3018.93  Freq(har)= 3018.93  Anh(cm-1)=    0.00  zpe(cm-1) =  1509.5     g = 1
   72  Vibrator  Freq(obs)= 3019.24  Freq(har)= 3019.24  Anh(cm-1)=    0.00  zpe(cm-1) =  1509.6     g = 1
   73  Vibrator  Freq(obs)= 3023.46  Freq(har)= 3023.46  Anh(cm-1)=    0.00  zpe(cm-1) =  1511.7     g = 1
   74  Vibrator  Freq(obs)= 3026.79  Freq(har)= 3026.79  Anh(cm-1)=    0.00  zpe(cm-1) =  1513.4     g = 1
   75  Vibrator  Freq(obs)= 3034.68  Freq(har)= 3034.68  Anh(cm-1)=    0.00  zpe(cm-1) =  1517.3     g = 1
   76  Vibrator  Freq(obs)= 3064.97  Freq(har)= 3064.97  Anh(cm-1)=    0.00  zpe(cm-1) =  1532.5     g = 1
   77  Vibrator  Freq(obs)= 3071.40  Freq(har)= 3071.40  Anh(cm-1)=    0.00  zpe(cm-1) =  1535.7     g = 1
   78  Vibrator  Freq(obs)= 3073.18  Freq(har)= 3073.18  Anh(cm-1)=    0.00  zpe(cm-1) =  1536.6     g = 1
   79  Vibrator  Freq(obs)= 3078.42  Freq(har)= 3078.42  Anh(cm-1)=    0.00  zpe(cm-1) =  1539.2     g = 1
   80  Vibrator  Freq(obs)= 3079.43  Freq(har)= 3079.43  Anh(cm-1)=    0.00  zpe(cm-1) =  1539.7     g = 1
   81  Vibrator  Freq(obs)= 3084.39  Freq(har)= 3084.39  Anh(cm-1)=    0.00  zpe(cm-1) =  1542.2     g = 1
   82  Vibrator  Freq(obs)= 3095.68  Freq(har)= 3095.68  Anh(cm-1)=    0.00  zpe(cm-1) =  1547.8     g = 1
   83  Vibrator  Freq(obs)= 3106.62  Freq(har)= 3106.62  Anh(cm-1)=    0.00  zpe(cm-1) =  1553.3     g = 1
   84  Quan.Rot  AmuAng^2 =  247.46  Symm =  1.   dim = 1  B =  0.0681 cm-1
   85  Quan.Rot  AmuAng^2 = 1320.62  Symm =  1.   dim = 2  B =  0.0128 cm-1


*  *  *  *  *  *  *  *  *  *  *  *  *  *  *  *  *  *  *  *  *  *  *  *  *  *  *  *  *  *  *  *  *  *  *

THERMODYNAMIC QUANTITIES          Std. State = atmosphere  
   Entropy & Cp units: cal/K/mole
   DelS         units: cal/K/mole
   [H(T)-H(0)]  units: kcal/mole
   DelH & DelG  units: kcal/mole

Species Properties
                              ----Enthalpy----
 TYPE  NAME         Mol.Wt.    (O K)  (298.15 K) DelG(298)  ZPE(cm-1) Symmetry  opt.isomers
 reac  QOOH_1c     159.249      0.00    -13.50     55.65      58507.3      1         1
 ctst  TS_1_1c     159.249     17.79      3.44     74.53      57715.5      1         1
                             ------- ---------  --------      -------
     NET (prod - react):       17.79     16.94     18.88       -791.8


               RATE k(T) = A*exp(B/T) (atmosphere  )**( 0) * sec-1                             QOOH_1c (reac)                       TS_1_1c (ctst)
        T(K)      k(T)      A(T)       B(T)    DelS(rxn) DelH(rxn) DelCp(rxn) DelG(rxn)     Qelectr  Entropy  Cp  [H(T)-H(0)]    Qelectr  Entropy  Cp  [H(T)-H(0)]
      298.15   1.596E+02   2.077E+06   -2824.     -6.50    16.94      -2.90      18.88        2.00   126.16    54.90    10.06      2.00   119.66    52.00     9.21
      300.00   1.693E+02   2.399E+06   -2868.     -6.52    16.94      -2.89      18.89        2.00   126.50    55.17    10.16      2.00   119.98    52.28     9.31
      400.00   4.523E+03   1.814E+09   -5161.     -7.28    16.67      -2.40      19.59        2.00   144.38    69.78    16.41      2.00   137.10    67.39    15.29
      450.00   2.124E+04   1.202E+10   -5961.     -7.55    16.56      -2.17      19.96        2.00   153.01    76.74    20.08      2.00   145.46    74.57    18.84
      500.00   8.499E+04   3.823E+10   -6508.     -7.77    16.46      -1.98      20.34        2.00   161.43    83.24    24.08      2.00   153.66    81.27    22.74
      550.00   2.873E+05   7.881E+10   -6887.     -7.95    16.36      -1.80      20.73        2.00   169.65    89.25    28.39      2.00   161.70    87.45    26.96
      600.00   8.323E+05   1.269E+11   -7161.     -8.10    16.27      -1.65      21.13        2.00   177.66    94.78    33.00      2.00   169.56    93.12    31.48
      650.00   2.111E+06   1.769E+11   -7368.     -8.22    16.20      -1.52      21.54        2.00   185.45    99.86    37.86      2.00   177.22    98.33    36.27
      700.00   4.783E+06   2.255E+11   -7533.     -8.33    16.12      -1.42      21.96        2.00   193.02   104.53    42.98      2.00   184.69   103.12    41.31
      750.00   9.855E+06   2.717E+11   -7668.     -8.43    16.05      -1.33      22.37        2.00   200.38   108.85    48.31      2.00   191.95   107.52    46.58
      800.00   1.874E+07   3.148E+11   -7783.     -8.51    15.99      -1.26      22.80        2.00   207.54   112.84    53.86      2.00   199.02   111.58    52.05
      850.00   3.331E+07   3.550E+11   -7883.     -8.59    15.93      -1.21      23.23        2.00   214.49   116.54    59.59      2.00   205.90   115.33    57.73
      900.00   5.588E+07   3.926E+11   -7972.     -8.65    15.87      -1.17      23.66        2.00   221.25   119.97    65.51      2.00   212.59   118.80    63.58
     1000.00   1.364E+08   4.602E+11   -8123.     -8.78    15.75      -1.12      24.53        2.00   234.21   126.11    77.82      2.00   225.44   124.99    75.78
     1100.00   2.868E+08   5.195E+11   -8252.     -8.88    15.64      -1.10      25.41        2.00   246.49   131.42    90.70      2.00   237.61   130.32    88.56
     1200.00   5.375E+08   5.717E+11   -8363.     -8.98    15.53      -1.11      26.30        2.00   258.13   136.03   104.08      2.00   249.15   134.92   101.82
     1300.00   9.207E+08   6.180E+11   -8462.     -9.07    15.42      -1.13      27.21        2.00   269.18   140.02   117.89      2.00   260.11   138.89   115.52
     1400.00   1.468E+09   6.590E+11   -8550.     -9.15    15.30      -1.17      28.12        2.00   279.68   143.50   132.07      2.00   270.53   142.33   129.59
     1500.00   2.208E+09   6.954E+11   -8629.     -9.23    15.19      -1.20      29.04        2.00   289.69   146.53   146.58      2.00   280.46   145.33   143.98
     1600.00   3.165E+09   7.279E+11   -8701.     -9.31    15.06      -1.24      29.96        2.00   299.23   149.18   161.37      2.00   289.92   147.94   158.64
     1700.00   4.360E+09   7.568E+11   -8766.     -9.39    14.94      -1.29      30.90        2.00   308.35   151.51   176.41      2.00   298.96   150.22   173.56
     1800.00   5.809E+09   7.827E+11   -8826.     -9.46    14.81      -1.33      31.84        2.00   317.07   153.55   191.67      2.00   307.60   152.23   188.68
     1900.00   7.521E+09   8.058E+11   -8881.     -9.54    14.67      -1.36      32.79        2.00   325.42   155.36   207.12      2.00   315.88   154.00   204.00
     2000.00   9.503E+09   8.266E+11   -8931.     -9.61    14.53      -1.40      33.75        2.00   333.43   156.96   222.73      2.00   323.82   155.56   219.48
     2100.00   1.176E+10   8.453E+11   -8978.     -9.68    14.39      -1.44      34.71        2.00   341.12   158.38   238.50      2.00   331.45   156.94   235.11
     2200.00   1.428E+10   8.622E+11   -9022.     -9.74    14.25      -1.47      35.68        2.00   348.52   159.65   254.41      2.00   338.78   158.18   250.86
     2300.00   1.706E+10   8.774E+11   -9062.     -9.81    14.10      -1.50      36.66        2.00   355.64   160.78   270.43      2.00   345.83   159.28   266.74
     2400.00   2.011E+10   8.912E+11   -9099.     -9.88    13.95      -1.53      37.65        2.00   362.51   161.79   286.56      2.00   352.63   160.26   282.72
     2500.00   2.340E+10   9.037E+11   -9134.     -9.94    13.79      -1.56      38.64        2.00   369.13   162.71   302.79      2.00   359.19   161.15   298.79
