%%%%%%%%%%%%%%%%%%%%%%%%%%%%%%%%%%%%%%%%%%%%%%%%%%%%%%%%%%%%%%%%%%%%%%%%%%%%%%%%%%%%%%%%%%%%%%%%%%%%%%%%%%%%%%%%%%%%%%%%%%

                                  John R. Barker
        Thermo-2014.1b            University of Michigan
                                  Ann Arbor, MI 48109-2143
        Jun 2014                  jrbarker@umich.edu
                                  (734) 763 6239

            http://aoss.engin.umich.edu/multiwell/

%%%%%%%%%%%%%%%%%%%%%%%%%%%%%%%%%%%%%%%%%%%%%%%%%%%%%%%%%%%%%%%%%%%%%%%%%%%%%%%%%%%%%%%%%%%%%%%%%%%%%%%%%%%%%%%%%%%%%%%%%%

  Suggested Literature Citations:

  a) MultiWell-2014.1 Software, Jun 2014, designed and
     maintained by J.R. Barker with contributors N.F. Ortiz,
     J.M. Preses, L.L. Lohr, A. Maranzana, P.J. Stimac, T. L.
     Nguyen, and T. J. Dhilip Kumar, University of Michigan,
     Ann Arbor, MI; http://aoss.engin.umich.edu/multiwell/

  b) J.R. Barker, Int. J. Chem. Kinetics, 33, 232-45 (2001).

%%%%%%%%%%%%%%%%%%%%%%%%%%%%%%%%%%%%%%%%%%%%%%%%%%%%%%%%%%%%%%%%%%%%%%%%%%%%%%%%%%%%%%%%%%%%%%%%%%%%%%%%%%%%%%%%%%%%%%%%%%


....................................................
          2015/04/25   01:47:15.742   (Local Time)
          year/mm/dd   hr:mi:second
                 CPU :        0.109 s (  0.000 hr)
....................................................


   QOOH_1d     Molecular Wt. = 159.249  ;  Empirical Formula:      H 19       C  9       O  2
          1. (blank comment line)                                                                                                                               
          2. (blank comment line)                                                                                                                               
          3. (blank comment line)                                                                                                                               
    Electronic Levels (degeneracies) 
                0.00 cm-1 ( 2)

    1  Vibrator  Freq(obs)=   17.38  Freq(har)=   17.38  Anh(cm-1)=    0.00  zpe(cm-1) =     8.7     g = 1
    2  Vibrator  Freq(obs)=   35.21  Freq(har)=   35.21  Anh(cm-1)=    0.00  zpe(cm-1) =    17.6     g = 1
    3  Vibrator  Freq(obs)=   62.42  Freq(har)=   62.42  Anh(cm-1)=    0.00  zpe(cm-1) =    31.2     g = 1
    4  Vibrator  Freq(obs)=   77.36  Freq(har)=   77.36  Anh(cm-1)=    0.00  zpe(cm-1) =    38.7     g = 1
    5  Vibrator  Freq(obs)=  105.68  Freq(har)=  105.68  Anh(cm-1)=    0.00  zpe(cm-1) =    52.8     g = 1
    6  Vibrator  Freq(obs)=  117.12  Freq(har)=  117.12  Anh(cm-1)=    0.00  zpe(cm-1) =    58.6     g = 1
    7  Vibrator  Freq(obs)=  164.63  Freq(har)=  164.63  Anh(cm-1)=    0.00  zpe(cm-1) =    82.3     g = 1
    8  Vibrator  Freq(obs)=  183.33  Freq(har)=  183.33  Anh(cm-1)=    0.00  zpe(cm-1) =    91.7     g = 1
    9  Vibrator  Freq(obs)=  211.84  Freq(har)=  211.84  Anh(cm-1)=    0.00  zpe(cm-1) =   105.9     g = 1
   10  Vibrator  Freq(obs)=  219.44  Freq(har)=  219.44  Anh(cm-1)=    0.00  zpe(cm-1) =   109.7     g = 1
   11  Vibrator  Freq(obs)=  224.36  Freq(har)=  224.36  Anh(cm-1)=    0.00  zpe(cm-1) =   112.2     g = 1
   12  Vibrator  Freq(obs)=  244.77  Freq(har)=  244.77  Anh(cm-1)=    0.00  zpe(cm-1) =   122.4     g = 1
   13  Vibrator  Freq(obs)=  251.25  Freq(har)=  251.25  Anh(cm-1)=    0.00  zpe(cm-1) =   125.6     g = 1
   14  Vibrator  Freq(obs)=  255.33  Freq(har)=  255.33  Anh(cm-1)=    0.00  zpe(cm-1) =   127.7     g = 1
   15  Vibrator  Freq(obs)=  347.14  Freq(har)=  347.14  Anh(cm-1)=    0.00  zpe(cm-1) =   173.6     g = 1
   16  Vibrator  Freq(obs)=  374.60  Freq(har)=  374.60  Anh(cm-1)=    0.00  zpe(cm-1) =   187.3     g = 1
   17  Vibrator  Freq(obs)=  398.15  Freq(har)=  398.15  Anh(cm-1)=    0.00  zpe(cm-1) =   199.1     g = 1
   18  Vibrator  Freq(obs)=  443.32  Freq(har)=  443.32  Anh(cm-1)=    0.00  zpe(cm-1) =   221.7     g = 1
   19  Vibrator  Freq(obs)=  451.86  Freq(har)=  451.86  Anh(cm-1)=    0.00  zpe(cm-1) =   225.9     g = 1
   20  Vibrator  Freq(obs)=  482.59  Freq(har)=  482.59  Anh(cm-1)=    0.00  zpe(cm-1) =   241.3     g = 1
   21  Vibrator  Freq(obs)=  511.26  Freq(har)=  511.26  Anh(cm-1)=    0.00  zpe(cm-1) =   255.6     g = 1
   22  Vibrator  Freq(obs)=  659.19  Freq(har)=  659.19  Anh(cm-1)=    0.00  zpe(cm-1) =   329.6     g = 1
   23  Vibrator  Freq(obs)=  754.78  Freq(har)=  754.78  Anh(cm-1)=    0.00  zpe(cm-1) =   377.4     g = 1
   24  Vibrator  Freq(obs)=  795.55  Freq(har)=  795.55  Anh(cm-1)=    0.00  zpe(cm-1) =   397.8     g = 1
   25  Vibrator  Freq(obs)=  827.65  Freq(har)=  827.65  Anh(cm-1)=    0.00  zpe(cm-1) =   413.8     g = 1
   26  Vibrator  Freq(obs)=  862.00  Freq(har)=  862.00  Anh(cm-1)=    0.00  zpe(cm-1) =   431.0     g = 1
   27  Vibrator  Freq(obs)=  922.02  Freq(har)=  922.02  Anh(cm-1)=    0.00  zpe(cm-1) =   461.0     g = 1
   28  Vibrator  Freq(obs)=  928.10  Freq(har)=  928.10  Anh(cm-1)=    0.00  zpe(cm-1) =   464.1     g = 1
   29  Vibrator  Freq(obs)=  944.78  Freq(har)=  944.78  Anh(cm-1)=    0.00  zpe(cm-1) =   472.4     g = 1
   30  Vibrator  Freq(obs)=  952.77  Freq(har)=  952.77  Anh(cm-1)=    0.00  zpe(cm-1) =   476.4     g = 1
   31  Vibrator  Freq(obs)=  960.40  Freq(har)=  960.40  Anh(cm-1)=    0.00  zpe(cm-1) =   480.2     g = 1
   32  Vibrator  Freq(obs)=  969.04  Freq(har)=  969.04  Anh(cm-1)=    0.00  zpe(cm-1) =   484.5     g = 1
   33  Vibrator  Freq(obs)= 1001.60  Freq(har)= 1001.60  Anh(cm-1)=    0.00  zpe(cm-1) =   500.8     g = 1
   34  Vibrator  Freq(obs)= 1033.37  Freq(har)= 1033.37  Anh(cm-1)=    0.00  zpe(cm-1) =   516.7     g = 1
   35  Vibrator  Freq(obs)= 1048.30  Freq(har)= 1048.30  Anh(cm-1)=    0.00  zpe(cm-1) =   524.1     g = 1
   36  Vibrator  Freq(obs)= 1092.59  Freq(har)= 1092.59  Anh(cm-1)=    0.00  zpe(cm-1) =   546.3     g = 1
   37  Vibrator  Freq(obs)= 1105.94  Freq(har)= 1105.94  Anh(cm-1)=    0.00  zpe(cm-1) =   553.0     g = 1
   38  Vibrator  Freq(obs)= 1121.55  Freq(har)= 1121.55  Anh(cm-1)=    0.00  zpe(cm-1) =   560.8     g = 1
   39  Vibrator  Freq(obs)= 1165.32  Freq(har)= 1165.32  Anh(cm-1)=    0.00  zpe(cm-1) =   582.7     g = 1
   40  Vibrator  Freq(obs)= 1188.27  Freq(har)= 1188.27  Anh(cm-1)=    0.00  zpe(cm-1) =   594.1     g = 1
   41  Vibrator  Freq(obs)= 1192.82  Freq(har)= 1192.82  Anh(cm-1)=    0.00  zpe(cm-1) =   596.4     g = 1
   42  Vibrator  Freq(obs)= 1226.39  Freq(har)= 1226.39  Anh(cm-1)=    0.00  zpe(cm-1) =   613.2     g = 1
   43  Vibrator  Freq(obs)= 1259.27  Freq(har)= 1259.27  Anh(cm-1)=    0.00  zpe(cm-1) =   629.6     g = 1
   44  Vibrator  Freq(obs)= 1282.06  Freq(har)= 1282.06  Anh(cm-1)=    0.00  zpe(cm-1) =   641.0     g = 1
   45  Vibrator  Freq(obs)= 1293.46  Freq(har)= 1293.46  Anh(cm-1)=    0.00  zpe(cm-1) =   646.7     g = 1
   46  Vibrator  Freq(obs)= 1313.74  Freq(har)= 1313.74  Anh(cm-1)=    0.00  zpe(cm-1) =   656.9     g = 1
   47  Vibrator  Freq(obs)= 1322.21  Freq(har)= 1322.21  Anh(cm-1)=    0.00  zpe(cm-1) =   661.1     g = 1
   48  Vibrator  Freq(obs)= 1354.94  Freq(har)= 1354.94  Anh(cm-1)=    0.00  zpe(cm-1) =   677.5     g = 1
   49  Vibrator  Freq(obs)= 1360.68  Freq(har)= 1360.68  Anh(cm-1)=    0.00  zpe(cm-1) =   680.3     g = 1
   50  Vibrator  Freq(obs)= 1369.65  Freq(har)= 1369.65  Anh(cm-1)=    0.00  zpe(cm-1) =   684.8     g = 1
   51  Vibrator  Freq(obs)= 1385.32  Freq(har)= 1385.32  Anh(cm-1)=    0.00  zpe(cm-1) =   692.7     g = 1
   52  Vibrator  Freq(obs)= 1391.32  Freq(har)= 1391.32  Anh(cm-1)=    0.00  zpe(cm-1) =   695.7     g = 1
   53  Vibrator  Freq(obs)= 1401.40  Freq(har)= 1401.40  Anh(cm-1)=    0.00  zpe(cm-1) =   700.7     g = 1
   54  Vibrator  Freq(obs)= 1411.76  Freq(har)= 1411.76  Anh(cm-1)=    0.00  zpe(cm-1) =   705.9     g = 1
   55  Vibrator  Freq(obs)= 1420.30  Freq(har)= 1420.30  Anh(cm-1)=    0.00  zpe(cm-1) =   710.2     g = 1
   56  Vibrator  Freq(obs)= 1424.74  Freq(har)= 1424.74  Anh(cm-1)=    0.00  zpe(cm-1) =   712.4     g = 1
   57  Vibrator  Freq(obs)= 1459.37  Freq(har)= 1459.37  Anh(cm-1)=    0.00  zpe(cm-1) =   729.7     g = 1
   58  Vibrator  Freq(obs)= 1470.85  Freq(har)= 1470.85  Anh(cm-1)=    0.00  zpe(cm-1) =   735.4     g = 1
   59  Vibrator  Freq(obs)= 1487.62  Freq(har)= 1487.62  Anh(cm-1)=    0.00  zpe(cm-1) =   743.8     g = 1
   60  Vibrator  Freq(obs)= 1491.87  Freq(har)= 1491.87  Anh(cm-1)=    0.00  zpe(cm-1) =   745.9     g = 1
   61  Vibrator  Freq(obs)= 1497.22  Freq(har)= 1497.22  Anh(cm-1)=    0.00  zpe(cm-1) =   748.6     g = 1
   62  Vibrator  Freq(obs)= 1499.10  Freq(har)= 1499.10  Anh(cm-1)=    0.00  zpe(cm-1) =   749.6     g = 1
   63  Vibrator  Freq(obs)= 1504.75  Freq(har)= 1504.75  Anh(cm-1)=    0.00  zpe(cm-1) =   752.4     g = 1
   64  Vibrator  Freq(obs)= 1505.90  Freq(har)= 1505.90  Anh(cm-1)=    0.00  zpe(cm-1) =   752.9     g = 1
   65  Vibrator  Freq(obs)= 1512.81  Freq(har)= 1512.81  Anh(cm-1)=    0.00  zpe(cm-1) =   756.4     g = 1
   66  Vibrator  Freq(obs)= 2940.01  Freq(har)= 2940.01  Anh(cm-1)=    0.00  zpe(cm-1) =  1470.0     g = 1
   67  Vibrator  Freq(obs)= 2946.62  Freq(har)= 2946.62  Anh(cm-1)=    0.00  zpe(cm-1) =  1473.3     g = 1
   68  Vibrator  Freq(obs)= 2982.62  Freq(har)= 2982.62  Anh(cm-1)=    0.00  zpe(cm-1) =  1491.3     g = 1
   69  Vibrator  Freq(obs)= 2984.26  Freq(har)= 2984.26  Anh(cm-1)=    0.00  zpe(cm-1) =  1492.1     g = 1
   70  Vibrator  Freq(obs)= 3002.16  Freq(har)= 3002.16  Anh(cm-1)=    0.00  zpe(cm-1) =  1501.1     g = 1
   71  Vibrator  Freq(obs)= 3012.38  Freq(har)= 3012.38  Anh(cm-1)=    0.00  zpe(cm-1) =  1506.2     g = 1
   72  Vibrator  Freq(obs)= 3016.72  Freq(har)= 3016.72  Anh(cm-1)=    0.00  zpe(cm-1) =  1508.4     g = 1
   73  Vibrator  Freq(obs)= 3018.53  Freq(har)= 3018.53  Anh(cm-1)=    0.00  zpe(cm-1) =  1509.3     g = 1
   74  Vibrator  Freq(obs)= 3029.07  Freq(har)= 3029.07  Anh(cm-1)=    0.00  zpe(cm-1) =  1514.5     g = 1
   75  Vibrator  Freq(obs)= 3040.61  Freq(har)= 3040.61  Anh(cm-1)=    0.00  zpe(cm-1) =  1520.3     g = 1
   76  Vibrator  Freq(obs)= 3065.04  Freq(har)= 3065.04  Anh(cm-1)=    0.00  zpe(cm-1) =  1532.5     g = 1
   77  Vibrator  Freq(obs)= 3071.14  Freq(har)= 3071.14  Anh(cm-1)=    0.00  zpe(cm-1) =  1535.6     g = 1
   78  Vibrator  Freq(obs)= 3078.17  Freq(har)= 3078.17  Anh(cm-1)=    0.00  zpe(cm-1) =  1539.1     g = 1
   79  Vibrator  Freq(obs)= 3082.90  Freq(har)= 3082.90  Anh(cm-1)=    0.00  zpe(cm-1) =  1541.4     g = 1
   80  Vibrator  Freq(obs)= 3090.36  Freq(har)= 3090.36  Anh(cm-1)=    0.00  zpe(cm-1) =  1545.2     g = 1
   81  Vibrator  Freq(obs)= 3090.88  Freq(har)= 3090.88  Anh(cm-1)=    0.00  zpe(cm-1) =  1545.4     g = 1
   82  Vibrator  Freq(obs)= 3106.37  Freq(har)= 3106.37  Anh(cm-1)=    0.00  zpe(cm-1) =  1553.2     g = 1
   83  Vibrator  Freq(obs)= 3146.82  Freq(har)= 3146.82  Anh(cm-1)=    0.00  zpe(cm-1) =  1573.4     g = 1
   84  Vibrator  Freq(obs)= 3768.55  Freq(har)= 3768.55  Anh(cm-1)=    0.00  zpe(cm-1) =  1884.3     g = 1
   85  Quan.Rot  AmuAng^2 =  265.07  Symm =  1.   dim = 1  B =  0.0636 cm-1
   86  Quan.Rot  AmuAng^2 = 1294.82  Symm =  1.   dim = 2  B =  0.0130 cm-1


   TS_1_1d     Molecular Wt. = 159.249  ;  Empirical Formula:      H 19       C  9       O  2
          1. (blank comment line)                                                                                                                               
          2. (blank comment line)                                                                                                                               
          3. (blank comment line)                                                                                                                               
    Electronic Levels (degeneracies) 
                0.00 cm-1 ( 2)

    TUNNELING PARAMETERS: Unsymmetrical Eckart Barrier
     Imaginary Freq.:   1684.77i cm-1
         V(forward) :   1967.18 cm-1
         V(reverse) :   6700.44 cm-1
    1  Vibrator  Freq(obs)=   26.89  Freq(har)=   26.89  Anh(cm-1)=    0.00  zpe(cm-1) =    13.4     g = 1
    2  Vibrator  Freq(obs)=   41.77  Freq(har)=   41.77  Anh(cm-1)=    0.00  zpe(cm-1) =    20.9     g = 1
    3  Vibrator  Freq(obs)=   84.16  Freq(har)=   84.16  Anh(cm-1)=    0.00  zpe(cm-1) =    42.1     g = 1
    4  Vibrator  Freq(obs)=  103.48  Freq(har)=  103.48  Anh(cm-1)=    0.00  zpe(cm-1) =    51.7     g = 1
    5  Vibrator  Freq(obs)=  117.53  Freq(har)=  117.53  Anh(cm-1)=    0.00  zpe(cm-1) =    58.8     g = 1
    6  Vibrator  Freq(obs)=  161.19  Freq(har)=  161.19  Anh(cm-1)=    0.00  zpe(cm-1) =    80.6     g = 1
    7  Vibrator  Freq(obs)=  217.85  Freq(har)=  217.85  Anh(cm-1)=    0.00  zpe(cm-1) =   108.9     g = 1
    8  Vibrator  Freq(obs)=  222.58  Freq(har)=  222.58  Anh(cm-1)=    0.00  zpe(cm-1) =   111.3     g = 1
    9  Vibrator  Freq(obs)=  230.45  Freq(har)=  230.45  Anh(cm-1)=    0.00  zpe(cm-1) =   115.2     g = 1
   10  Vibrator  Freq(obs)=  248.57  Freq(har)=  248.57  Anh(cm-1)=    0.00  zpe(cm-1) =   124.3     g = 1
   11  Vibrator  Freq(obs)=  259.01  Freq(har)=  259.01  Anh(cm-1)=    0.00  zpe(cm-1) =   129.5     g = 1
   12  Vibrator  Freq(obs)=  303.96  Freq(har)=  303.96  Anh(cm-1)=    0.00  zpe(cm-1) =   152.0     g = 1
   13  Vibrator  Freq(obs)=  373.47  Freq(har)=  373.47  Anh(cm-1)=    0.00  zpe(cm-1) =   186.7     g = 1
   14  Vibrator  Freq(obs)=  390.20  Freq(har)=  390.20  Anh(cm-1)=    0.00  zpe(cm-1) =   195.1     g = 1
   15  Vibrator  Freq(obs)=  427.96  Freq(har)=  427.96  Anh(cm-1)=    0.00  zpe(cm-1) =   214.0     g = 1
   16  Vibrator  Freq(obs)=  463.83  Freq(har)=  463.83  Anh(cm-1)=    0.00  zpe(cm-1) =   231.9     g = 1
   17  Vibrator  Freq(obs)=  480.90  Freq(har)=  480.90  Anh(cm-1)=    0.00  zpe(cm-1) =   240.4     g = 1
   18  Vibrator  Freq(obs)=  496.97  Freq(har)=  496.97  Anh(cm-1)=    0.00  zpe(cm-1) =   248.5     g = 1
   19  Vibrator  Freq(obs)=  580.53  Freq(har)=  580.53  Anh(cm-1)=    0.00  zpe(cm-1) =   290.3     g = 1
   20  Vibrator  Freq(obs)=  681.17  Freq(har)=  681.17  Anh(cm-1)=    0.00  zpe(cm-1) =   340.6     g = 1
   21  Vibrator  Freq(obs)=  734.26  Freq(har)=  734.26  Anh(cm-1)=    0.00  zpe(cm-1) =   367.1     g = 1
   22  Vibrator  Freq(obs)=  789.67  Freq(har)=  789.67  Anh(cm-1)=    0.00  zpe(cm-1) =   394.8     g = 1
   23  Vibrator  Freq(obs)=  831.17  Freq(har)=  831.17  Anh(cm-1)=    0.00  zpe(cm-1) =   415.6     g = 1
   24  Vibrator  Freq(obs)=  836.57  Freq(har)=  836.57  Anh(cm-1)=    0.00  zpe(cm-1) =   418.3     g = 1
   25  Vibrator  Freq(obs)=  903.86  Freq(har)=  903.86  Anh(cm-1)=    0.00  zpe(cm-1) =   451.9     g = 1
   26  Vibrator  Freq(obs)=  928.14  Freq(har)=  928.14  Anh(cm-1)=    0.00  zpe(cm-1) =   464.1     g = 1
   27  Vibrator  Freq(obs)=  932.65  Freq(har)=  932.65  Anh(cm-1)=    0.00  zpe(cm-1) =   466.3     g = 1
   28  Vibrator  Freq(obs)=  947.88  Freq(har)=  947.88  Anh(cm-1)=    0.00  zpe(cm-1) =   473.9     g = 1
   29  Vibrator  Freq(obs)=  963.33  Freq(har)=  963.33  Anh(cm-1)=    0.00  zpe(cm-1) =   481.7     g = 1
   30  Vibrator  Freq(obs)=  966.94  Freq(har)=  966.94  Anh(cm-1)=    0.00  zpe(cm-1) =   483.5     g = 1
   31  Vibrator  Freq(obs)=  992.53  Freq(har)=  992.53  Anh(cm-1)=    0.00  zpe(cm-1) =   496.3     g = 1
   32  Vibrator  Freq(obs)= 1004.81  Freq(har)= 1004.81  Anh(cm-1)=    0.00  zpe(cm-1) =   502.4     g = 1
   33  Vibrator  Freq(obs)= 1033.58  Freq(har)= 1033.58  Anh(cm-1)=    0.00  zpe(cm-1) =   516.8     g = 1
   34  Vibrator  Freq(obs)= 1051.48  Freq(har)= 1051.48  Anh(cm-1)=    0.00  zpe(cm-1) =   525.7     g = 1
   35  Vibrator  Freq(obs)= 1072.72  Freq(har)= 1072.72  Anh(cm-1)=    0.00  zpe(cm-1) =   536.4     g = 1
   36  Vibrator  Freq(obs)= 1100.52  Freq(har)= 1100.52  Anh(cm-1)=    0.00  zpe(cm-1) =   550.3     g = 1
   37  Vibrator  Freq(obs)= 1138.49  Freq(har)= 1138.49  Anh(cm-1)=    0.00  zpe(cm-1) =   569.2     g = 1
   38  Vibrator  Freq(obs)= 1154.07  Freq(har)= 1154.07  Anh(cm-1)=    0.00  zpe(cm-1) =   577.0     g = 1
   39  Vibrator  Freq(obs)= 1171.89  Freq(har)= 1171.89  Anh(cm-1)=    0.00  zpe(cm-1) =   585.9     g = 1
   40  Vibrator  Freq(obs)= 1188.31  Freq(har)= 1188.31  Anh(cm-1)=    0.00  zpe(cm-1) =   594.2     g = 1
   41  Vibrator  Freq(obs)= 1193.55  Freq(har)= 1193.55  Anh(cm-1)=    0.00  zpe(cm-1) =   596.8     g = 1
   42  Vibrator  Freq(obs)= 1231.44  Freq(har)= 1231.44  Anh(cm-1)=    0.00  zpe(cm-1) =   615.7     g = 1
   43  Vibrator  Freq(obs)= 1252.50  Freq(har)= 1252.50  Anh(cm-1)=    0.00  zpe(cm-1) =   626.2     g = 1
   44  Vibrator  Freq(obs)= 1265.12  Freq(har)= 1265.12  Anh(cm-1)=    0.00  zpe(cm-1) =   632.6     g = 1
   45  Vibrator  Freq(obs)= 1285.87  Freq(har)= 1285.87  Anh(cm-1)=    0.00  zpe(cm-1) =   642.9     g = 1
   46  Vibrator  Freq(obs)= 1315.53  Freq(har)= 1315.53  Anh(cm-1)=    0.00  zpe(cm-1) =   657.8     g = 1
   47  Vibrator  Freq(obs)= 1322.14  Freq(har)= 1322.14  Anh(cm-1)=    0.00  zpe(cm-1) =   661.1     g = 1
   48  Vibrator  Freq(obs)= 1352.05  Freq(har)= 1352.05  Anh(cm-1)=    0.00  zpe(cm-1) =   676.0     g = 1
   49  Vibrator  Freq(obs)= 1370.77  Freq(har)= 1370.77  Anh(cm-1)=    0.00  zpe(cm-1) =   685.4     g = 1
   50  Vibrator  Freq(obs)= 1371.86  Freq(har)= 1371.86  Anh(cm-1)=    0.00  zpe(cm-1) =   685.9     g = 1
   51  Vibrator  Freq(obs)= 1386.47  Freq(har)= 1386.47  Anh(cm-1)=    0.00  zpe(cm-1) =   693.2     g = 1
   52  Vibrator  Freq(obs)= 1400.60  Freq(har)= 1400.60  Anh(cm-1)=    0.00  zpe(cm-1) =   700.3     g = 1
   53  Vibrator  Freq(obs)= 1405.74  Freq(har)= 1405.74  Anh(cm-1)=    0.00  zpe(cm-1) =   702.9     g = 1
   54  Vibrator  Freq(obs)= 1415.01  Freq(har)= 1415.01  Anh(cm-1)=    0.00  zpe(cm-1) =   707.5     g = 1
   55  Vibrator  Freq(obs)= 1424.31  Freq(har)= 1424.31  Anh(cm-1)=    0.00  zpe(cm-1) =   712.2     g = 1
   56  Vibrator  Freq(obs)= 1468.22  Freq(har)= 1468.22  Anh(cm-1)=    0.00  zpe(cm-1) =   734.1     g = 1
   57  Vibrator  Freq(obs)= 1476.03  Freq(har)= 1476.03  Anh(cm-1)=    0.00  zpe(cm-1) =   738.0     g = 1
   58  Vibrator  Freq(obs)= 1488.02  Freq(har)= 1488.02  Anh(cm-1)=    0.00  zpe(cm-1) =   744.0     g = 1
   59  Vibrator  Freq(obs)= 1492.09  Freq(har)= 1492.09  Anh(cm-1)=    0.00  zpe(cm-1) =   746.0     g = 1
   60  Vibrator  Freq(obs)= 1499.01  Freq(har)= 1499.01  Anh(cm-1)=    0.00  zpe(cm-1) =   749.5     g = 1
   61  Vibrator  Freq(obs)= 1500.45  Freq(har)= 1500.45  Anh(cm-1)=    0.00  zpe(cm-1) =   750.2     g = 1
   62  Vibrator  Freq(obs)= 1504.44  Freq(har)= 1504.44  Anh(cm-1)=    0.00  zpe(cm-1) =   752.2     g = 1
   63  Vibrator  Freq(obs)= 1507.95  Freq(har)= 1507.95  Anh(cm-1)=    0.00  zpe(cm-1) =   754.0     g = 1
   64  Vibrator  Freq(obs)= 1513.27  Freq(har)= 1513.27  Anh(cm-1)=    0.00  zpe(cm-1) =   756.6     g = 1
   65  Vibrator  Freq(obs)= 1573.66  Freq(har)= 1573.66  Anh(cm-1)=    0.00  zpe(cm-1) =   786.8     g = 1
   66  Vibrator  Freq(obs)= 2952.87  Freq(har)= 2952.87  Anh(cm-1)=    0.00  zpe(cm-1) =  1476.4     g = 1
   67  Vibrator  Freq(obs)= 2971.57  Freq(har)= 2971.57  Anh(cm-1)=    0.00  zpe(cm-1) =  1485.8     g = 1
   68  Vibrator  Freq(obs)= 2984.54  Freq(har)= 2984.54  Anh(cm-1)=    0.00  zpe(cm-1) =  1492.3     g = 1
   69  Vibrator  Freq(obs)= 3001.71  Freq(har)= 3001.71  Anh(cm-1)=    0.00  zpe(cm-1) =  1500.9     g = 1
   70  Vibrator  Freq(obs)= 3015.25  Freq(har)= 3015.25  Anh(cm-1)=    0.00  zpe(cm-1) =  1507.6     g = 1
   71  Vibrator  Freq(obs)= 3021.03  Freq(har)= 3021.03  Anh(cm-1)=    0.00  zpe(cm-1) =  1510.5     g = 1
   72  Vibrator  Freq(obs)= 3028.34  Freq(har)= 3028.34  Anh(cm-1)=    0.00  zpe(cm-1) =  1514.2     g = 1
   73  Vibrator  Freq(obs)= 3029.24  Freq(har)= 3029.24  Anh(cm-1)=    0.00  zpe(cm-1) =  1514.6     g = 1
   74  Vibrator  Freq(obs)= 3033.02  Freq(har)= 3033.02  Anh(cm-1)=    0.00  zpe(cm-1) =  1516.5     g = 1
   75  Vibrator  Freq(obs)= 3047.99  Freq(har)= 3047.99  Anh(cm-1)=    0.00  zpe(cm-1) =  1524.0     g = 1
   76  Vibrator  Freq(obs)= 3075.03  Freq(har)= 3075.03  Anh(cm-1)=    0.00  zpe(cm-1) =  1537.5     g = 1
   77  Vibrator  Freq(obs)= 3080.97  Freq(har)= 3080.97  Anh(cm-1)=    0.00  zpe(cm-1) =  1540.5     g = 1
   78  Vibrator  Freq(obs)= 3081.50  Freq(har)= 3081.50  Anh(cm-1)=    0.00  zpe(cm-1) =  1540.8     g = 1
   79  Vibrator  Freq(obs)= 3084.94  Freq(har)= 3084.94  Anh(cm-1)=    0.00  zpe(cm-1) =  1542.5     g = 1
   80  Vibrator  Freq(obs)= 3090.91  Freq(har)= 3090.91  Anh(cm-1)=    0.00  zpe(cm-1) =  1545.5     g = 1
   81  Vibrator  Freq(obs)= 3092.10  Freq(har)= 3092.10  Anh(cm-1)=    0.00  zpe(cm-1) =  1546.0     g = 1
   82  Vibrator  Freq(obs)= 3096.94  Freq(har)= 3096.94  Anh(cm-1)=    0.00  zpe(cm-1) =  1548.5     g = 1
   83  Vibrator  Freq(obs)= 3103.79  Freq(har)= 3103.79  Anh(cm-1)=    0.00  zpe(cm-1) =  1551.9     g = 1
   84  Quan.Rot  AmuAng^2 =  252.47  Symm =  1.   dim = 1  B =  0.0668 cm-1
   85  Quan.Rot  AmuAng^2 = 1195.08  Symm =  1.   dim = 2  B =  0.0141 cm-1


*  *  *  *  *  *  *  *  *  *  *  *  *  *  *  *  *  *  *  *  *  *  *  *  *  *  *  *  *  *  *  *  *  *  *

THERMODYNAMIC QUANTITIES          Std. State = molecule/cc 
   Entropy & Cp units: cal/K/mole
   DelS         units: cal/K/mole
   [H(T)-H(0)]  units: kcal/mole
   DelH & DelG  units: kcal/mole

Species Properties
                              ----Enthalpy----
 TYPE  NAME         Mol.Wt.    (O K)  (298.15 K) DelG(298)  ZPE(cm-1) Symmetry  opt.isomers
 reac  QOOH_1d     159.249      0.00    -13.56     29.17      58412.5      1         1
 ctst  TS_1_1d     159.249      5.62     -8.96     36.49      57731.6      1         1
                             ------- ---------  --------      -------
     NET (prod - react):        5.62      4.59      7.31       -680.9


               RATE k(T) = A*exp(B/T) (molecule/cc )**( 0) * sec-1                             QOOH_1d (reac)                       TS_1_1d (ctst)
        T(K)      k(T)      A(T)       B(T)    DelS(rxn) DelH(rxn) DelCp(rxn) DelG(rxn)     Qelectr  Entropy  Cp  [H(T)-H(0)]    Qelectr  Entropy  Cp  [H(T)-H(0)]
      298.15   4.000E+08   1.173E+10   -1007.     -9.12     4.59      -3.76       7.31        2.00   214.78    55.28    10.00      2.00   205.66    51.52     8.97
      300.00   4.084E+08   1.205E+10   -1015.     -9.15     4.59      -3.74       7.33        2.00   215.11    55.55    10.11      2.00   205.96    51.81     9.07
      400.00   1.093E+09   3.225E+10   -1354.    -10.12     4.25      -2.99       8.30        2.00   232.54    70.26    16.40      2.00   222.42    67.26    15.03
      450.00   1.617E+09   4.253E+10   -1471.    -10.45     4.11      -2.66       8.81        2.00   240.99    77.21    20.09      2.00   230.54    74.55    18.58
      500.00   2.265E+09   5.203E+10   -1567.    -10.72     3.98      -2.37       9.34        2.00   249.25    83.70    24.12      2.00   238.54    81.33    22.47
      550.00   3.033E+09   6.071E+10   -1648.    -10.93     3.87      -2.12       9.88        2.00   257.33    89.69    28.45      2.00   246.40    87.57    26.70
      600.00   3.912E+09   6.867E+10   -1719.    -11.10     3.77      -1.91      10.43        2.00   265.20    95.18    33.08      2.00   254.09    93.27    31.22
      650.00   4.894E+09   7.603E+10   -1783.    -11.25     3.68      -1.73      10.99        2.00   272.86   100.23    37.96      2.00   261.61    98.50    36.02
      700.00   5.970E+09   8.293E+10   -1842.    -11.37     3.60      -1.58      11.56        2.00   280.31   104.88    43.09      2.00   268.94   103.29    41.07
      750.00   7.130E+09   8.943E+10   -1897.    -11.48     3.52      -1.46      12.13        2.00   287.56   109.16    48.45      2.00   276.08   107.70    46.34
      800.00   8.366E+09   9.559E+10   -1949.    -11.57     3.45      -1.37      12.71        2.00   294.60   113.12    54.01      2.00   283.03   111.75    51.83
      850.00   9.669E+09   1.015E+11   -1998.    -11.65     3.38      -1.29      13.29        2.00   301.45   116.79    59.76      2.00   289.80   115.50    57.52
      900.00   1.103E+10   1.071E+11   -2046.    -11.72     3.32      -1.23      13.87        2.00   308.11   120.19    65.68      2.00   296.39   118.96    63.38
     1000.00   1.391E+10   1.176E+11   -2135.    -11.85     3.20      -1.15      15.05        2.00   320.89   126.29    78.01      2.00   309.04   125.13    75.59
     1100.00   1.694E+10   1.272E+11   -2218.    -11.95     3.09      -1.12      16.24        2.00   332.99   131.56    90.91      2.00   321.03   130.44    88.38
     1200.00   2.009E+10   1.359E+11   -2295.    -12.05     2.98      -1.12      17.44        2.00   344.46   136.14   104.31      2.00   332.41   135.02   101.66
     1300.00   2.331E+10   1.439E+11   -2366.    -12.14     2.87      -1.13      18.65        2.00   355.36   140.11   118.12      2.00   343.22   138.98   115.37
     1400.00   2.659E+10   1.511E+11   -2433.    -12.23     2.75      -1.16      19.87        2.00   365.73   143.57   132.31      2.00   353.50   142.41   129.44
     1500.00   2.989E+10   1.576E+11   -2494.    -12.31     2.63      -1.19      21.09        2.00   375.60   146.59   146.83      2.00   363.30   145.40   143.84
     1600.00   3.319E+10   1.635E+11   -2552.    -12.38     2.51      -1.23      22.33        2.00   385.02   149.23   161.62      2.00   372.64   148.00   158.51
     1700.00   3.648E+10   1.689E+11   -2605.    -12.46     2.39      -1.27      23.57        2.00   394.02   151.55   176.66      2.00   381.56   150.28   173.43
     1800.00   3.975E+10   1.737E+11   -2654.    -12.53     2.26      -1.31      24.82        2.00   402.63   153.58   191.93      2.00   390.09   152.28   188.56
     1900.00   4.298E+10   1.780E+11   -2700.    -12.61     2.13      -1.35      26.08        2.00   410.87   155.38   207.38      2.00   398.27   154.04   203.88
     2000.00   4.616E+10   1.819E+11   -2743.    -12.68     1.99      -1.38      27.34        2.00   418.78   156.98   223.00      2.00   406.10   155.59   219.36
     2100.00   4.929E+10   1.855E+11   -2783.    -12.74     1.85      -1.42      28.61        2.00   426.38   158.40   238.77      2.00   413.63   156.98   235.00
     2200.00   5.237E+10   1.887E+11   -2820.    -12.81     1.71      -1.45      29.89        2.00   433.68   159.66   254.68      2.00   420.87   158.21   250.76
     2300.00   5.538E+10   1.916E+11   -2855.    -12.88     1.56      -1.48      31.18        2.00   440.72   160.79   270.70      2.00   427.84   159.30   266.64
     2400.00   5.833E+10   1.943E+11   -2888.    -12.94     1.41      -1.51      32.47        2.00   447.50   161.80   286.83      2.00   434.56   160.29   282.62
     2500.00   6.122E+10   1.967E+11   -2918.    -13.00     1.26      -1.54      33.76        2.00   454.04   162.72   303.06      2.00   441.04   161.17   298.69
