%%%%%%%%%%%%%%%%%%%%%%%%%%%%%%%%%%%%%%%%%%%%%%%%%%%%%%%%%%%%%%%%%%%%%%%%%%%%%%%%%%%%%%%%%%%%%%%%%%%%%%%%%%%%%%%%%%%%%%%%%%

                                  John R. Barker
        Thermo-2014.1b            University of Michigan
                                  Ann Arbor, MI 48109-2143
        Jun 2014                  jrbarker@umich.edu
                                  (734) 763 6239

            http://aoss.engin.umich.edu/multiwell/

%%%%%%%%%%%%%%%%%%%%%%%%%%%%%%%%%%%%%%%%%%%%%%%%%%%%%%%%%%%%%%%%%%%%%%%%%%%%%%%%%%%%%%%%%%%%%%%%%%%%%%%%%%%%%%%%%%%%%%%%%%

  Suggested Literature Citations:

  a) MultiWell-2014.1 Software, Jun 2014, designed and
     maintained by J.R. Barker with contributors N.F. Ortiz,
     J.M. Preses, L.L. Lohr, A. Maranzana, P.J. Stimac, T. L.
     Nguyen, and T. J. Dhilip Kumar, University of Michigan,
     Ann Arbor, MI; http://aoss.engin.umich.edu/multiwell/

  b) J.R. Barker, Int. J. Chem. Kinetics, 33, 232-45 (2001).

%%%%%%%%%%%%%%%%%%%%%%%%%%%%%%%%%%%%%%%%%%%%%%%%%%%%%%%%%%%%%%%%%%%%%%%%%%%%%%%%%%%%%%%%%%%%%%%%%%%%%%%%%%%%%%%%%%%%%%%%%%


....................................................
          2015/04/25   01:47:15.872   (Local Time)
          year/mm/dd   hr:mi:second
                 CPU :        0.109 s (  0.000 hr)
....................................................


   QOOH_1e     Molecular Wt. = 159.249  ;  Empirical Formula:      H 19       C  9       O  2
          1. (blank comment line)                                                                                                                               
          2. (blank comment line)                                                                                                                               
          3. (blank comment line)                                                                                                                               
    Electronic Levels (degeneracies) 
                0.00 cm-1 ( 2)

    1  Vibrator  Freq(obs)=   23.47  Freq(har)=   23.47  Anh(cm-1)=    0.00  zpe(cm-1) =    11.7     g = 1
    2  Vibrator  Freq(obs)=   26.97  Freq(har)=   26.97  Anh(cm-1)=    0.00  zpe(cm-1) =    13.5     g = 1
    3  Vibrator  Freq(obs)=   45.67  Freq(har)=   45.67  Anh(cm-1)=    0.00  zpe(cm-1) =    22.8     g = 1
    4  Vibrator  Freq(obs)=   72.77  Freq(har)=   72.77  Anh(cm-1)=    0.00  zpe(cm-1) =    36.4     g = 1
    5  Vibrator  Freq(obs)=   99.99  Freq(har)=   99.99  Anh(cm-1)=    0.00  zpe(cm-1) =    50.0     g = 1
    6  Vibrator  Freq(obs)=  154.77  Freq(har)=  154.77  Anh(cm-1)=    0.00  zpe(cm-1) =    77.4     g = 1
    7  Vibrator  Freq(obs)=  192.10  Freq(har)=  192.10  Anh(cm-1)=    0.00  zpe(cm-1) =    96.1     g = 1
    8  Vibrator  Freq(obs)=  201.76  Freq(har)=  201.76  Anh(cm-1)=    0.00  zpe(cm-1) =   100.9     g = 1
    9  Vibrator  Freq(obs)=  205.64  Freq(har)=  205.64  Anh(cm-1)=    0.00  zpe(cm-1) =   102.8     g = 1
   10  Vibrator  Freq(obs)=  221.32  Freq(har)=  221.32  Anh(cm-1)=    0.00  zpe(cm-1) =   110.7     g = 1
   11  Vibrator  Freq(obs)=  224.84  Freq(har)=  224.84  Anh(cm-1)=    0.00  zpe(cm-1) =   112.4     g = 1
   12  Vibrator  Freq(obs)=  247.20  Freq(har)=  247.20  Anh(cm-1)=    0.00  zpe(cm-1) =   123.6     g = 1
   13  Vibrator  Freq(obs)=  254.48  Freq(har)=  254.48  Anh(cm-1)=    0.00  zpe(cm-1) =   127.2     g = 1
   14  Vibrator  Freq(obs)=  273.71  Freq(har)=  273.71  Anh(cm-1)=    0.00  zpe(cm-1) =   136.9     g = 1
   15  Vibrator  Freq(obs)=  344.31  Freq(har)=  344.31  Anh(cm-1)=    0.00  zpe(cm-1) =   172.2     g = 1
   16  Vibrator  Freq(obs)=  367.35  Freq(har)=  367.35  Anh(cm-1)=    0.00  zpe(cm-1) =   183.7     g = 1
   17  Vibrator  Freq(obs)=  400.70  Freq(har)=  400.70  Anh(cm-1)=    0.00  zpe(cm-1) =   200.4     g = 1
   18  Vibrator  Freq(obs)=  441.78  Freq(har)=  441.78  Anh(cm-1)=    0.00  zpe(cm-1) =   220.9     g = 1
   19  Vibrator  Freq(obs)=  452.02  Freq(har)=  452.02  Anh(cm-1)=    0.00  zpe(cm-1) =   226.0     g = 1
   20  Vibrator  Freq(obs)=  473.49  Freq(har)=  473.49  Anh(cm-1)=    0.00  zpe(cm-1) =   236.7     g = 1
   21  Vibrator  Freq(obs)=  509.86  Freq(har)=  509.86  Anh(cm-1)=    0.00  zpe(cm-1) =   254.9     g = 1
   22  Vibrator  Freq(obs)=  617.36  Freq(har)=  617.36  Anh(cm-1)=    0.00  zpe(cm-1) =   308.7     g = 1
   23  Vibrator  Freq(obs)=  780.23  Freq(har)=  780.23  Anh(cm-1)=    0.00  zpe(cm-1) =   390.1     g = 1
   24  Vibrator  Freq(obs)=  817.41  Freq(har)=  817.41  Anh(cm-1)=    0.00  zpe(cm-1) =   408.7     g = 1
   25  Vibrator  Freq(obs)=  836.02  Freq(har)=  836.02  Anh(cm-1)=    0.00  zpe(cm-1) =   418.0     g = 1
   26  Vibrator  Freq(obs)=  862.00  Freq(har)=  862.00  Anh(cm-1)=    0.00  zpe(cm-1) =   431.0     g = 1
   27  Vibrator  Freq(obs)=  900.04  Freq(har)=  900.04  Anh(cm-1)=    0.00  zpe(cm-1) =   450.0     g = 1
   28  Vibrator  Freq(obs)=  931.06  Freq(har)=  931.06  Anh(cm-1)=    0.00  zpe(cm-1) =   465.5     g = 1
   29  Vibrator  Freq(obs)=  931.90  Freq(har)=  931.90  Anh(cm-1)=    0.00  zpe(cm-1) =   465.9     g = 1
   30  Vibrator  Freq(obs)=  943.88  Freq(har)=  943.88  Anh(cm-1)=    0.00  zpe(cm-1) =   471.9     g = 1
   31  Vibrator  Freq(obs)=  948.27  Freq(har)=  948.27  Anh(cm-1)=    0.00  zpe(cm-1) =   474.1     g = 1
   32  Vibrator  Freq(obs)=  965.41  Freq(har)=  965.41  Anh(cm-1)=    0.00  zpe(cm-1) =   482.7     g = 1
   33  Vibrator  Freq(obs)= 1006.73  Freq(har)= 1006.73  Anh(cm-1)=    0.00  zpe(cm-1) =   503.4     g = 1
   34  Vibrator  Freq(obs)= 1021.81  Freq(har)= 1021.81  Anh(cm-1)=    0.00  zpe(cm-1) =   510.9     g = 1
   35  Vibrator  Freq(obs)= 1060.31  Freq(har)= 1060.31  Anh(cm-1)=    0.00  zpe(cm-1) =   530.2     g = 1
   36  Vibrator  Freq(obs)= 1105.28  Freq(har)= 1105.28  Anh(cm-1)=    0.00  zpe(cm-1) =   552.6     g = 1
   37  Vibrator  Freq(obs)= 1117.08  Freq(har)= 1117.08  Anh(cm-1)=    0.00  zpe(cm-1) =   558.5     g = 1
   38  Vibrator  Freq(obs)= 1135.45  Freq(har)= 1135.45  Anh(cm-1)=    0.00  zpe(cm-1) =   567.7     g = 1
   39  Vibrator  Freq(obs)= 1146.19  Freq(har)= 1146.19  Anh(cm-1)=    0.00  zpe(cm-1) =   573.1     g = 1
   40  Vibrator  Freq(obs)= 1183.57  Freq(har)= 1183.57  Anh(cm-1)=    0.00  zpe(cm-1) =   591.8     g = 1
   41  Vibrator  Freq(obs)= 1190.94  Freq(har)= 1190.94  Anh(cm-1)=    0.00  zpe(cm-1) =   595.5     g = 1
   42  Vibrator  Freq(obs)= 1214.71  Freq(har)= 1214.71  Anh(cm-1)=    0.00  zpe(cm-1) =   607.4     g = 1
   43  Vibrator  Freq(obs)= 1249.19  Freq(har)= 1249.19  Anh(cm-1)=    0.00  zpe(cm-1) =   624.6     g = 1
   44  Vibrator  Freq(obs)= 1264.26  Freq(har)= 1264.26  Anh(cm-1)=    0.00  zpe(cm-1) =   632.1     g = 1
   45  Vibrator  Freq(obs)= 1295.37  Freq(har)= 1295.37  Anh(cm-1)=    0.00  zpe(cm-1) =   647.7     g = 1
   46  Vibrator  Freq(obs)= 1325.00  Freq(har)= 1325.00  Anh(cm-1)=    0.00  zpe(cm-1) =   662.5     g = 1
   47  Vibrator  Freq(obs)= 1355.14  Freq(har)= 1355.14  Anh(cm-1)=    0.00  zpe(cm-1) =   677.6     g = 1
   48  Vibrator  Freq(obs)= 1360.40  Freq(har)= 1360.40  Anh(cm-1)=    0.00  zpe(cm-1) =   680.2     g = 1
   49  Vibrator  Freq(obs)= 1362.95  Freq(har)= 1362.95  Anh(cm-1)=    0.00  zpe(cm-1) =   681.5     g = 1
   50  Vibrator  Freq(obs)= 1366.51  Freq(har)= 1366.51  Anh(cm-1)=    0.00  zpe(cm-1) =   683.3     g = 1
   51  Vibrator  Freq(obs)= 1387.20  Freq(har)= 1387.20  Anh(cm-1)=    0.00  zpe(cm-1) =   693.6     g = 1
   52  Vibrator  Freq(obs)= 1391.06  Freq(har)= 1391.06  Anh(cm-1)=    0.00  zpe(cm-1) =   695.5     g = 1
   53  Vibrator  Freq(obs)= 1400.95  Freq(har)= 1400.95  Anh(cm-1)=    0.00  zpe(cm-1) =   700.5     g = 1
   54  Vibrator  Freq(obs)= 1413.58  Freq(har)= 1413.58  Anh(cm-1)=    0.00  zpe(cm-1) =   706.8     g = 1
   55  Vibrator  Freq(obs)= 1418.25  Freq(har)= 1418.25  Anh(cm-1)=    0.00  zpe(cm-1) =   709.1     g = 1
   56  Vibrator  Freq(obs)= 1425.52  Freq(har)= 1425.52  Anh(cm-1)=    0.00  zpe(cm-1) =   712.8     g = 1
   57  Vibrator  Freq(obs)= 1453.37  Freq(har)= 1453.37  Anh(cm-1)=    0.00  zpe(cm-1) =   726.7     g = 1
   58  Vibrator  Freq(obs)= 1463.69  Freq(har)= 1463.69  Anh(cm-1)=    0.00  zpe(cm-1) =   731.8     g = 1
   59  Vibrator  Freq(obs)= 1475.32  Freq(har)= 1475.32  Anh(cm-1)=    0.00  zpe(cm-1) =   737.7     g = 1
   60  Vibrator  Freq(obs)= 1489.61  Freq(har)= 1489.61  Anh(cm-1)=    0.00  zpe(cm-1) =   744.8     g = 1
   61  Vibrator  Freq(obs)= 1493.55  Freq(har)= 1493.55  Anh(cm-1)=    0.00  zpe(cm-1) =   746.8     g = 1
   62  Vibrator  Freq(obs)= 1495.95  Freq(har)= 1495.95  Anh(cm-1)=    0.00  zpe(cm-1) =   748.0     g = 1
   63  Vibrator  Freq(obs)= 1503.64  Freq(har)= 1503.64  Anh(cm-1)=    0.00  zpe(cm-1) =   751.8     g = 1
   64  Vibrator  Freq(obs)= 1506.76  Freq(har)= 1506.76  Anh(cm-1)=    0.00  zpe(cm-1) =   753.4     g = 1
   65  Vibrator  Freq(obs)= 1511.07  Freq(har)= 1511.07  Anh(cm-1)=    0.00  zpe(cm-1) =   755.5     g = 1
   66  Vibrator  Freq(obs)= 2902.65  Freq(har)= 2902.65  Anh(cm-1)=    0.00  zpe(cm-1) =  1451.3     g = 1
   67  Vibrator  Freq(obs)= 2918.82  Freq(har)= 2918.82  Anh(cm-1)=    0.00  zpe(cm-1) =  1459.4     g = 1
   68  Vibrator  Freq(obs)= 2980.41  Freq(har)= 2980.41  Anh(cm-1)=    0.00  zpe(cm-1) =  1490.2     g = 1
   69  Vibrator  Freq(obs)= 2983.90  Freq(har)= 2983.90  Anh(cm-1)=    0.00  zpe(cm-1) =  1492.0     g = 1
   70  Vibrator  Freq(obs)= 2999.15  Freq(har)= 2999.15  Anh(cm-1)=    0.00  zpe(cm-1) =  1499.6     g = 1
   71  Vibrator  Freq(obs)= 3012.30  Freq(har)= 3012.30  Anh(cm-1)=    0.00  zpe(cm-1) =  1506.1     g = 1
   72  Vibrator  Freq(obs)= 3017.58  Freq(har)= 3017.58  Anh(cm-1)=    0.00  zpe(cm-1) =  1508.8     g = 1
   73  Vibrator  Freq(obs)= 3021.30  Freq(har)= 3021.30  Anh(cm-1)=    0.00  zpe(cm-1) =  1510.7     g = 1
   74  Vibrator  Freq(obs)= 3027.17  Freq(har)= 3027.17  Anh(cm-1)=    0.00  zpe(cm-1) =  1513.6     g = 1
   75  Vibrator  Freq(obs)= 3064.67  Freq(har)= 3064.67  Anh(cm-1)=    0.00  zpe(cm-1) =  1532.3     g = 1
   76  Vibrator  Freq(obs)= 3069.45  Freq(har)= 3069.45  Anh(cm-1)=    0.00  zpe(cm-1) =  1534.7     g = 1
   77  Vibrator  Freq(obs)= 3071.05  Freq(har)= 3071.05  Anh(cm-1)=    0.00  zpe(cm-1) =  1535.5     g = 1
   78  Vibrator  Freq(obs)= 3077.56  Freq(har)= 3077.56  Anh(cm-1)=    0.00  zpe(cm-1) =  1538.8     g = 1
   79  Vibrator  Freq(obs)= 3083.27  Freq(har)= 3083.27  Anh(cm-1)=    0.00  zpe(cm-1) =  1541.6     g = 1
   80  Vibrator  Freq(obs)= 3084.91  Freq(har)= 3084.91  Anh(cm-1)=    0.00  zpe(cm-1) =  1542.5     g = 1
   81  Vibrator  Freq(obs)= 3089.34  Freq(har)= 3089.34  Anh(cm-1)=    0.00  zpe(cm-1) =  1544.7     g = 1
   82  Vibrator  Freq(obs)= 3100.80  Freq(har)= 3100.80  Anh(cm-1)=    0.00  zpe(cm-1) =  1550.4     g = 1
   83  Vibrator  Freq(obs)= 3115.05  Freq(har)= 3115.05  Anh(cm-1)=    0.00  zpe(cm-1) =  1557.5     g = 1
   84  Vibrator  Freq(obs)= 3770.66  Freq(har)= 3770.66  Anh(cm-1)=    0.00  zpe(cm-1) =  1885.3     g = 1
   85  Quan.Rot  AmuAng^2 =  286.80  Symm =  1.   dim = 1  B =  0.0588 cm-1
   86  Quan.Rot  AmuAng^2 = 1087.86  Symm =  1.   dim = 2  B =  0.0155 cm-1


   TS_1_1e     Molecular Wt. = 159.249  ;  Empirical Formula:      H 19       C  9       O  2
          1. (blank comment line)                                                                                                                               
          2. (blank comment line)                                                                                                                               
          3. (blank comment line)                                                                                                                               
    Electronic Levels (degeneracies) 
                0.00 cm-1 ( 2)

    TUNNELING PARAMETERS: Unsymmetrical Eckart Barrier
     Imaginary Freq.:   1712.49i cm-1
         V(forward) :   2253.16 cm-1
         V(reverse) :   6584.34 cm-1
    1  Vibrator  Freq(obs)=   33.68  Freq(har)=   33.68  Anh(cm-1)=    0.00  zpe(cm-1) =    16.8     g = 1
    2  Vibrator  Freq(obs)=   52.94  Freq(har)=   52.94  Anh(cm-1)=    0.00  zpe(cm-1) =    26.5     g = 1
    3  Vibrator  Freq(obs)=   84.39  Freq(har)=   84.39  Anh(cm-1)=    0.00  zpe(cm-1) =    42.2     g = 1
    4  Vibrator  Freq(obs)=  107.51  Freq(har)=  107.51  Anh(cm-1)=    0.00  zpe(cm-1) =    53.8     g = 1
    5  Vibrator  Freq(obs)=  140.46  Freq(har)=  140.46  Anh(cm-1)=    0.00  zpe(cm-1) =    70.2     g = 1
    6  Vibrator  Freq(obs)=  206.85  Freq(har)=  206.85  Anh(cm-1)=    0.00  zpe(cm-1) =   103.4     g = 1
    7  Vibrator  Freq(obs)=  229.69  Freq(har)=  229.69  Anh(cm-1)=    0.00  zpe(cm-1) =   114.8     g = 1
    8  Vibrator  Freq(obs)=  234.77  Freq(har)=  234.77  Anh(cm-1)=    0.00  zpe(cm-1) =   117.4     g = 1
    9  Vibrator  Freq(obs)=  260.89  Freq(har)=  260.89  Anh(cm-1)=    0.00  zpe(cm-1) =   130.4     g = 1
   10  Vibrator  Freq(obs)=  261.31  Freq(har)=  261.31  Anh(cm-1)=    0.00  zpe(cm-1) =   130.7     g = 1
   11  Vibrator  Freq(obs)=  289.07  Freq(har)=  289.07  Anh(cm-1)=    0.00  zpe(cm-1) =   144.5     g = 1
   12  Vibrator  Freq(obs)=  327.95  Freq(har)=  327.95  Anh(cm-1)=    0.00  zpe(cm-1) =   164.0     g = 1
   13  Vibrator  Freq(obs)=  353.18  Freq(har)=  353.18  Anh(cm-1)=    0.00  zpe(cm-1) =   176.6     g = 1
   14  Vibrator  Freq(obs)=  374.53  Freq(har)=  374.53  Anh(cm-1)=    0.00  zpe(cm-1) =   187.3     g = 1
   15  Vibrator  Freq(obs)=  407.47  Freq(har)=  407.47  Anh(cm-1)=    0.00  zpe(cm-1) =   203.7     g = 1
   16  Vibrator  Freq(obs)=  415.89  Freq(har)=  415.89  Anh(cm-1)=    0.00  zpe(cm-1) =   207.9     g = 1
   17  Vibrator  Freq(obs)=  447.73  Freq(har)=  447.73  Anh(cm-1)=    0.00  zpe(cm-1) =   223.9     g = 1
   18  Vibrator  Freq(obs)=  497.88  Freq(har)=  497.88  Anh(cm-1)=    0.00  zpe(cm-1) =   248.9     g = 1
   19  Vibrator  Freq(obs)=  559.13  Freq(har)=  559.13  Anh(cm-1)=    0.00  zpe(cm-1) =   279.6     g = 1
   20  Vibrator  Freq(obs)=  592.00  Freq(har)=  592.00  Anh(cm-1)=    0.00  zpe(cm-1) =   296.0     g = 1
   21  Vibrator  Freq(obs)=  786.88  Freq(har)=  786.88  Anh(cm-1)=    0.00  zpe(cm-1) =   393.4     g = 1
   22  Vibrator  Freq(obs)=  814.65  Freq(har)=  814.65  Anh(cm-1)=    0.00  zpe(cm-1) =   407.3     g = 1
   23  Vibrator  Freq(obs)=  841.89  Freq(har)=  841.89  Anh(cm-1)=    0.00  zpe(cm-1) =   420.9     g = 1
   24  Vibrator  Freq(obs)=  851.55  Freq(har)=  851.55  Anh(cm-1)=    0.00  zpe(cm-1) =   425.8     g = 1
   25  Vibrator  Freq(obs)=  894.29  Freq(har)=  894.29  Anh(cm-1)=    0.00  zpe(cm-1) =   447.1     g = 1
   26  Vibrator  Freq(obs)=  930.28  Freq(har)=  930.28  Anh(cm-1)=    0.00  zpe(cm-1) =   465.1     g = 1
   27  Vibrator  Freq(obs)=  940.56  Freq(har)=  940.56  Anh(cm-1)=    0.00  zpe(cm-1) =   470.3     g = 1
   28  Vibrator  Freq(obs)=  950.36  Freq(har)=  950.36  Anh(cm-1)=    0.00  zpe(cm-1) =   475.2     g = 1
   29  Vibrator  Freq(obs)=  962.62  Freq(har)=  962.62  Anh(cm-1)=    0.00  zpe(cm-1) =   481.3     g = 1
   30  Vibrator  Freq(obs)=  968.95  Freq(har)=  968.95  Anh(cm-1)=    0.00  zpe(cm-1) =   484.5     g = 1
   31  Vibrator  Freq(obs)=  991.46  Freq(har)=  991.46  Anh(cm-1)=    0.00  zpe(cm-1) =   495.7     g = 1
   32  Vibrator  Freq(obs)= 1024.51  Freq(har)= 1024.51  Anh(cm-1)=    0.00  zpe(cm-1) =   512.3     g = 1
   33  Vibrator  Freq(obs)= 1030.62  Freq(har)= 1030.62  Anh(cm-1)=    0.00  zpe(cm-1) =   515.3     g = 1
   34  Vibrator  Freq(obs)= 1064.62  Freq(har)= 1064.62  Anh(cm-1)=    0.00  zpe(cm-1) =   532.3     g = 1
   35  Vibrator  Freq(obs)= 1087.54  Freq(har)= 1087.54  Anh(cm-1)=    0.00  zpe(cm-1) =   543.8     g = 1
   36  Vibrator  Freq(obs)= 1112.68  Freq(har)= 1112.68  Anh(cm-1)=    0.00  zpe(cm-1) =   556.3     g = 1
   37  Vibrator  Freq(obs)= 1140.22  Freq(har)= 1140.22  Anh(cm-1)=    0.00  zpe(cm-1) =   570.1     g = 1
   38  Vibrator  Freq(obs)= 1142.05  Freq(har)= 1142.05  Anh(cm-1)=    0.00  zpe(cm-1) =   571.0     g = 1
   39  Vibrator  Freq(obs)= 1170.85  Freq(har)= 1170.85  Anh(cm-1)=    0.00  zpe(cm-1) =   585.4     g = 1
   40  Vibrator  Freq(obs)= 1183.78  Freq(har)= 1183.78  Anh(cm-1)=    0.00  zpe(cm-1) =   591.9     g = 1
   41  Vibrator  Freq(obs)= 1191.99  Freq(har)= 1191.99  Anh(cm-1)=    0.00  zpe(cm-1) =   596.0     g = 1
   42  Vibrator  Freq(obs)= 1228.28  Freq(har)= 1228.28  Anh(cm-1)=    0.00  zpe(cm-1) =   614.1     g = 1
   43  Vibrator  Freq(obs)= 1263.31  Freq(har)= 1263.31  Anh(cm-1)=    0.00  zpe(cm-1) =   631.7     g = 1
   44  Vibrator  Freq(obs)= 1276.82  Freq(har)= 1276.82  Anh(cm-1)=    0.00  zpe(cm-1) =   638.4     g = 1
   45  Vibrator  Freq(obs)= 1298.83  Freq(har)= 1298.83  Anh(cm-1)=    0.00  zpe(cm-1) =   649.4     g = 1
   46  Vibrator  Freq(obs)= 1320.32  Freq(har)= 1320.32  Anh(cm-1)=    0.00  zpe(cm-1) =   660.2     g = 1
   47  Vibrator  Freq(obs)= 1337.63  Freq(har)= 1337.63  Anh(cm-1)=    0.00  zpe(cm-1) =   668.8     g = 1
   48  Vibrator  Freq(obs)= 1363.04  Freq(har)= 1363.04  Anh(cm-1)=    0.00  zpe(cm-1) =   681.5     g = 1
   49  Vibrator  Freq(obs)= 1370.43  Freq(har)= 1370.43  Anh(cm-1)=    0.00  zpe(cm-1) =   685.2     g = 1
   50  Vibrator  Freq(obs)= 1388.79  Freq(har)= 1388.79  Anh(cm-1)=    0.00  zpe(cm-1) =   694.4     g = 1
   51  Vibrator  Freq(obs)= 1395.44  Freq(har)= 1395.44  Anh(cm-1)=    0.00  zpe(cm-1) =   697.7     g = 1
   52  Vibrator  Freq(obs)= 1399.50  Freq(har)= 1399.50  Anh(cm-1)=    0.00  zpe(cm-1) =   699.7     g = 1
   53  Vibrator  Freq(obs)= 1405.42  Freq(har)= 1405.42  Anh(cm-1)=    0.00  zpe(cm-1) =   702.7     g = 1
   54  Vibrator  Freq(obs)= 1415.87  Freq(har)= 1415.87  Anh(cm-1)=    0.00  zpe(cm-1) =   707.9     g = 1
   55  Vibrator  Freq(obs)= 1427.20  Freq(har)= 1427.20  Anh(cm-1)=    0.00  zpe(cm-1) =   713.6     g = 1
   56  Vibrator  Freq(obs)= 1461.37  Freq(har)= 1461.37  Anh(cm-1)=    0.00  zpe(cm-1) =   730.7     g = 1
   57  Vibrator  Freq(obs)= 1470.06  Freq(har)= 1470.06  Anh(cm-1)=    0.00  zpe(cm-1) =   735.0     g = 1
   58  Vibrator  Freq(obs)= 1480.57  Freq(har)= 1480.57  Anh(cm-1)=    0.00  zpe(cm-1) =   740.3     g = 1
   59  Vibrator  Freq(obs)= 1488.14  Freq(har)= 1488.14  Anh(cm-1)=    0.00  zpe(cm-1) =   744.1     g = 1
   60  Vibrator  Freq(obs)= 1496.39  Freq(har)= 1496.39  Anh(cm-1)=    0.00  zpe(cm-1) =   748.2     g = 1
   61  Vibrator  Freq(obs)= 1502.81  Freq(har)= 1502.81  Anh(cm-1)=    0.00  zpe(cm-1) =   751.4     g = 1
   62  Vibrator  Freq(obs)= 1503.71  Freq(har)= 1503.71  Anh(cm-1)=    0.00  zpe(cm-1) =   751.9     g = 1
   63  Vibrator  Freq(obs)= 1505.90  Freq(har)= 1505.90  Anh(cm-1)=    0.00  zpe(cm-1) =   752.9     g = 1
   64  Vibrator  Freq(obs)= 1509.31  Freq(har)= 1509.31  Anh(cm-1)=    0.00  zpe(cm-1) =   754.7     g = 1
   65  Vibrator  Freq(obs)= 1521.01  Freq(har)= 1521.01  Anh(cm-1)=    0.00  zpe(cm-1) =   760.5     g = 1
   66  Vibrator  Freq(obs)= 2945.40  Freq(har)= 2945.40  Anh(cm-1)=    0.00  zpe(cm-1) =  1472.7     g = 1
   67  Vibrator  Freq(obs)= 2976.71  Freq(har)= 2976.71  Anh(cm-1)=    0.00  zpe(cm-1) =  1488.4     g = 1
   68  Vibrator  Freq(obs)= 2986.00  Freq(har)= 2986.00  Anh(cm-1)=    0.00  zpe(cm-1) =  1493.0     g = 1
   69  Vibrator  Freq(obs)= 3010.71  Freq(har)= 3010.71  Anh(cm-1)=    0.00  zpe(cm-1) =  1505.4     g = 1
   70  Vibrator  Freq(obs)= 3015.00  Freq(har)= 3015.00  Anh(cm-1)=    0.00  zpe(cm-1) =  1507.5     g = 1
   71  Vibrator  Freq(obs)= 3015.68  Freq(har)= 3015.68  Anh(cm-1)=    0.00  zpe(cm-1) =  1507.8     g = 1
   72  Vibrator  Freq(obs)= 3020.43  Freq(har)= 3020.43  Anh(cm-1)=    0.00  zpe(cm-1) =  1510.2     g = 1
   73  Vibrator  Freq(obs)= 3022.36  Freq(har)= 3022.36  Anh(cm-1)=    0.00  zpe(cm-1) =  1511.2     g = 1
   74  Vibrator  Freq(obs)= 3025.40  Freq(har)= 3025.40  Anh(cm-1)=    0.00  zpe(cm-1) =  1512.7     g = 1
   75  Vibrator  Freq(obs)= 3040.51  Freq(har)= 3040.51  Anh(cm-1)=    0.00  zpe(cm-1) =  1520.3     g = 1
   76  Vibrator  Freq(obs)= 3056.61  Freq(har)= 3056.61  Anh(cm-1)=    0.00  zpe(cm-1) =  1528.3     g = 1
   77  Vibrator  Freq(obs)= 3070.25  Freq(har)= 3070.25  Anh(cm-1)=    0.00  zpe(cm-1) =  1535.1     g = 1
   78  Vibrator  Freq(obs)= 3075.68  Freq(har)= 3075.68  Anh(cm-1)=    0.00  zpe(cm-1) =  1537.8     g = 1
   79  Vibrator  Freq(obs)= 3080.81  Freq(har)= 3080.81  Anh(cm-1)=    0.00  zpe(cm-1) =  1540.4     g = 1
   80  Vibrator  Freq(obs)= 3082.20  Freq(har)= 3082.20  Anh(cm-1)=    0.00  zpe(cm-1) =  1541.1     g = 1
   81  Vibrator  Freq(obs)= 3086.48  Freq(har)= 3086.48  Anh(cm-1)=    0.00  zpe(cm-1) =  1543.2     g = 1
   82  Vibrator  Freq(obs)= 3089.85  Freq(har)= 3089.85  Anh(cm-1)=    0.00  zpe(cm-1) =  1544.9     g = 1
   83  Vibrator  Freq(obs)= 3101.76  Freq(har)= 3101.76  Anh(cm-1)=    0.00  zpe(cm-1) =  1550.9     g = 1
   84  Quan.Rot  AmuAng^2 =  257.36  Symm =  1.   dim = 1  B =  0.0655 cm-1
   85  Quan.Rot  AmuAng^2 = 1060.76  Symm =  1.   dim = 2  B =  0.0159 cm-1


*  *  *  *  *  *  *  *  *  *  *  *  *  *  *  *  *  *  *  *  *  *  *  *  *  *  *  *  *  *  *  *  *  *  *

THERMODYNAMIC QUANTITIES          Std. State = molecule/cc 
   Entropy & Cp units: cal/K/mole
   DelS         units: cal/K/mole
   [H(T)-H(0)]  units: kcal/mole
   DelH & DelG  units: kcal/mole

Species Properties
                              ----Enthalpy----
 TYPE  NAME         Mol.Wt.    (O K)  (298.15 K) DelG(298)  ZPE(cm-1) Symmetry  opt.isomers
 reac  QOOH_1e     159.249      0.00    -13.61     29.28      58374.1      1         1
 ctst  TS_1_1e     159.249      6.44     -8.26     37.88      57745.8      1         1
                             ------- ---------  --------      -------
     NET (prod - react):        6.44      5.35      8.60       -628.3


               RATE k(T) = A*exp(B/T) (molecule/cc )**( 0) * sec-1                             QOOH_1e (reac)                       TS_1_1e (ctst)
        T(K)      k(T)      A(T)       B(T)    DelS(rxn) DelH(rxn) DelCp(rxn) DelG(rxn)     Qelectr  Entropy  Cp  [H(T)-H(0)]    Qelectr  Entropy  Cp  [H(T)-H(0)]
      298.15   5.964E+07   2.905E+09   -1159.    -10.92     5.35      -3.75       8.60        2.00   214.27    55.26     9.95      2.00   203.35    51.51     8.86
      300.00   6.109E+07   3.006E+09   -1169.    -10.94     5.34      -3.74       8.62        2.00   214.60    55.53    10.06      2.00   203.66    51.80     8.95
      400.00   1.933E+08   1.058E+10   -1601.    -11.92     5.00      -3.05       9.77        2.00   232.03    70.27    16.35      2.00   220.11    67.22    14.91
      450.00   3.075E+08   1.483E+10   -1744.    -12.26     4.85      -2.74      10.37        2.00   240.48    77.24    20.04      2.00   228.22    74.50    18.45
      500.00   4.586E+08   1.882E+10   -1857.    -12.53     4.73      -2.45      10.99        2.00   248.75    83.73    24.07      2.00   236.22    81.28    22.35
      550.00   6.479E+08   2.246E+10   -1950.    -12.75     4.61      -2.20      11.62        2.00   256.83    89.72    28.41      2.00   244.07    87.52    26.57
      600.00   8.753E+08   2.577E+10   -2029.    -12.94     4.50      -1.99      12.27        2.00   264.70    95.22    33.03      2.00   251.76    93.23    31.10
      650.00   1.140E+09   2.880E+10   -2099.    -13.09     4.41      -1.81      12.92        2.00   272.36   100.27    37.92      2.00   259.27    98.47    35.89
      700.00   1.440E+09   3.161E+10   -2162.    -13.22     4.32      -1.65      13.57        2.00   279.82   104.92    43.06      2.00   266.60   103.27    40.94
      750.00   1.773E+09   3.423E+10   -2220.    -13.33     4.24      -1.53      14.24        2.00   287.07   109.21    48.41      2.00   273.74   107.68    46.21
      800.00   2.137E+09   3.669E+10   -2274.    -13.42     4.17      -1.43      14.91        2.00   294.12   113.17    53.97      2.00   280.70   111.74    51.70
      850.00   2.530E+09   3.903E+10   -2326.    -13.51     4.10      -1.35      15.58        2.00   300.97   116.84    59.72      2.00   287.46   115.49    57.38
      900.00   2.949E+09   4.125E+10   -2374.    -13.58     4.03      -1.28      16.26        2.00   307.63   120.24    65.65      2.00   294.05   118.96    63.25
     1000.00   3.856E+09   4.538E+10   -2465.    -13.71     3.91      -1.20      17.62        2.00   320.42   126.34    77.99      2.00   306.70   125.14    75.46
     1100.00   4.840E+09   4.914E+10   -2549.    -13.82     3.79      -1.16      19.00        2.00   332.52   131.62    90.90      2.00   318.70   130.46    88.25
     1200.00   5.886E+09   5.255E+10   -2627.    -13.92     3.68      -1.15      20.39        2.00   344.00   136.19   104.29      2.00   330.08   135.04   101.53
     1300.00   6.978E+09   5.565E+10   -2699.    -14.02     3.56      -1.16      21.78        2.00   354.90   140.16   118.12      2.00   340.89   139.01   115.24
     1400.00   8.105E+09   5.846E+10   -2766.    -14.10     3.45      -1.18      23.19        2.00   365.27   143.62   132.31      2.00   351.17   142.44   129.32
     1500.00   9.257E+09   6.099E+10   -2828.    -14.18     3.33      -1.21      24.60        2.00   375.15   146.64   146.83      2.00   360.97   145.42   143.71
     1600.00   1.042E+10   6.328E+10   -2885.    -14.26     3.20      -1.25      26.03        2.00   384.57   149.27   161.63      2.00   370.31   148.03   158.39
     1700.00   1.160E+10   6.535E+10   -2939.    -14.34     3.08      -1.28      27.46        2.00   393.57   151.59   176.68      2.00   379.23   150.30   173.31
     1800.00   1.278E+10   6.721E+10   -2988.    -14.41     2.95      -1.32      28.89        2.00   402.18   153.62   191.94      2.00   387.77   152.30   188.45
     1900.00   1.395E+10   6.889E+10   -3035.    -14.49     2.81      -1.36      30.34        2.00   410.43   155.42   207.40      2.00   395.94   154.06   203.77
     2000.00   1.511E+10   7.042E+10   -3078.    -14.56     2.68      -1.39      31.79        2.00   418.34   157.01   223.02      2.00   403.78   155.62   219.25
     2100.00   1.627E+10   7.179E+10   -3118.    -14.63     2.53      -1.43      33.25        2.00   425.94   158.43   238.80      2.00   411.31   157.00   234.89
     2200.00   1.741E+10   7.304E+10   -3155.    -14.69     2.39      -1.46      34.72        2.00   433.25   159.69   254.70      2.00   418.55   158.23   250.65
     2300.00   1.853E+10   7.417E+10   -3190.    -14.76     2.24      -1.49      36.19        2.00   440.28   160.82   270.73      2.00   425.52   159.33   266.53
     2400.00   1.964E+10   7.520E+10   -3222.    -14.82     2.09      -1.52      37.67        2.00   447.06   161.83   286.87      2.00   432.24   160.31   282.52
     2500.00   2.072E+10   7.613E+10   -3253.    -14.89     1.94      -1.55      39.15        2.00   453.61   162.74   303.10      2.00   438.72   161.19   298.59
