%%%%%%%%%%%%%%%%%%%%%%%%%%%%%%%%%%%%%%%%%%%%%%%%%%%%%%%%%%%%%%%%%%%%%%%%%%%%%%%%%%%%%%%%%%%%%%%%%%%%%%%%%%%%%%%%%%%%%%%%%%

                                  John R. Barker
        Thermo-2014.1b            University of Michigan
                                  Ann Arbor, MI 48109-2143
        Jun 2014                  jrbarker@umich.edu
                                  (734) 763 6239

            http://aoss.engin.umich.edu/multiwell/

%%%%%%%%%%%%%%%%%%%%%%%%%%%%%%%%%%%%%%%%%%%%%%%%%%%%%%%%%%%%%%%%%%%%%%%%%%%%%%%%%%%%%%%%%%%%%%%%%%%%%%%%%%%%%%%%%%%%%%%%%%

  Suggested Literature Citations:

  a) MultiWell-2014.1 Software, Jun 2014, designed and
     maintained by J.R. Barker with contributors N.F. Ortiz,
     J.M. Preses, L.L. Lohr, A. Maranzana, P.J. Stimac, T. L.
     Nguyen, and T. J. Dhilip Kumar, University of Michigan,
     Ann Arbor, MI; http://aoss.engin.umich.edu/multiwell/

  b) J.R. Barker, Int. J. Chem. Kinetics, 33, 232-45 (2001).

%%%%%%%%%%%%%%%%%%%%%%%%%%%%%%%%%%%%%%%%%%%%%%%%%%%%%%%%%%%%%%%%%%%%%%%%%%%%%%%%%%%%%%%%%%%%%%%%%%%%%%%%%%%%%%%%%%%%%%%%%%


....................................................
          2015/04/25   01:47:15.466   (Local Time)
          year/mm/dd   hr:mi:second
                 CPU :        0.109 s (  0.000 hr)
....................................................


   QOOH_1b     Molecular Wt. = 159.249  ;  Empirical Formula:      H 19       C  9       O  2
          1. (blank comment line)                                                                                                                               
          2. (blank comment line)                                                                                                                               
          3. (blank comment line)                                                                                                                               
    Electronic Levels (degeneracies) 
                0.00 cm-1 ( 2)

    1  Vibrator  Freq(obs)=   32.24  Freq(har)=   32.24  Anh(cm-1)=    0.00  zpe(cm-1) =    16.1     g = 1
    2  Vibrator  Freq(obs)=   36.14  Freq(har)=   36.14  Anh(cm-1)=    0.00  zpe(cm-1) =    18.1     g = 1
    3  Vibrator  Freq(obs)=   71.44  Freq(har)=   71.44  Anh(cm-1)=    0.00  zpe(cm-1) =    35.7     g = 1
    4  Vibrator  Freq(obs)=   92.81  Freq(har)=   92.81  Anh(cm-1)=    0.00  zpe(cm-1) =    46.4     g = 1
    5  Vibrator  Freq(obs)=  109.36  Freq(har)=  109.36  Anh(cm-1)=    0.00  zpe(cm-1) =    54.7     g = 1
    6  Vibrator  Freq(obs)=  120.44  Freq(har)=  120.44  Anh(cm-1)=    0.00  zpe(cm-1) =    60.2     g = 1
    7  Vibrator  Freq(obs)=  163.87  Freq(har)=  163.87  Anh(cm-1)=    0.00  zpe(cm-1) =    81.9     g = 1
    8  Vibrator  Freq(obs)=  185.72  Freq(har)=  185.72  Anh(cm-1)=    0.00  zpe(cm-1) =    92.9     g = 1
    9  Vibrator  Freq(obs)=  199.47  Freq(har)=  199.47  Anh(cm-1)=    0.00  zpe(cm-1) =    99.7     g = 1
   10  Vibrator  Freq(obs)=  217.81  Freq(har)=  217.81  Anh(cm-1)=    0.00  zpe(cm-1) =   108.9     g = 1
   11  Vibrator  Freq(obs)=  228.38  Freq(har)=  228.38  Anh(cm-1)=    0.00  zpe(cm-1) =   114.2     g = 1
   12  Vibrator  Freq(obs)=  241.32  Freq(har)=  241.32  Anh(cm-1)=    0.00  zpe(cm-1) =   120.7     g = 1
   13  Vibrator  Freq(obs)=  255.18  Freq(har)=  255.18  Anh(cm-1)=    0.00  zpe(cm-1) =   127.6     g = 1
   14  Vibrator  Freq(obs)=  258.83  Freq(har)=  258.83  Anh(cm-1)=    0.00  zpe(cm-1) =   129.4     g = 1
   15  Vibrator  Freq(obs)=  351.85  Freq(har)=  351.85  Anh(cm-1)=    0.00  zpe(cm-1) =   175.9     g = 1
   16  Vibrator  Freq(obs)=  365.29  Freq(har)=  365.29  Anh(cm-1)=    0.00  zpe(cm-1) =   182.6     g = 1
   17  Vibrator  Freq(obs)=  410.91  Freq(har)=  410.91  Anh(cm-1)=    0.00  zpe(cm-1) =   205.5     g = 1
   18  Vibrator  Freq(obs)=  441.50  Freq(har)=  441.50  Anh(cm-1)=    0.00  zpe(cm-1) =   220.7     g = 1
   19  Vibrator  Freq(obs)=  451.43  Freq(har)=  451.43  Anh(cm-1)=    0.00  zpe(cm-1) =   225.7     g = 1
   20  Vibrator  Freq(obs)=  494.00  Freq(har)=  494.00  Anh(cm-1)=    0.00  zpe(cm-1) =   247.0     g = 1
   21  Vibrator  Freq(obs)=  551.90  Freq(har)=  551.90  Anh(cm-1)=    0.00  zpe(cm-1) =   275.9     g = 1
   22  Vibrator  Freq(obs)=  622.42  Freq(har)=  622.42  Anh(cm-1)=    0.00  zpe(cm-1) =   311.2     g = 1
   23  Vibrator  Freq(obs)=  746.17  Freq(har)=  746.17  Anh(cm-1)=    0.00  zpe(cm-1) =   373.1     g = 1
   24  Vibrator  Freq(obs)=  781.10  Freq(har)=  781.10  Anh(cm-1)=    0.00  zpe(cm-1) =   390.5     g = 1
   25  Vibrator  Freq(obs)=  817.30  Freq(har)=  817.30  Anh(cm-1)=    0.00  zpe(cm-1) =   408.7     g = 1
   26  Vibrator  Freq(obs)=  843.18  Freq(har)=  843.18  Anh(cm-1)=    0.00  zpe(cm-1) =   421.6     g = 1
   27  Vibrator  Freq(obs)=  868.47  Freq(har)=  868.47  Anh(cm-1)=    0.00  zpe(cm-1) =   434.2     g = 1
   28  Vibrator  Freq(obs)=  929.07  Freq(har)=  929.07  Anh(cm-1)=    0.00  zpe(cm-1) =   464.5     g = 1
   29  Vibrator  Freq(obs)=  937.71  Freq(har)=  937.71  Anh(cm-1)=    0.00  zpe(cm-1) =   468.9     g = 1
   30  Vibrator  Freq(obs)=  942.83  Freq(har)=  942.83  Anh(cm-1)=    0.00  zpe(cm-1) =   471.4     g = 1
   31  Vibrator  Freq(obs)=  964.14  Freq(har)=  964.14  Anh(cm-1)=    0.00  zpe(cm-1) =   482.1     g = 1
   32  Vibrator  Freq(obs)=  970.16  Freq(har)=  970.16  Anh(cm-1)=    0.00  zpe(cm-1) =   485.1     g = 1
   33  Vibrator  Freq(obs)=  987.82  Freq(har)=  987.82  Anh(cm-1)=    0.00  zpe(cm-1) =   493.9     g = 1
   34  Vibrator  Freq(obs)= 1025.85  Freq(har)= 1025.85  Anh(cm-1)=    0.00  zpe(cm-1) =   512.9     g = 1
   35  Vibrator  Freq(obs)= 1034.22  Freq(har)= 1034.22  Anh(cm-1)=    0.00  zpe(cm-1) =   517.1     g = 1
   36  Vibrator  Freq(obs)= 1053.43  Freq(har)= 1053.43  Anh(cm-1)=    0.00  zpe(cm-1) =   526.7     g = 1
   37  Vibrator  Freq(obs)= 1095.91  Freq(har)= 1095.91  Anh(cm-1)=    0.00  zpe(cm-1) =   548.0     g = 1
   38  Vibrator  Freq(obs)= 1133.62  Freq(har)= 1133.62  Anh(cm-1)=    0.00  zpe(cm-1) =   566.8     g = 1
   39  Vibrator  Freq(obs)= 1142.70  Freq(har)= 1142.70  Anh(cm-1)=    0.00  zpe(cm-1) =   571.3     g = 1
   40  Vibrator  Freq(obs)= 1157.62  Freq(har)= 1157.62  Anh(cm-1)=    0.00  zpe(cm-1) =   578.8     g = 1
   41  Vibrator  Freq(obs)= 1190.31  Freq(har)= 1190.31  Anh(cm-1)=    0.00  zpe(cm-1) =   595.2     g = 1
   42  Vibrator  Freq(obs)= 1220.47  Freq(har)= 1220.47  Anh(cm-1)=    0.00  zpe(cm-1) =   610.2     g = 1
   43  Vibrator  Freq(obs)= 1258.02  Freq(har)= 1258.02  Anh(cm-1)=    0.00  zpe(cm-1) =   629.0     g = 1
   44  Vibrator  Freq(obs)= 1284.32  Freq(har)= 1284.32  Anh(cm-1)=    0.00  zpe(cm-1) =   642.2     g = 1
   45  Vibrator  Freq(obs)= 1303.55  Freq(har)= 1303.55  Anh(cm-1)=    0.00  zpe(cm-1) =   651.8     g = 1
   46  Vibrator  Freq(obs)= 1318.09  Freq(har)= 1318.09  Anh(cm-1)=    0.00  zpe(cm-1) =   659.0     g = 1
   47  Vibrator  Freq(obs)= 1334.27  Freq(har)= 1334.27  Anh(cm-1)=    0.00  zpe(cm-1) =   667.1     g = 1
   48  Vibrator  Freq(obs)= 1344.34  Freq(har)= 1344.34  Anh(cm-1)=    0.00  zpe(cm-1) =   672.2     g = 1
   49  Vibrator  Freq(obs)= 1357.28  Freq(har)= 1357.28  Anh(cm-1)=    0.00  zpe(cm-1) =   678.6     g = 1
   50  Vibrator  Freq(obs)= 1365.15  Freq(har)= 1365.15  Anh(cm-1)=    0.00  zpe(cm-1) =   682.6     g = 1
   51  Vibrator  Freq(obs)= 1372.64  Freq(har)= 1372.64  Anh(cm-1)=    0.00  zpe(cm-1) =   686.3     g = 1
   52  Vibrator  Freq(obs)= 1381.56  Freq(har)= 1381.56  Anh(cm-1)=    0.00  zpe(cm-1) =   690.8     g = 1
   53  Vibrator  Freq(obs)= 1392.80  Freq(har)= 1392.80  Anh(cm-1)=    0.00  zpe(cm-1) =   696.4     g = 1
   54  Vibrator  Freq(obs)= 1397.64  Freq(har)= 1397.64  Anh(cm-1)=    0.00  zpe(cm-1) =   698.8     g = 1
   55  Vibrator  Freq(obs)= 1403.24  Freq(har)= 1403.24  Anh(cm-1)=    0.00  zpe(cm-1) =   701.6     g = 1
   56  Vibrator  Freq(obs)= 1422.29  Freq(har)= 1422.29  Anh(cm-1)=    0.00  zpe(cm-1) =   711.1     g = 1
   57  Vibrator  Freq(obs)= 1453.21  Freq(har)= 1453.21  Anh(cm-1)=    0.00  zpe(cm-1) =   726.6     g = 1
   58  Vibrator  Freq(obs)= 1465.33  Freq(har)= 1465.33  Anh(cm-1)=    0.00  zpe(cm-1) =   732.7     g = 1
   59  Vibrator  Freq(obs)= 1482.25  Freq(har)= 1482.25  Anh(cm-1)=    0.00  zpe(cm-1) =   741.1     g = 1
   60  Vibrator  Freq(obs)= 1487.58  Freq(har)= 1487.58  Anh(cm-1)=    0.00  zpe(cm-1) =   743.8     g = 1
   61  Vibrator  Freq(obs)= 1491.78  Freq(har)= 1491.78  Anh(cm-1)=    0.00  zpe(cm-1) =   745.9     g = 1
   62  Vibrator  Freq(obs)= 1497.41  Freq(har)= 1497.41  Anh(cm-1)=    0.00  zpe(cm-1) =   748.7     g = 1
   63  Vibrator  Freq(obs)= 1505.64  Freq(har)= 1505.64  Anh(cm-1)=    0.00  zpe(cm-1) =   752.8     g = 1
   64  Vibrator  Freq(obs)= 1507.15  Freq(har)= 1507.15  Anh(cm-1)=    0.00  zpe(cm-1) =   753.6     g = 1
   65  Vibrator  Freq(obs)= 1513.60  Freq(har)= 1513.60  Anh(cm-1)=    0.00  zpe(cm-1) =   756.8     g = 1
   66  Vibrator  Freq(obs)= 2961.85  Freq(har)= 2961.85  Anh(cm-1)=    0.00  zpe(cm-1) =  1480.9     g = 1
   67  Vibrator  Freq(obs)= 2984.13  Freq(har)= 2984.13  Anh(cm-1)=    0.00  zpe(cm-1) =  1492.1     g = 1
   68  Vibrator  Freq(obs)= 2989.42  Freq(har)= 2989.42  Anh(cm-1)=    0.00  zpe(cm-1) =  1494.7     g = 1
   69  Vibrator  Freq(obs)= 2997.23  Freq(har)= 2997.23  Anh(cm-1)=    0.00  zpe(cm-1) =  1498.6     g = 1
   70  Vibrator  Freq(obs)= 3013.13  Freq(har)= 3013.13  Anh(cm-1)=    0.00  zpe(cm-1) =  1506.6     g = 1
   71  Vibrator  Freq(obs)= 3018.19  Freq(har)= 3018.19  Anh(cm-1)=    0.00  zpe(cm-1) =  1509.1     g = 1
   72  Vibrator  Freq(obs)= 3019.35  Freq(har)= 3019.35  Anh(cm-1)=    0.00  zpe(cm-1) =  1509.7     g = 1
   73  Vibrator  Freq(obs)= 3025.78  Freq(har)= 3025.78  Anh(cm-1)=    0.00  zpe(cm-1) =  1512.9     g = 1
   74  Vibrator  Freq(obs)= 3031.16  Freq(har)= 3031.16  Anh(cm-1)=    0.00  zpe(cm-1) =  1515.6     g = 1
   75  Vibrator  Freq(obs)= 3067.54  Freq(har)= 3067.54  Anh(cm-1)=    0.00  zpe(cm-1) =  1533.8     g = 1
   76  Vibrator  Freq(obs)= 3072.06  Freq(har)= 3072.06  Anh(cm-1)=    0.00  zpe(cm-1) =  1536.0     g = 1
   77  Vibrator  Freq(obs)= 3077.22  Freq(har)= 3077.22  Anh(cm-1)=    0.00  zpe(cm-1) =  1538.6     g = 1
   78  Vibrator  Freq(obs)= 3078.49  Freq(har)= 3078.49  Anh(cm-1)=    0.00  zpe(cm-1) =  1539.2     g = 1
   79  Vibrator  Freq(obs)= 3082.76  Freq(har)= 3082.76  Anh(cm-1)=    0.00  zpe(cm-1) =  1541.4     g = 1
   80  Vibrator  Freq(obs)= 3085.90  Freq(har)= 3085.90  Anh(cm-1)=    0.00  zpe(cm-1) =  1542.9     g = 1
   81  Vibrator  Freq(obs)= 3093.12  Freq(har)= 3093.12  Anh(cm-1)=    0.00  zpe(cm-1) =  1546.6     g = 1
   82  Vibrator  Freq(obs)= 3138.29  Freq(har)= 3138.29  Anh(cm-1)=    0.00  zpe(cm-1) =  1569.1     g = 1
   83  Vibrator  Freq(obs)= 3244.72  Freq(har)= 3244.72  Anh(cm-1)=    0.00  zpe(cm-1) =  1622.4     g = 1
   84  Vibrator  Freq(obs)= 3774.20  Freq(har)= 3774.20  Anh(cm-1)=    0.00  zpe(cm-1) =  1887.1     g = 1
   85  Quan.Rot  AmuAng^2 =  270.72  Symm =  1.   dim = 1  B =  0.0623 cm-1
   86  Quan.Rot  AmuAng^2 = 1234.94  Symm =  1.   dim = 2  B =  0.0137 cm-1


   TS_1_1b     Molecular Wt. = 159.249  ;  Empirical Formula:      H 19       C  9       O  2
          1. (blank comment line)                                                                                                                               
          2. (blank comment line)                                                                                                                               
          3. (blank comment line)                                                                                                                               
    Electronic Levels (degeneracies) 
                0.00 cm-1 ( 2)

    TUNNELING PARAMETERS: Unsymmetrical Eckart Barrier
     Imaginary Freq.:   1635.18i cm-1
         V(forward) :   2240.43 cm-1
         V(reverse) :   8163.04 cm-1
    1  Vibrator  Freq(obs)=   18.99  Freq(har)=   18.99  Anh(cm-1)=    0.00  zpe(cm-1) =     9.5     g = 1
    2  Vibrator  Freq(obs)=   41.70  Freq(har)=   41.70  Anh(cm-1)=    0.00  zpe(cm-1) =    20.9     g = 1
    3  Vibrator  Freq(obs)=   75.17  Freq(har)=   75.17  Anh(cm-1)=    0.00  zpe(cm-1) =    37.6     g = 1
    4  Vibrator  Freq(obs)=   98.03  Freq(har)=   98.03  Anh(cm-1)=    0.00  zpe(cm-1) =    49.0     g = 1
    5  Vibrator  Freq(obs)=  113.16  Freq(har)=  113.16  Anh(cm-1)=    0.00  zpe(cm-1) =    56.6     g = 1
    6  Vibrator  Freq(obs)=  146.46  Freq(har)=  146.46  Anh(cm-1)=    0.00  zpe(cm-1) =    73.2     g = 1
    7  Vibrator  Freq(obs)=  219.04  Freq(har)=  219.04  Anh(cm-1)=    0.00  zpe(cm-1) =   109.5     g = 1
    8  Vibrator  Freq(obs)=  221.32  Freq(har)=  221.32  Anh(cm-1)=    0.00  zpe(cm-1) =   110.7     g = 1
    9  Vibrator  Freq(obs)=  242.51  Freq(har)=  242.51  Anh(cm-1)=    0.00  zpe(cm-1) =   121.3     g = 1
   10  Vibrator  Freq(obs)=  253.28  Freq(har)=  253.28  Anh(cm-1)=    0.00  zpe(cm-1) =   126.6     g = 1
   11  Vibrator  Freq(obs)=  296.52  Freq(har)=  296.52  Anh(cm-1)=    0.00  zpe(cm-1) =   148.3     g = 1
   12  Vibrator  Freq(obs)=  369.74  Freq(har)=  369.74  Anh(cm-1)=    0.00  zpe(cm-1) =   184.9     g = 1
   13  Vibrator  Freq(obs)=  385.01  Freq(har)=  385.01  Anh(cm-1)=    0.00  zpe(cm-1) =   192.5     g = 1
   14  Vibrator  Freq(obs)=  418.64  Freq(har)=  418.64  Anh(cm-1)=    0.00  zpe(cm-1) =   209.3     g = 1
   15  Vibrator  Freq(obs)=  445.79  Freq(har)=  445.79  Anh(cm-1)=    0.00  zpe(cm-1) =   222.9     g = 1
   16  Vibrator  Freq(obs)=  451.77  Freq(har)=  451.77  Anh(cm-1)=    0.00  zpe(cm-1) =   225.9     g = 1
   17  Vibrator  Freq(obs)=  476.16  Freq(har)=  476.16  Anh(cm-1)=    0.00  zpe(cm-1) =   238.1     g = 1
   18  Vibrator  Freq(obs)=  517.09  Freq(har)=  517.09  Anh(cm-1)=    0.00  zpe(cm-1) =   258.5     g = 1
   19  Vibrator  Freq(obs)=  599.31  Freq(har)=  599.31  Anh(cm-1)=    0.00  zpe(cm-1) =   299.7     g = 1
   20  Vibrator  Freq(obs)=  671.09  Freq(har)=  671.09  Anh(cm-1)=    0.00  zpe(cm-1) =   335.5     g = 1
   21  Vibrator  Freq(obs)=  749.08  Freq(har)=  749.08  Anh(cm-1)=    0.00  zpe(cm-1) =   374.5     g = 1
   22  Vibrator  Freq(obs)=  786.88  Freq(har)=  786.88  Anh(cm-1)=    0.00  zpe(cm-1) =   393.4     g = 1
   23  Vibrator  Freq(obs)=  832.95  Freq(har)=  832.95  Anh(cm-1)=    0.00  zpe(cm-1) =   416.5     g = 1
   24  Vibrator  Freq(obs)=  858.99  Freq(har)=  858.99  Anh(cm-1)=    0.00  zpe(cm-1) =   429.5     g = 1
   25  Vibrator  Freq(obs)=  892.82  Freq(har)=  892.82  Anh(cm-1)=    0.00  zpe(cm-1) =   446.4     g = 1
   26  Vibrator  Freq(obs)=  923.08  Freq(har)=  923.08  Anh(cm-1)=    0.00  zpe(cm-1) =   461.5     g = 1
   27  Vibrator  Freq(obs)=  929.73  Freq(har)=  929.73  Anh(cm-1)=    0.00  zpe(cm-1) =   464.9     g = 1
   28  Vibrator  Freq(obs)=  947.90  Freq(har)=  947.90  Anh(cm-1)=    0.00  zpe(cm-1) =   474.0     g = 1
   29  Vibrator  Freq(obs)=  964.09  Freq(har)=  964.09  Anh(cm-1)=    0.00  zpe(cm-1) =   482.0     g = 1
   30  Vibrator  Freq(obs)=  967.29  Freq(har)=  967.29  Anh(cm-1)=    0.00  zpe(cm-1) =   483.6     g = 1
   31  Vibrator  Freq(obs)=  997.84  Freq(har)=  997.84  Anh(cm-1)=    0.00  zpe(cm-1) =   498.9     g = 1
   32  Vibrator  Freq(obs)= 1012.89  Freq(har)= 1012.89  Anh(cm-1)=    0.00  zpe(cm-1) =   506.4     g = 1
   33  Vibrator  Freq(obs)= 1030.21  Freq(har)= 1030.21  Anh(cm-1)=    0.00  zpe(cm-1) =   515.1     g = 1
   34  Vibrator  Freq(obs)= 1044.80  Freq(har)= 1044.80  Anh(cm-1)=    0.00  zpe(cm-1) =   522.4     g = 1
   35  Vibrator  Freq(obs)= 1057.49  Freq(har)= 1057.49  Anh(cm-1)=    0.00  zpe(cm-1) =   528.7     g = 1
   36  Vibrator  Freq(obs)= 1097.09  Freq(har)= 1097.09  Anh(cm-1)=    0.00  zpe(cm-1) =   548.5     g = 1
   37  Vibrator  Freq(obs)= 1106.80  Freq(har)= 1106.80  Anh(cm-1)=    0.00  zpe(cm-1) =   553.4     g = 1
   38  Vibrator  Freq(obs)= 1126.49  Freq(har)= 1126.49  Anh(cm-1)=    0.00  zpe(cm-1) =   563.2     g = 1
   39  Vibrator  Freq(obs)= 1155.77  Freq(har)= 1155.77  Anh(cm-1)=    0.00  zpe(cm-1) =   577.9     g = 1
   40  Vibrator  Freq(obs)= 1187.33  Freq(har)= 1187.33  Anh(cm-1)=    0.00  zpe(cm-1) =   593.7     g = 1
   41  Vibrator  Freq(obs)= 1190.90  Freq(har)= 1190.90  Anh(cm-1)=    0.00  zpe(cm-1) =   595.5     g = 1
   42  Vibrator  Freq(obs)= 1216.73  Freq(har)= 1216.73  Anh(cm-1)=    0.00  zpe(cm-1) =   608.4     g = 1
   43  Vibrator  Freq(obs)= 1234.63  Freq(har)= 1234.63  Anh(cm-1)=    0.00  zpe(cm-1) =   617.3     g = 1
   44  Vibrator  Freq(obs)= 1276.79  Freq(har)= 1276.79  Anh(cm-1)=    0.00  zpe(cm-1) =   638.4     g = 1
   45  Vibrator  Freq(obs)= 1281.93  Freq(har)= 1281.93  Anh(cm-1)=    0.00  zpe(cm-1) =   641.0     g = 1
   46  Vibrator  Freq(obs)= 1309.20  Freq(har)= 1309.20  Anh(cm-1)=    0.00  zpe(cm-1) =   654.6     g = 1
   47  Vibrator  Freq(obs)= 1333.22  Freq(har)= 1333.22  Anh(cm-1)=    0.00  zpe(cm-1) =   666.6     g = 1
   48  Vibrator  Freq(obs)= 1344.38  Freq(har)= 1344.38  Anh(cm-1)=    0.00  zpe(cm-1) =   672.2     g = 1
   49  Vibrator  Freq(obs)= 1352.08  Freq(har)= 1352.08  Anh(cm-1)=    0.00  zpe(cm-1) =   676.0     g = 1
   50  Vibrator  Freq(obs)= 1369.48  Freq(har)= 1369.48  Anh(cm-1)=    0.00  zpe(cm-1) =   684.7     g = 1
   51  Vibrator  Freq(obs)= 1372.36  Freq(har)= 1372.36  Anh(cm-1)=    0.00  zpe(cm-1) =   686.2     g = 1
   52  Vibrator  Freq(obs)= 1391.30  Freq(har)= 1391.30  Anh(cm-1)=    0.00  zpe(cm-1) =   695.7     g = 1
   53  Vibrator  Freq(obs)= 1401.18  Freq(har)= 1401.18  Anh(cm-1)=    0.00  zpe(cm-1) =   700.6     g = 1
   54  Vibrator  Freq(obs)= 1404.62  Freq(har)= 1404.62  Anh(cm-1)=    0.00  zpe(cm-1) =   702.3     g = 1
   55  Vibrator  Freq(obs)= 1422.54  Freq(har)= 1422.54  Anh(cm-1)=    0.00  zpe(cm-1) =   711.3     g = 1
   56  Vibrator  Freq(obs)= 1457.43  Freq(har)= 1457.43  Anh(cm-1)=    0.00  zpe(cm-1) =   728.7     g = 1
   57  Vibrator  Freq(obs)= 1475.78  Freq(har)= 1475.78  Anh(cm-1)=    0.00  zpe(cm-1) =   737.9     g = 1
   58  Vibrator  Freq(obs)= 1482.17  Freq(har)= 1482.17  Anh(cm-1)=    0.00  zpe(cm-1) =   741.1     g = 1
   59  Vibrator  Freq(obs)= 1489.27  Freq(har)= 1489.27  Anh(cm-1)=    0.00  zpe(cm-1) =   744.6     g = 1
   60  Vibrator  Freq(obs)= 1492.03  Freq(har)= 1492.03  Anh(cm-1)=    0.00  zpe(cm-1) =   746.0     g = 1
   61  Vibrator  Freq(obs)= 1496.85  Freq(har)= 1496.85  Anh(cm-1)=    0.00  zpe(cm-1) =   748.4     g = 1
   62  Vibrator  Freq(obs)= 1506.07  Freq(har)= 1506.07  Anh(cm-1)=    0.00  zpe(cm-1) =   753.0     g = 1
   63  Vibrator  Freq(obs)= 1507.64  Freq(har)= 1507.64  Anh(cm-1)=    0.00  zpe(cm-1) =   753.8     g = 1
   64  Vibrator  Freq(obs)= 1514.01  Freq(har)= 1514.01  Anh(cm-1)=    0.00  zpe(cm-1) =   757.0     g = 1
   65  Vibrator  Freq(obs)= 1580.06  Freq(har)= 1580.06  Anh(cm-1)=    0.00  zpe(cm-1) =   790.0     g = 1
   66  Vibrator  Freq(obs)= 2964.85  Freq(har)= 2964.85  Anh(cm-1)=    0.00  zpe(cm-1) =  1482.4     g = 1
   67  Vibrator  Freq(obs)= 2984.29  Freq(har)= 2984.29  Anh(cm-1)=    0.00  zpe(cm-1) =  1492.1     g = 1
   68  Vibrator  Freq(obs)= 2993.75  Freq(har)= 2993.75  Anh(cm-1)=    0.00  zpe(cm-1) =  1496.9     g = 1
   69  Vibrator  Freq(obs)= 3001.53  Freq(har)= 3001.53  Anh(cm-1)=    0.00  zpe(cm-1) =  1500.8     g = 1
   70  Vibrator  Freq(obs)= 3013.52  Freq(har)= 3013.52  Anh(cm-1)=    0.00  zpe(cm-1) =  1506.8     g = 1
   71  Vibrator  Freq(obs)= 3017.47  Freq(har)= 3017.47  Anh(cm-1)=    0.00  zpe(cm-1) =  1508.7     g = 1
   72  Vibrator  Freq(obs)= 3019.58  Freq(har)= 3019.58  Anh(cm-1)=    0.00  zpe(cm-1) =  1509.8     g = 1
   73  Vibrator  Freq(obs)= 3026.37  Freq(har)= 3026.37  Anh(cm-1)=    0.00  zpe(cm-1) =  1513.2     g = 1
   74  Vibrator  Freq(obs)= 3036.49  Freq(har)= 3036.49  Anh(cm-1)=    0.00  zpe(cm-1) =  1518.2     g = 1
   75  Vibrator  Freq(obs)= 3047.60  Freq(har)= 3047.60  Anh(cm-1)=    0.00  zpe(cm-1) =  1523.8     g = 1
   76  Vibrator  Freq(obs)= 3066.99  Freq(har)= 3066.99  Anh(cm-1)=    0.00  zpe(cm-1) =  1533.5     g = 1
   77  Vibrator  Freq(obs)= 3072.94  Freq(har)= 3072.94  Anh(cm-1)=    0.00  zpe(cm-1) =  1536.5     g = 1
   78  Vibrator  Freq(obs)= 3079.34  Freq(har)= 3079.34  Anh(cm-1)=    0.00  zpe(cm-1) =  1539.7     g = 1
   79  Vibrator  Freq(obs)= 3084.04  Freq(har)= 3084.04  Anh(cm-1)=    0.00  zpe(cm-1) =  1542.0     g = 1
   80  Vibrator  Freq(obs)= 3087.13  Freq(har)= 3087.13  Anh(cm-1)=    0.00  zpe(cm-1) =  1543.6     g = 1
   81  Vibrator  Freq(obs)= 3091.73  Freq(har)= 3091.73  Anh(cm-1)=    0.00  zpe(cm-1) =  1545.9     g = 1
   82  Vibrator  Freq(obs)= 3111.36  Freq(har)= 3111.36  Anh(cm-1)=    0.00  zpe(cm-1) =  1555.7     g = 1
   83  Vibrator  Freq(obs)= 3174.20  Freq(har)= 3174.20  Anh(cm-1)=    0.00  zpe(cm-1) =  1587.1     g = 1
   84  Quan.Rot  AmuAng^2 =  206.12  Symm =  1.   dim = 1  B =  0.0818 cm-1
   85  Quan.Rot  AmuAng^2 = 1420.21  Symm =  1.   dim = 2  B =  0.0119 cm-1


*  *  *  *  *  *  *  *  *  *  *  *  *  *  *  *  *  *  *  *  *  *  *  *  *  *  *  *  *  *  *  *  *  *  *

THERMODYNAMIC QUANTITIES          Std. State = molecule/cc 
   Entropy & Cp units: cal/K/mole
   DelS         units: cal/K/mole
   [H(T)-H(0)]  units: kcal/mole
   DelH & DelG  units: kcal/mole

Species Properties
                              ----Enthalpy----
 TYPE  NAME         Mol.Wt.    (O K)  (298.15 K) DelG(298)  ZPE(cm-1) Symmetry  opt.isomers
 reac  QOOH_1b     159.249      0.00    -13.60     29.73      58419.0      1         1
 ctst  TS_1_1b     159.249      6.41     -8.26     37.03      57753.0      1         1
                             ------- ---------  --------      -------
     NET (prod - react):        6.41      5.34      7.30       -666.0


               RATE k(T) = A*exp(B/T) (molecule/cc )**( 0) * sec-1                             QOOH_1b (reac)                       TS_1_1b (ctst)
        T(K)      k(T)      A(T)       B(T)    DelS(rxn) DelH(rxn) DelCp(rxn) DelG(rxn)     Qelectr  Entropy  Cp  [H(T)-H(0)]    Qelectr  Entropy  Cp  [H(T)-H(0)]
      298.15   4.212E+08   3.015E+10   -1273.     -6.57     5.34      -4.26       7.30        2.00   212.76    55.52     9.96      2.00   206.19    51.26     8.89
      300.00   4.325E+08   3.116E+10   -1283.     -6.60     5.33      -4.25       7.31        2.00   213.10    55.80    10.06      2.00   206.49    51.55     8.99
      400.00   1.486E+09   9.904E+10   -1680.     -7.71     4.95      -3.40       8.03        2.00   230.62    70.60    16.39      2.00   222.91    67.20    14.93
      450.00   2.411E+09   1.333E+11   -1806.     -8.08     4.79      -3.02       8.43        2.00   239.10    77.57    20.10      2.00   231.02    74.55    18.48
      500.00   3.638E+09   1.640E+11   -1904.     -8.38     4.65      -2.68       8.84        2.00   247.41    84.05    24.14      2.00   239.02    81.37    22.38
      550.00   5.178E+09   1.912E+11   -1985.     -8.63     4.52      -2.39       9.26        2.00   255.51    90.01    28.49      2.00   246.89    87.63    26.61
      600.00   7.027E+09   2.156E+11   -2054.     -8.82     4.41      -2.13       9.70        2.00   263.41    95.48    33.13      2.00   254.59    93.35    31.13
      650.00   9.175E+09   2.377E+11   -2115.     -8.98     4.31      -1.92      10.15        2.00   271.09   100.50    38.03      2.00   262.11    98.58    35.94
      700.00   1.161E+10   2.582E+11   -2172.     -9.12     4.22      -1.74      10.60        2.00   278.57   105.11    43.18      2.00   269.45   103.37    40.99
      750.00   1.430E+10   2.776E+11   -2224.     -9.23     4.13      -1.59      11.06        2.00   285.83   109.36    48.54      2.00   276.59   107.77    46.27
      800.00   1.724E+10   2.958E+11   -2274.     -9.33     4.06      -1.47      11.52        2.00   292.88   113.29    54.11      2.00   283.55   111.82    51.76
      850.00   2.041E+10   3.133E+11   -2322.     -9.42     3.98      -1.37      11.99        2.00   299.74   116.93    59.87      2.00   290.32   115.56    57.44
      900.00   2.378E+10   3.300E+11   -2367.     -9.49     3.92      -1.29      12.46        2.00   306.41   120.31    65.80      2.00   296.91   119.02    63.31
     1000.00   3.105E+10   3.615E+11   -2455.     -9.62     3.80      -1.18      13.42        2.00   319.20   126.36    78.14      2.00   309.57   125.18    75.53
     1100.00   3.894E+10   3.906E+11   -2536.     -9.73     3.68      -1.13      14.39        2.00   331.30   131.61    91.05      2.00   321.57   130.48    88.32
     1200.00   4.730E+10   4.174E+11   -2613.     -9.83     3.57      -1.11      15.37        2.00   342.78   136.16   104.44      2.00   332.95   135.05   101.60
     1300.00   5.603E+10   4.419E+11   -2685.     -9.92     3.46      -1.11      16.35        2.00   353.68   140.11   118.26      2.00   343.76   139.00   115.31
     1400.00   6.503E+10   4.644E+11   -2752.    -10.00     3.35      -1.13      17.35        2.00   364.05   143.56   132.45      2.00   354.04   142.43   129.39
     1500.00   7.422E+10   4.848E+11   -2815.    -10.08     3.23      -1.16      18.35        2.00   373.92   146.57   146.96      2.00   363.84   145.41   143.79
     1600.00   8.353E+10   5.034E+11   -2874.    -10.16     3.11      -1.19      19.37        2.00   383.33   149.20   161.75      2.00   373.18   148.01   158.46
     1700.00   9.291E+10   5.202E+11   -2929.    -10.23     2.99      -1.23      20.39        2.00   392.33   151.51   176.79      2.00   382.10   150.28   173.38
     1800.00   1.023E+11   5.355E+11   -2979.    -10.30     2.87      -1.27      21.41        2.00   400.94   153.55   192.05      2.00   390.63   152.28   188.51
     1900.00   1.117E+11   5.493E+11   -3027.    -10.37     2.74      -1.31      22.45        2.00   409.18   155.35   207.50      2.00   398.81   154.04   203.83
     2000.00   1.210E+11   5.619E+11   -3071.    -10.44     2.61      -1.35      23.49        2.00   417.09   156.94   223.12      2.00   406.65   155.60   219.32
     2100.00   1.302E+11   5.733E+11   -3113.    -10.51     2.47      -1.38      24.53        2.00   424.68   158.36   238.88      2.00   414.18   156.98   234.95
     2200.00   1.393E+11   5.836E+11   -3152.    -10.57     2.33      -1.42      25.59        2.00   431.99   159.62   254.79      2.00   421.42   158.21   250.71
     2300.00   1.483E+11   5.930E+11   -3188.    -10.64     2.19      -1.45      26.65        2.00   439.02   160.75   270.81      2.00   428.38   159.30   266.59
     2400.00   1.571E+11   6.016E+11   -3222.    -10.70     2.04      -1.48      27.71        2.00   445.80   161.77   286.94      2.00   435.10   160.29   282.57
     2500.00   1.658E+11   6.094E+11   -3254.    -10.76     1.89      -1.51      28.79        2.00   452.34   162.68   303.16      2.00   441.58   161.17   298.65
