%%%%%%%%%%%%%%%%%%%%%%%%%%%%%%%%%%%%%%%%%%%%%%%%%%%%%%%%%%%%%%%%%%%%%%%%%%%%%%%%%%%%%%%%%%%%%%%%%%%%%%%%%%%%%%%%%%%%%%%%%%

                                  John R. Barker
        Thermo-2014.1b            University of Michigan
                                  Ann Arbor, MI 48109-2143
        Jun 2014                  jrbarker@umich.edu
                                  (734) 763 6239

            http://aoss.engin.umich.edu/multiwell/

%%%%%%%%%%%%%%%%%%%%%%%%%%%%%%%%%%%%%%%%%%%%%%%%%%%%%%%%%%%%%%%%%%%%%%%%%%%%%%%%%%%%%%%%%%%%%%%%%%%%%%%%%%%%%%%%%%%%%%%%%%

  Suggested Literature Citations:

  a) MultiWell-2014.1 Software, Jun 2014, designed and
     maintained by J.R. Barker with contributors N.F. Ortiz,
     J.M. Preses, L.L. Lohr, A. Maranzana, P.J. Stimac, T. L.
     Nguyen, and T. J. Dhilip Kumar, University of Michigan,
     Ann Arbor, MI; http://aoss.engin.umich.edu/multiwell/

  b) J.R. Barker, Int. J. Chem. Kinetics, 33, 232-45 (2001).

%%%%%%%%%%%%%%%%%%%%%%%%%%%%%%%%%%%%%%%%%%%%%%%%%%%%%%%%%%%%%%%%%%%%%%%%%%%%%%%%%%%%%%%%%%%%%%%%%%%%%%%%%%%%%%%%%%%%%%%%%%


....................................................
          2015/04/26   02:09:34.275   (Local Time)
          year/mm/dd   hr:mi:second
                 CPU :        0.125 s (  0.000 hr)
....................................................


  C9H18O_1     Molecular Wt. = 142.241  ;  Empirical Formula:      H 18       C  9       O  1
          1. (blank comment line)                                                                                                                               
          2. (blank comment line)                                                                                                                               
          3. (blank comment line)                                                                                                                               
    Electronic Levels (degeneracies) 
                0.00 cm-1 ( 1)

    1  Vibrator  Freq(obs)=   20.06  Freq(har)=   20.06  Anh(cm-1)=    0.00  zpe(cm-1) =    10.0     g = 1
    2  Vibrator  Freq(obs)=   42.00  Freq(har)=   42.00  Anh(cm-1)=    0.00  zpe(cm-1) =    21.0     g = 1
    3  Vibrator  Freq(obs)=   66.61  Freq(har)=   66.61  Anh(cm-1)=    0.00  zpe(cm-1) =    33.3     g = 1
    4  Vibrator  Freq(obs)=   93.01  Freq(har)=   93.01  Anh(cm-1)=    0.00  zpe(cm-1) =    46.5     g = 1
    5  Vibrator  Freq(obs)=  107.18  Freq(har)=  107.18  Anh(cm-1)=    0.00  zpe(cm-1) =    53.6     g = 1
    6  Vibrator  Freq(obs)=  138.46  Freq(har)=  138.46  Anh(cm-1)=    0.00  zpe(cm-1) =    69.2     g = 1
    7  Vibrator  Freq(obs)=  205.31  Freq(har)=  205.31  Anh(cm-1)=    0.00  zpe(cm-1) =   102.7     g = 1
    8  Vibrator  Freq(obs)=  215.83  Freq(har)=  215.83  Anh(cm-1)=    0.00  zpe(cm-1) =   107.9     g = 1
    9  Vibrator  Freq(obs)=  226.17  Freq(har)=  226.17  Anh(cm-1)=    0.00  zpe(cm-1) =   113.1     g = 1
   10  Vibrator  Freq(obs)=  247.49  Freq(har)=  247.49  Anh(cm-1)=    0.00  zpe(cm-1) =   123.7     g = 1
   11  Vibrator  Freq(obs)=  254.06  Freq(har)=  254.06  Anh(cm-1)=    0.00  zpe(cm-1) =   127.0     g = 1
   12  Vibrator  Freq(obs)=  295.81  Freq(har)=  295.81  Anh(cm-1)=    0.00  zpe(cm-1) =   147.9     g = 1
   13  Vibrator  Freq(obs)=  349.15  Freq(har)=  349.15  Anh(cm-1)=    0.00  zpe(cm-1) =   174.6     g = 1
   14  Vibrator  Freq(obs)=  387.01  Freq(har)=  387.01  Anh(cm-1)=    0.00  zpe(cm-1) =   193.5     g = 1
   15  Vibrator  Freq(obs)=  408.70  Freq(har)=  408.70  Anh(cm-1)=    0.00  zpe(cm-1) =   204.3     g = 1
   16  Vibrator  Freq(obs)=  458.09  Freq(har)=  458.09  Anh(cm-1)=    0.00  zpe(cm-1) =   229.0     g = 1
   17  Vibrator  Freq(obs)=  487.62  Freq(har)=  487.62  Anh(cm-1)=    0.00  zpe(cm-1) =   243.8     g = 1
   18  Vibrator  Freq(obs)=  657.38  Freq(har)=  657.38  Anh(cm-1)=    0.00  zpe(cm-1) =   328.7     g = 1
   19  Vibrator  Freq(obs)=  739.47  Freq(har)=  739.47  Anh(cm-1)=    0.00  zpe(cm-1) =   369.7     g = 1
   20  Vibrator  Freq(obs)=  789.41  Freq(har)=  789.41  Anh(cm-1)=    0.00  zpe(cm-1) =   394.7     g = 1
   21  Vibrator  Freq(obs)=  829.65  Freq(har)=  829.65  Anh(cm-1)=    0.00  zpe(cm-1) =   414.8     g = 1
   22  Vibrator  Freq(obs)=  835.84  Freq(har)=  835.84  Anh(cm-1)=    0.00  zpe(cm-1) =   417.9     g = 1
   23  Vibrator  Freq(obs)=  919.61  Freq(har)=  919.61  Anh(cm-1)=    0.00  zpe(cm-1) =   459.8     g = 1
   24  Vibrator  Freq(obs)=  930.02  Freq(har)=  930.02  Anh(cm-1)=    0.00  zpe(cm-1) =   465.0     g = 1
   25  Vibrator  Freq(obs)=  939.08  Freq(har)=  939.08  Anh(cm-1)=    0.00  zpe(cm-1) =   469.5     g = 1
   26  Vibrator  Freq(obs)=  946.84  Freq(har)=  946.84  Anh(cm-1)=    0.00  zpe(cm-1) =   473.4     g = 1
   27  Vibrator  Freq(obs)=  965.34  Freq(har)=  965.34  Anh(cm-1)=    0.00  zpe(cm-1) =   482.7     g = 1
   28  Vibrator  Freq(obs)=  992.73  Freq(har)=  992.73  Anh(cm-1)=    0.00  zpe(cm-1) =   496.4     g = 1
   29  Vibrator  Freq(obs)= 1022.79  Freq(har)= 1022.79  Anh(cm-1)=    0.00  zpe(cm-1) =   511.4     g = 1
   30  Vibrator  Freq(obs)= 1049.32  Freq(har)= 1049.32  Anh(cm-1)=    0.00  zpe(cm-1) =   524.7     g = 1
   31  Vibrator  Freq(obs)= 1060.70  Freq(har)= 1060.70  Anh(cm-1)=    0.00  zpe(cm-1) =   530.3     g = 1
   32  Vibrator  Freq(obs)= 1113.77  Freq(har)= 1113.77  Anh(cm-1)=    0.00  zpe(cm-1) =   556.9     g = 1
   33  Vibrator  Freq(obs)= 1122.91  Freq(har)= 1122.91  Anh(cm-1)=    0.00  zpe(cm-1) =   561.5     g = 1
   34  Vibrator  Freq(obs)= 1160.75  Freq(har)= 1160.75  Anh(cm-1)=    0.00  zpe(cm-1) =   580.4     g = 1
   35  Vibrator  Freq(obs)= 1171.81  Freq(har)= 1171.81  Anh(cm-1)=    0.00  zpe(cm-1) =   585.9     g = 1
   36  Vibrator  Freq(obs)= 1190.65  Freq(har)= 1190.65  Anh(cm-1)=    0.00  zpe(cm-1) =   595.3     g = 1
   37  Vibrator  Freq(obs)= 1219.04  Freq(har)= 1219.04  Anh(cm-1)=    0.00  zpe(cm-1) =   609.5     g = 1
   38  Vibrator  Freq(obs)= 1269.12  Freq(har)= 1269.12  Anh(cm-1)=    0.00  zpe(cm-1) =   634.6     g = 1
   39  Vibrator  Freq(obs)= 1287.09  Freq(har)= 1287.09  Anh(cm-1)=    0.00  zpe(cm-1) =   643.5     g = 1
   40  Vibrator  Freq(obs)= 1315.65  Freq(har)= 1315.65  Anh(cm-1)=    0.00  zpe(cm-1) =   657.8     g = 1
   41  Vibrator  Freq(obs)= 1334.00  Freq(har)= 1334.00  Anh(cm-1)=    0.00  zpe(cm-1) =   667.0     g = 1
   42  Vibrator  Freq(obs)= 1339.27  Freq(har)= 1339.27  Anh(cm-1)=    0.00  zpe(cm-1) =   669.6     g = 1
   43  Vibrator  Freq(obs)= 1360.11  Freq(har)= 1360.11  Anh(cm-1)=    0.00  zpe(cm-1) =   680.1     g = 1
   44  Vibrator  Freq(obs)= 1372.69  Freq(har)= 1372.69  Anh(cm-1)=    0.00  zpe(cm-1) =   686.3     g = 1
   45  Vibrator  Freq(obs)= 1385.87  Freq(har)= 1385.87  Anh(cm-1)=    0.00  zpe(cm-1) =   692.9     g = 1
   46  Vibrator  Freq(obs)= 1396.35  Freq(har)= 1396.35  Anh(cm-1)=    0.00  zpe(cm-1) =   698.2     g = 1
   47  Vibrator  Freq(obs)= 1404.11  Freq(har)= 1404.11  Anh(cm-1)=    0.00  zpe(cm-1) =   702.1     g = 1
   48  Vibrator  Freq(obs)= 1413.62  Freq(har)= 1413.62  Anh(cm-1)=    0.00  zpe(cm-1) =   706.8     g = 1
   49  Vibrator  Freq(obs)= 1422.97  Freq(har)= 1422.97  Anh(cm-1)=    0.00  zpe(cm-1) =   711.5     g = 1
   50  Vibrator  Freq(obs)= 1427.97  Freq(har)= 1427.97  Anh(cm-1)=    0.00  zpe(cm-1) =   714.0     g = 1
   51  Vibrator  Freq(obs)= 1481.89  Freq(har)= 1481.89  Anh(cm-1)=    0.00  zpe(cm-1) =   740.9     g = 1
   52  Vibrator  Freq(obs)= 1488.59  Freq(har)= 1488.59  Anh(cm-1)=    0.00  zpe(cm-1) =   744.3     g = 1
   53  Vibrator  Freq(obs)= 1492.62  Freq(har)= 1492.62  Anh(cm-1)=    0.00  zpe(cm-1) =   746.3     g = 1
   54  Vibrator  Freq(obs)= 1494.37  Freq(har)= 1494.37  Anh(cm-1)=    0.00  zpe(cm-1) =   747.2     g = 1
   55  Vibrator  Freq(obs)= 1497.55  Freq(har)= 1497.55  Anh(cm-1)=    0.00  zpe(cm-1) =   748.8     g = 1
   56  Vibrator  Freq(obs)= 1501.19  Freq(har)= 1501.19  Anh(cm-1)=    0.00  zpe(cm-1) =   750.6     g = 1
   57  Vibrator  Freq(obs)= 1506.52  Freq(har)= 1506.52  Anh(cm-1)=    0.00  zpe(cm-1) =   753.3     g = 1
   58  Vibrator  Freq(obs)= 1509.56  Freq(har)= 1509.56  Anh(cm-1)=    0.00  zpe(cm-1) =   754.8     g = 1
   59  Vibrator  Freq(obs)= 1514.59  Freq(har)= 1514.59  Anh(cm-1)=    0.00  zpe(cm-1) =   757.3     g = 1
   60  Vibrator  Freq(obs)= 1805.58  Freq(har)= 1805.58  Anh(cm-1)=    0.00  zpe(cm-1) =   902.8     g = 1
   61  Vibrator  Freq(obs)= 2869.83  Freq(har)= 2869.83  Anh(cm-1)=    0.00  zpe(cm-1) =  1434.9     g = 1
   62  Vibrator  Freq(obs)= 2973.50  Freq(har)= 2973.50  Anh(cm-1)=    0.00  zpe(cm-1) =  1486.7     g = 1
   63  Vibrator  Freq(obs)= 2985.08  Freq(har)= 2985.08  Anh(cm-1)=    0.00  zpe(cm-1) =  1492.5     g = 1
   64  Vibrator  Freq(obs)= 2994.01  Freq(har)= 2994.01  Anh(cm-1)=    0.00  zpe(cm-1) =  1497.0     g = 1
   65  Vibrator  Freq(obs)= 3001.53  Freq(har)= 3001.53  Anh(cm-1)=    0.00  zpe(cm-1) =  1500.8     g = 1
   66  Vibrator  Freq(obs)= 3012.48  Freq(har)= 3012.48  Anh(cm-1)=    0.00  zpe(cm-1) =  1506.2     g = 1
   67  Vibrator  Freq(obs)= 3014.17  Freq(har)= 3014.17  Anh(cm-1)=    0.00  zpe(cm-1) =  1507.1     g = 1
   68  Vibrator  Freq(obs)= 3019.76  Freq(har)= 3019.76  Anh(cm-1)=    0.00  zpe(cm-1) =  1509.9     g = 1
   69  Vibrator  Freq(obs)= 3026.02  Freq(har)= 3026.02  Anh(cm-1)=    0.00  zpe(cm-1) =  1513.0     g = 1
   70  Vibrator  Freq(obs)= 3037.11  Freq(har)= 3037.11  Anh(cm-1)=    0.00  zpe(cm-1) =  1518.6     g = 1
   71  Vibrator  Freq(obs)= 3038.49  Freq(har)= 3038.49  Anh(cm-1)=    0.00  zpe(cm-1) =  1519.2     g = 1
   72  Vibrator  Freq(obs)= 3066.18  Freq(har)= 3066.18  Anh(cm-1)=    0.00  zpe(cm-1) =  1533.1     g = 1
   73  Vibrator  Freq(obs)= 3073.46  Freq(har)= 3073.46  Anh(cm-1)=    0.00  zpe(cm-1) =  1536.7     g = 1
   74  Vibrator  Freq(obs)= 3079.71  Freq(har)= 3079.71  Anh(cm-1)=    0.00  zpe(cm-1) =  1539.9     g = 1
   75  Vibrator  Freq(obs)= 3085.13  Freq(har)= 3085.13  Anh(cm-1)=    0.00  zpe(cm-1) =  1542.6     g = 1
   76  Vibrator  Freq(obs)= 3093.00  Freq(har)= 3093.00  Anh(cm-1)=    0.00  zpe(cm-1) =  1546.5     g = 1
   77  Vibrator  Freq(obs)= 3100.27  Freq(har)= 3100.27  Anh(cm-1)=    0.00  zpe(cm-1) =  1550.1     g = 1
   78  Vibrator  Freq(obs)= 3112.84  Freq(har)= 3112.84  Anh(cm-1)=    0.00  zpe(cm-1) =  1556.4     g = 1
   79  Quan.Rot  AmuAng^2 =  172.84  Symm =  1.   dim = 1  B =  0.0975 cm-1
   80  Quan.Rot  AmuAng^2 = 1204.08  Symm =  1.   dim = 2  B =  0.0140 cm-1


        OH     Molecular Wt. =  17.007  ;  Empirical Formula:      H  1       O  1
          1. (blank comment line)                                                                                                                               
          2. (blank comment line)                                                                                                                               
          3. (blank comment line)                                                                                                                               
    Electronic Levels (degeneracies) 
                0.00 cm-1 ( 2)

    1  Vibrator  Freq(obs)= 3704.73  Freq(har)= 3704.73  Anh(cm-1)=    0.00  zpe(cm-1) =  1852.4     g = 1
    2  Quan.Rot  AmuAng^2 =    0.90  Symm =  1.   dim = 2  B = 18.6963 cm-1


   TS_1_O1     Molecular Wt. = 159.249  ;  Empirical Formula:      H 19       C  9       O  2
          1. (blank comment line)                                                                                                                               
          2. (blank comment line)                                                                                                                               
          3. (blank comment line)                                                                                                                               
    Electronic Levels (degeneracies) 
                0.00 cm-1 ( 2)

    TUNNELING PARAMETERS: Unsymmetrical Eckart Barrier
     Imaginary Freq.:   1832.98i cm-1
         V(forward) :  22938.51 cm-1
         V(reverse) :  14113.09 cm-1
    1  Vibrator  Freq(obs)=   31.75  Freq(har)=   31.75  Anh(cm-1)=    0.00  zpe(cm-1) =    15.9     g = 1
    2  Vibrator  Freq(obs)=   43.54  Freq(har)=   43.54  Anh(cm-1)=    0.00  zpe(cm-1) =    21.8     g = 1
    3  Vibrator  Freq(obs)=   76.16  Freq(har)=   76.16  Anh(cm-1)=    0.00  zpe(cm-1) =    38.1     g = 1
    4  Vibrator  Freq(obs)=   94.22  Freq(har)=   94.22  Anh(cm-1)=    0.00  zpe(cm-1) =    47.1     g = 1
    5  Vibrator  Freq(obs)=  106.90  Freq(har)=  106.90  Anh(cm-1)=    0.00  zpe(cm-1) =    53.4     g = 1
    6  Vibrator  Freq(obs)=  133.45  Freq(har)=  133.45  Anh(cm-1)=    0.00  zpe(cm-1) =    66.7     g = 1
    7  Vibrator  Freq(obs)=  146.91  Freq(har)=  146.91  Anh(cm-1)=    0.00  zpe(cm-1) =    73.5     g = 1
    8  Vibrator  Freq(obs)=  218.91  Freq(har)=  218.91  Anh(cm-1)=    0.00  zpe(cm-1) =   109.5     g = 1
    9  Vibrator  Freq(obs)=  224.04  Freq(har)=  224.04  Anh(cm-1)=    0.00  zpe(cm-1) =   112.0     g = 1
   10  Vibrator  Freq(obs)=  232.98  Freq(har)=  232.98  Anh(cm-1)=    0.00  zpe(cm-1) =   116.5     g = 1
   11  Vibrator  Freq(obs)=  243.00  Freq(har)=  243.00  Anh(cm-1)=    0.00  zpe(cm-1) =   121.5     g = 1
   12  Vibrator  Freq(obs)=  259.27  Freq(har)=  259.27  Anh(cm-1)=    0.00  zpe(cm-1) =   129.6     g = 1
   13  Vibrator  Freq(obs)=  264.03  Freq(har)=  264.03  Anh(cm-1)=    0.00  zpe(cm-1) =   132.0     g = 1
   14  Vibrator  Freq(obs)=  354.98  Freq(har)=  354.98  Anh(cm-1)=    0.00  zpe(cm-1) =   177.5     g = 1
   15  Vibrator  Freq(obs)=  378.33  Freq(har)=  378.33  Anh(cm-1)=    0.00  zpe(cm-1) =   189.2     g = 1
   16  Vibrator  Freq(obs)=  414.60  Freq(har)=  414.60  Anh(cm-1)=    0.00  zpe(cm-1) =   207.3     g = 1
   17  Vibrator  Freq(obs)=  446.41  Freq(har)=  446.41  Anh(cm-1)=    0.00  zpe(cm-1) =   223.2     g = 1
   18  Vibrator  Freq(obs)=  499.74  Freq(har)=  499.74  Anh(cm-1)=    0.00  zpe(cm-1) =   249.9     g = 1
   19  Vibrator  Freq(obs)=  602.61  Freq(har)=  602.61  Anh(cm-1)=    0.00  zpe(cm-1) =   301.3     g = 1
   20  Vibrator  Freq(obs)=  633.12  Freq(har)=  633.12  Anh(cm-1)=    0.00  zpe(cm-1) =   316.6     g = 1
   21  Vibrator  Freq(obs)=  752.60  Freq(har)=  752.60  Anh(cm-1)=    0.00  zpe(cm-1) =   376.3     g = 1
   22  Vibrator  Freq(obs)=  794.43  Freq(har)=  794.43  Anh(cm-1)=    0.00  zpe(cm-1) =   397.2     g = 1
   23  Vibrator  Freq(obs)=  805.77  Freq(har)=  805.77  Anh(cm-1)=    0.00  zpe(cm-1) =   402.9     g = 1
   24  Vibrator  Freq(obs)=  845.64  Freq(har)=  845.64  Anh(cm-1)=    0.00  zpe(cm-1) =   422.8     g = 1
   25  Vibrator  Freq(obs)=  859.72  Freq(har)=  859.72  Anh(cm-1)=    0.00  zpe(cm-1) =   429.9     g = 1
   26  Vibrator  Freq(obs)=  903.31  Freq(har)=  903.31  Anh(cm-1)=    0.00  zpe(cm-1) =   451.7     g = 1
   27  Vibrator  Freq(obs)=  930.36  Freq(har)=  930.36  Anh(cm-1)=    0.00  zpe(cm-1) =   465.2     g = 1
   28  Vibrator  Freq(obs)=  942.17  Freq(har)=  942.17  Anh(cm-1)=    0.00  zpe(cm-1) =   471.1     g = 1
   29  Vibrator  Freq(obs)=  946.34  Freq(har)=  946.34  Anh(cm-1)=    0.00  zpe(cm-1) =   473.2     g = 1
   30  Vibrator  Freq(obs)=  964.56  Freq(har)=  964.56  Anh(cm-1)=    0.00  zpe(cm-1) =   482.3     g = 1
   31  Vibrator  Freq(obs)=  985.27  Freq(har)=  985.27  Anh(cm-1)=    0.00  zpe(cm-1) =   492.6     g = 1
   32  Vibrator  Freq(obs)= 1006.46  Freq(har)= 1006.46  Anh(cm-1)=    0.00  zpe(cm-1) =   503.2     g = 1
   33  Vibrator  Freq(obs)= 1032.22  Freq(har)= 1032.22  Anh(cm-1)=    0.00  zpe(cm-1) =   516.1     g = 1
   34  Vibrator  Freq(obs)= 1059.85  Freq(har)= 1059.85  Anh(cm-1)=    0.00  zpe(cm-1) =   529.9     g = 1
   35  Vibrator  Freq(obs)= 1066.07  Freq(har)= 1066.07  Anh(cm-1)=    0.00  zpe(cm-1) =   533.0     g = 1
   36  Vibrator  Freq(obs)= 1085.57  Freq(har)= 1085.57  Anh(cm-1)=    0.00  zpe(cm-1) =   542.8     g = 1
   37  Vibrator  Freq(obs)= 1123.95  Freq(har)= 1123.95  Anh(cm-1)=    0.00  zpe(cm-1) =   562.0     g = 1
   38  Vibrator  Freq(obs)= 1142.19  Freq(har)= 1142.19  Anh(cm-1)=    0.00  zpe(cm-1) =   571.1     g = 1
   39  Vibrator  Freq(obs)= 1170.89  Freq(har)= 1170.89  Anh(cm-1)=    0.00  zpe(cm-1) =   585.4     g = 1
   40  Vibrator  Freq(obs)= 1179.83  Freq(har)= 1179.83  Anh(cm-1)=    0.00  zpe(cm-1) =   589.9     g = 1
   41  Vibrator  Freq(obs)= 1191.42  Freq(har)= 1191.42  Anh(cm-1)=    0.00  zpe(cm-1) =   595.7     g = 1
   42  Vibrator  Freq(obs)= 1225.22  Freq(har)= 1225.22  Anh(cm-1)=    0.00  zpe(cm-1) =   612.6     g = 1
   43  Vibrator  Freq(obs)= 1273.35  Freq(har)= 1273.35  Anh(cm-1)=    0.00  zpe(cm-1) =   636.7     g = 1
   44  Vibrator  Freq(obs)= 1299.29  Freq(har)= 1299.29  Anh(cm-1)=    0.00  zpe(cm-1) =   649.6     g = 1
   45  Vibrator  Freq(obs)= 1316.49  Freq(har)= 1316.49  Anh(cm-1)=    0.00  zpe(cm-1) =   658.2     g = 1
   46  Vibrator  Freq(obs)= 1338.28  Freq(har)= 1338.28  Anh(cm-1)=    0.00  zpe(cm-1) =   669.1     g = 1
   47  Vibrator  Freq(obs)= 1341.19  Freq(har)= 1341.19  Anh(cm-1)=    0.00  zpe(cm-1) =   670.6     g = 1
   48  Vibrator  Freq(obs)= 1359.63  Freq(har)= 1359.63  Anh(cm-1)=    0.00  zpe(cm-1) =   679.8     g = 1
   49  Vibrator  Freq(obs)= 1371.49  Freq(har)= 1371.49  Anh(cm-1)=    0.00  zpe(cm-1) =   685.7     g = 1
   50  Vibrator  Freq(obs)= 1375.22  Freq(har)= 1375.22  Anh(cm-1)=    0.00  zpe(cm-1) =   687.6     g = 1
   51  Vibrator  Freq(obs)= 1389.16  Freq(har)= 1389.16  Anh(cm-1)=    0.00  zpe(cm-1) =   694.6     g = 1
   52  Vibrator  Freq(obs)= 1397.66  Freq(har)= 1397.66  Anh(cm-1)=    0.00  zpe(cm-1) =   698.8     g = 1
   53  Vibrator  Freq(obs)= 1403.60  Freq(har)= 1403.60  Anh(cm-1)=    0.00  zpe(cm-1) =   701.8     g = 1
   54  Vibrator  Freq(obs)= 1413.51  Freq(har)= 1413.51  Anh(cm-1)=    0.00  zpe(cm-1) =   706.8     g = 1
   55  Vibrator  Freq(obs)= 1423.43  Freq(har)= 1423.43  Anh(cm-1)=    0.00  zpe(cm-1) =   711.7     g = 1
   56  Vibrator  Freq(obs)= 1482.90  Freq(har)= 1482.90  Anh(cm-1)=    0.00  zpe(cm-1) =   741.4     g = 1
   57  Vibrator  Freq(obs)= 1488.29  Freq(har)= 1488.29  Anh(cm-1)=    0.00  zpe(cm-1) =   744.1     g = 1
   58  Vibrator  Freq(obs)= 1491.94  Freq(har)= 1491.94  Anh(cm-1)=    0.00  zpe(cm-1) =   746.0     g = 1
   59  Vibrator  Freq(obs)= 1496.40  Freq(har)= 1496.40  Anh(cm-1)=    0.00  zpe(cm-1) =   748.2     g = 1
   60  Vibrator  Freq(obs)= 1497.28  Freq(har)= 1497.28  Anh(cm-1)=    0.00  zpe(cm-1) =   748.6     g = 1
   61  Vibrator  Freq(obs)= 1503.37  Freq(har)= 1503.37  Anh(cm-1)=    0.00  zpe(cm-1) =   751.7     g = 1
   62  Vibrator  Freq(obs)= 1506.89  Freq(har)= 1506.89  Anh(cm-1)=    0.00  zpe(cm-1) =   753.4     g = 1
   63  Vibrator  Freq(obs)= 1508.06  Freq(har)= 1508.06  Anh(cm-1)=    0.00  zpe(cm-1) =   754.0     g = 1
   64  Vibrator  Freq(obs)= 1513.99  Freq(har)= 1513.99  Anh(cm-1)=    0.00  zpe(cm-1) =   757.0     g = 1
   65  Vibrator  Freq(obs)= 1948.36  Freq(har)= 1948.36  Anh(cm-1)=    0.00  zpe(cm-1) =   974.2     g = 1
   66  Vibrator  Freq(obs)= 2983.17  Freq(har)= 2983.17  Anh(cm-1)=    0.00  zpe(cm-1) =  1491.6     g = 1
   67  Vibrator  Freq(obs)= 2992.77  Freq(har)= 2992.77  Anh(cm-1)=    0.00  zpe(cm-1) =  1496.4     g = 1
   68  Vibrator  Freq(obs)= 2999.90  Freq(har)= 2999.90  Anh(cm-1)=    0.00  zpe(cm-1) =  1499.9     g = 1
   69  Vibrator  Freq(obs)= 3010.00  Freq(har)= 3010.00  Anh(cm-1)=    0.00  zpe(cm-1) =  1505.0     g = 1
   70  Vibrator  Freq(obs)= 3013.73  Freq(har)= 3013.73  Anh(cm-1)=    0.00  zpe(cm-1) =  1506.9     g = 1
   71  Vibrator  Freq(obs)= 3019.60  Freq(har)= 3019.60  Anh(cm-1)=    0.00  zpe(cm-1) =  1509.8     g = 1
   72  Vibrator  Freq(obs)= 3020.45  Freq(har)= 3020.45  Anh(cm-1)=    0.00  zpe(cm-1) =  1510.2     g = 1
   73  Vibrator  Freq(obs)= 3026.89  Freq(har)= 3026.89  Anh(cm-1)=    0.00  zpe(cm-1) =  1513.4     g = 1
   74  Vibrator  Freq(obs)= 3027.63  Freq(har)= 3027.63  Anh(cm-1)=    0.00  zpe(cm-1) =  1513.8     g = 1
   75  Vibrator  Freq(obs)= 3054.34  Freq(har)= 3054.34  Anh(cm-1)=    0.00  zpe(cm-1) =  1527.2     g = 1
   76  Vibrator  Freq(obs)= 3059.09  Freq(har)= 3059.09  Anh(cm-1)=    0.00  zpe(cm-1) =  1529.5     g = 1
   77  Vibrator  Freq(obs)= 3073.06  Freq(har)= 3073.06  Anh(cm-1)=    0.00  zpe(cm-1) =  1536.5     g = 1
   78  Vibrator  Freq(obs)= 3078.88  Freq(har)= 3078.88  Anh(cm-1)=    0.00  zpe(cm-1) =  1539.4     g = 1
   79  Vibrator  Freq(obs)= 3080.71  Freq(har)= 3080.71  Anh(cm-1)=    0.00  zpe(cm-1) =  1540.4     g = 1
   80  Vibrator  Freq(obs)= 3083.63  Freq(har)= 3083.63  Anh(cm-1)=    0.00  zpe(cm-1) =  1541.8     g = 1
   81  Vibrator  Freq(obs)= 3093.49  Freq(har)= 3093.49  Anh(cm-1)=    0.00  zpe(cm-1) =  1546.7     g = 1
   82  Vibrator  Freq(obs)= 3094.33  Freq(har)= 3094.33  Anh(cm-1)=    0.00  zpe(cm-1) =  1547.2     g = 1
   83  Vibrator  Freq(obs)= 3101.37  Freq(har)= 3101.37  Anh(cm-1)=    0.00  zpe(cm-1) =  1550.7     g = 1
   84  Quan.Rot  AmuAng^2 =  284.89  Symm =  1.   dim = 1  B =  0.0592 cm-1
   85  Quan.Rot  AmuAng^2 = 1227.19  Symm =  1.   dim = 2  B =  0.0137 cm-1


*  *  *  *  *  *  *  *  *  *  *  *  *  *  *  *  *  *  *  *  *  *  *  *  *  *  *  *  *  *  *  *  *  *  *

THERMODYNAMIC QUANTITIES          Std. State = molecule/cc 
   Entropy & Cp units: cal/K/mole
   DelS         units: cal/K/mole
   [H(T)-H(0)]  units: kcal/mole
   DelH & DelG  units: kcal/mole

Species Properties
                              ----Enthalpy----
 TYPE  NAME         Mol.Wt.    (O K)  (298.15 K) DelG(298)  ZPE(cm-1) Symmetry  opt.isomers
 reac  C9H18O_1    142.241      0.00    -12.70     21.17      55631.8      1         1
 reac  OH           17.007      0.00      0.01    -27.18       1852.4      1         1
 ctst  TS_1_O1     159.249     65.58     51.39     95.89      57685.8      1         1
                             ------- ---------  --------      -------
     NET (prod - react):       65.58     64.09    101.90        201.7


               RATE k(T) = A*exp(B/T) (molecule/cc )**(-1) * sec-1                            C9H18O_1 (reac)                            OH (reac)                       TS_1_O1 (ctst)
        T(K)      k(T)      A(T)       B(T)    DelS(rxn) DelH(rxn) DelCp(rxn) DelG(rxn)     Qelectr  Entropy  Cp  [H(T)-H(0)]    Qelectr  Entropy  Cp  [H(T)-H(0)]    Qelectr  Entropy  Cp  [H(T)-H(0)]
      298.15   2.385E-58   3.119E-27  -21362.   -126.81    64.09      -2.80     101.90        1.00   204.36    48.33     8.81      2.00   131.31     6.96     2.06      2.00   208.86    52.48     9.37
      300.00   3.716E-58   4.988E-27  -21502.   -126.82    64.08      -2.77     102.13        1.00   204.65    48.57     8.90      2.00   131.34     6.96     2.07      2.00   209.17    52.76     9.47
      400.00   4.102E-49   4.562E-18  -28595.   -126.85    63.88      -1.39     114.62        1.00   219.92    62.20    14.44      2.00   132.77     6.96     2.76      2.00   225.84    67.77    15.49
      450.00   1.469E-45   2.019E-16  -30192.   -126.74    63.82      -0.83     120.86        1.00   227.39    68.76    17.71      2.00   133.36     6.96     3.11      2.00   234.00    74.89    19.06
      500.00   1.333E-42   1.258E-15  -31056.   -126.60    63.79      -0.36     127.09        1.00   234.75    74.93    21.31      2.00   133.88     6.96     3.46      2.00   242.03    81.53    22.98
      550.00   3.958E-40   3.413E-15  -31579.   -126.42    63.78       0.02     133.32        1.00   241.97    80.67    25.20      2.00   134.35     6.97     3.81      2.00   249.90    87.66    27.21
      600.00   4.863E-38   6.547E-15  -31954.   -126.23    63.79       0.34     139.53        1.00   249.05    85.96    29.37      2.00   134.79     6.98     4.16      2.00   257.60    93.29    31.73
      650.00   2.973E-36   1.055E-14  -32253.   -126.04    63.82       0.61     145.74        1.00   255.97    90.85    33.79      2.00   135.19     6.99     4.51      2.00   265.12    98.45    36.53
      700.00   1.041E-34   1.537E-14  -32509.   -125.84    63.85       0.82     151.94        1.00   262.72    95.37    38.45      2.00   135.56     7.01     4.86      2.00   272.44   103.20    41.57
      750.00   2.321E-33   1.775E-14  -32611.   -125.64    63.90       1.00     158.13        1.00   269.31    99.54    43.32      2.00   135.91     7.04     5.21      2.00   279.58   107.57    46.85
      800.00   3.575E-32   2.760E-14  -32950.   -125.44    63.95       1.14     164.30        1.00   275.73   103.40    48.40      2.00   136.23     7.07     5.56      2.00   286.52   111.61    52.33
      850.00   4.052E-31   3.510E-14  -33150.   -125.25    64.01       1.25     170.47        1.00   281.99   106.98    53.66      2.00   136.54     7.10     5.91      2.00   293.28   115.34    58.00
      900.00   3.552E-30   4.359E-14  -33341.   -125.06    64.08       1.34     176.63        1.00   288.08   110.31    59.09      2.00   136.84     7.14     6.27      2.00   299.86   118.79    63.86
     1000.00   1.466E-28   6.371E-14  -33705.   -124.70    64.22       1.47     188.92        1.00   299.81   116.26    70.43      2.00   137.38     7.23     6.99      2.00   312.49   124.96    76.05
     1100.00   3.178E-27   8.839E-14  -34052.   -124.37    64.37       1.54     201.17        1.00   310.95   121.41    82.32      2.00   137.89     7.33     7.72      2.00   324.47   130.28    88.82
     1200.00   4.233E-26   1.180E-13  -34387.   -124.06    64.53       1.58     213.40        1.00   321.54   125.86    94.69      2.00   138.36     7.43     8.46      2.00   335.84   134.86   102.09
     1300.00   3.866E-25   1.527E-13  -34713.   -123.77    64.69       1.59     225.59        1.00   331.61   129.72   107.47      2.00   138.80     7.53     9.20      2.00   346.63   138.83   115.78
     1400.00   2.620E-24   1.928E-13  -35030.   -123.51    64.84       1.59     237.75        1.00   341.20   133.07   120.62      2.00   139.21     7.62     9.96      2.00   356.90   142.28   129.84
     1500.00   1.396E-23   2.386E-13  -35342.   -123.26    65.00       1.57     249.89        1.00   350.34   135.98   134.08      2.00   139.60     7.72    10.73      2.00   366.69   145.27   144.22
     1600.00   6.116E-23   2.902E-13  -35649.   -123.03    65.16       1.55     262.01        1.00   359.07   138.53   147.80      2.00   139.98     7.80    11.50      2.00   376.02   147.88   158.88
     1700.00   2.277E-22   3.479E-13  -35950.   -122.82    65.31       1.53     274.10        1.00   367.42   140.76   161.77      2.00   140.33     7.88    12.29      2.00   384.93   150.17   173.79
     1800.00   7.396E-22   4.116E-13  -36247.   -122.62    65.46       1.50     286.18        1.00   375.41   142.71   175.95      2.00   140.67     7.96    13.08      2.00   393.46   152.18   188.91
     1900.00   2.141E-21   4.819E-13  -36541.   -122.43    65.61       1.48     298.23        1.00   383.06   144.44   190.31      2.00   141.00     8.03    13.88      2.00   401.63   153.94   204.22
     2000.00   5.615E-21   5.585E-13  -36831.   -122.25    65.76       1.45     310.27        1.00   390.41   145.97   204.83      2.00   141.31     8.09    14.69      2.00   409.46   155.51   219.70
     2100.00   1.353E-20   6.421E-13  -37119.   -122.09    65.90       1.43     322.28        1.00   397.47   147.32   219.50      2.00   141.61     8.15    15.50      2.00   416.99   156.90   235.32
     2200.00   3.027E-20   7.320E-13  -37403.   -121.93    66.04       1.40     334.29        1.00   404.26   148.53   234.30      2.00   141.89     8.20    16.32      2.00   424.22   158.13   251.07
     2300.00   6.350E-20   8.291E-13  -37685.   -121.78    66.18       1.38     346.27        1.00   410.80   149.61   249.21      2.00   142.17     8.25    17.14      2.00   431.19   159.24   266.94
     2400.00   1.259E-19   9.334E-13  -37965.   -121.63    66.32       1.36     358.24        1.00   417.10   150.57   264.22      2.00   142.44     8.29    17.97      2.00   437.90   160.23   282.92
     2500.00   2.374E-19   1.045E-12  -38244.   -121.50    66.46       1.34     370.20        1.00   423.18   151.44   279.32      2.00   142.70     8.33    18.80      2.00   444.38   161.11   298.99
